// Jest Snapshot v1, https://goo.gl/fbAQLP

exports[`renders a snapshot 1`] = `
<table
  className="table table-sm weather-forecast-summary"
>
  <thead
    className="table-heading"
  >
    <tr>
      <td>
        Location
      </td>
      <td
        align="center"
      >
        <button
          onClick={[Function]}
          type="button"
        >
          SAT 17
        </button>
      </td>
      <td
        align="center"
      >
        <button
          onClick={[Function]}
          type="button"
        >
          SUN 18
        </button>
      </td>
      <td
        align="center"
      >
        <button
          onClick={[Function]}
          type="button"
        >
          MON 19
        </button>
      </td>
      <td
        align="center"
      >
        <button
          onClick={[Function]}
          type="button"
        >
          TUE 20
        </button>
      </td>
      <td
        align="center"
      >
        <button
          onClick={[Function]}
          type="button"
        >
          WED 21
        </button>
      </td>
      <td
        align="center"
      >
        <button
          onClick={[Function]}
          type="button"
        >
          THU 22
        </button>
      </td>
      <td
        align="center"
      >
        <button
          onClick={[Function]}
          type="button"
        >
          FRI 23
        </button>
      </td>
      <td
        align="center"
      >
        <button
          onClick={[Function]}
          type="button"
        >
          SAT 24
        </button>
      </td>
      <td
        align="center"
      >
        <button
          onClick={[Function]}
          type="button"
        >
          SUN 25
        </button>
      </td>
      <td
        align="center"
      >
        <button
          onClick={[Function]}
          type="button"
        >
          MON 26
        </button>
      </td>
      <td
        align="center"
      >
        <button
          onClick={[Function]}
          type="button"
        >
          TUE 27
        </button>
      </td>
      <td
        align="center"
      >
        <button
          onClick={[Function]}
          type="button"
        >
          WED 28
        </button>
      </td>
      <td
        align="center"
      >
        <button
          onClick={[Function]}
          type="button"
        >
          THU 29
        </button>
      </td>
      <td
        align="center"
      >
        <button
          onClick={[Function]}
          type="button"
        >
          FRI 30
        </button>
      </td>
      <td
        align="center"
      >
        <button
          onClick={[Function]}
          type="button"
        >
          SAT 01
        </button>
      </td>
    </tr>
  </thead>
  <tbody>
    <tr
      className="region-details"
    >
      <td
        align="center"
        colSpan={16}
      >
        Cities
      </td>
    </tr>
    <tr
      className="weather-cell"
    >
      <td
        className="weather-cell"
      >
        <button
          onClick={[Function]}
          type="button"
        >
          SEATTLE CITY
        </button>
      </td>
      <td
        className="weather-cell center  weekend "
      >
        <i
          className="wi weather-icon wi-day-sunny day-sunny "
          title="Clear conditions throughout the day."
        />
      </td>
      <td
        className="weather-cell center  weekend "
      >
        <i
          className="wi weather-icon wi-day-sunny day-sunny "
          title="Clear conditions throughout the day."
        />
      </td>
      <td
        className="weather-cell center  "
      >
        <i
          className="wi weather-icon wi-day-sunny day-sunny "
          title="Clear conditions throughout the day."
        />
      </td>
      <td
        className="weather-cell center  "
      >
        <i
          className="wi weather-icon wi-day-cloudy day-cloudy "
          title="Partly cloudy throughout the day."
        />
      </td>
      <td
        className="weather-cell center  "
      >
        <i
          className="wi weather-icon wi-day-cloudy day-cloudy "
          title="Partly cloudy throughout the day."
        />
      </td>
      <td
        className="weather-cell center  "
      >
        <i
          className="wi weather-icon wi-rain rain "
          title="Partly cloudy throughout the day with a chance of rain."
        />
      </td>
      <td
        className="weather-cell center  "
      >
        <i
          className="wi weather-icon wi-rain rain "
          title="Partly cloudy throughout the day with morning rain."
        />
      </td>
      <td
        className="weather-cell center  weekend "
      >
        <i
          className="wi weather-icon wi-rain rain "
          title="Cloudy skies throughout the day with a chance of rain."
        />
      </td>
      <td
        className="weather-cell center  weekend "
      >
        <i
          className="wi weather-icon wi-rain rain "
          title="Cloudy skies throughout the day with a chance of rain throughout the day."
        />
      </td>
      <td
        className="weather-cell center  "
      >
        <i
          className="wi weather-icon wi-rain rain "
          title="Partly cloudy throughout the day with rain in the morning and afternoon."
        />
      </td>
      <td
        className="weather-cell center  "
      >
        <i
          className="wi weather-icon wi-cloudy cloudy sunshine-50"
          title="Partly cloudy throughout the day."
        />
      </td>
      <td
        className="weather-cell center  "
      >
        <i
          className="wi weather-icon wi-cloudy cloudy sunshine-50"
          title="Cloudy skies throughout the day."
        />
      </td>
      <td
        className="weather-cell center  "
      >
        <i
          className="wi weather-icon wi-cloudy cloudy sunshine-50"
          title="Partly cloudy throughout the day."
        />
      </td>
      <td
        className="weather-cell center  "
      >
        <i
          className="wi weather-icon wi-cloudy cloudy sunshine-50"
          title="Cloudy skies throughout the day."
        />
      </td>
      <td
        className="weather-cell center  weekend "
      >
        <i
          className="wi weather-icon wi-cloudy cloudy sunshine-10"
          title="Partly cloudy throughout the day."
        />
      </td>
    </tr>
    <tr
      className="weather-cell"
    >
      <td
        className="weather-cell"
      >
        <button
          onClick={[Function]}
          type="button"
        >
          BONNEY LAKE
        </button>
      </td>
      <td
        className="weather-cell center  weekend "
      >
        <i
          className="wi weather-icon wi-day-sunny day-sunny "
          title="Clear conditions throughout the day."
        />
      </td>
      <td
        className="weather-cell center  weekend "
      >
        <i
          className="wi weather-icon wi-day-sunny day-sunny "
          title="Clear conditions throughout the day."
        />
      </td>
      <td
        className="weather-cell center  "
      >
        <i
          className="wi weather-icon wi-day-sunny day-sunny "
          title="Clear conditions throughout the day."
        />
      </td>
      <td
        className="weather-cell center  "
      >
        <i
          className="wi weather-icon wi-rain rain "
          title="Partly cloudy throughout the day with rain in the morning and afternoon."
        />
      </td>
      <td
        className="weather-cell center  "
      >
        <i
          className="wi weather-icon wi-day-cloudy day-cloudy "
          title="Partly cloudy throughout the day."
        />
      </td>
      <td
        className="weather-cell center  "
      >
        <i
          className="wi weather-icon wi-rain rain "
          title="Partly cloudy throughout the day with a chance of rain."
        />
      </td>
      <td
        className="weather-cell center  "
      >
        <i
          className="wi weather-icon wi-rain rain "
          title="Partly cloudy throughout the day with rain."
        />
      </td>
      <td
        className="weather-cell center  weekend "
      >
        <i
          className="wi weather-icon wi-rain rain "
          title="Cloudy skies throughout the day with rain."
        />
      </td>
      <td
        className="weather-cell center  weekend "
      >
        <i
          className="wi weather-icon wi-rain rain "
          title="Cloudy skies throughout the day with a chance of rain."
        />
      </td>
      <td
        className="weather-cell center  "
      >
        <i
          className="wi weather-icon wi-rain rain "
          title="Cloudy skies throughout the day with a chance of rain."
        />
      </td>
      <td
        className="weather-cell center  "
      >
        <i
          className="wi weather-icon wi-rain rain "
          title="Partly cloudy throughout the day with a chance of rain."
        />
      </td>
      <td
        className="weather-cell center  "
      >
        <i
          className="wi weather-icon wi-rain rain "
          title="Cloudy skies throughout the day with rain in the morning and afternoon."
        />
      </td>
      <td
        className="weather-cell center  "
      >
        <i
          className="wi weather-icon wi-cloudy cloudy sunshine-50"
          title="Partly cloudy throughout the day."
        />
      </td>
      <td
        className="weather-cell center  "
      >
        <i
          className="wi weather-icon wi-cloudy cloudy sunshine-50"
          title="Cloudy skies throughout the day."
        />
      </td>
      <td
        className="weather-cell center  weekend "
      >
        <i
          className="wi weather-icon wi-cloudy cloudy sunshine-10"
          title="Clearing in the afternoon."
        />
      </td>
    </tr>
  </tbody>
</table>
`;
