// Jest Snapshot v1, https://goo.gl/fbAQLP

exports[`renders a snapshot 1`] = `
Array [
  <div
    id="top"
  />,
  <table
    className="MuiTable-root table table-sm weather-forecast-summary css-rqglhn-MuiTable-root"
    role={null}
  >
    <thead
      className="MuiTableHead-root table-heading css-15wwp11-MuiTableHead-root"
      role={null}
    >
      <tr
        className="MuiTableRow-root MuiTableRow-head css-1q1u3t4-MuiTableRow-root"
        role={null}
      >
        <th
          aria-sort={null}
          className="MuiTableCell-root MuiTableCell-head MuiTableCell-sizeMedium css-1ygcj2i-MuiTableCell-root"
          scope="col"
        >
          Location
        </th>
        <th
          aria-sort={null}
          className="MuiTableCell-root MuiTableCell-head MuiTableCell-sizeMedium css-1ygcj2i-MuiTableCell-root"
          scope="col"
        >
          <div
            className="StyledBox-sc-13pk1d4-0 iNDmPr"
          >
            <div
              className="StyledBox-sc-13pk1d4-0 bsRcKz"
            >
              <button
                className="MuiButton-root MuiButton-text MuiButton-textPrimary MuiButton-sizeMedium MuiButton-textSizeMedium MuiButtonBase-root  css-1e6y48t-MuiButtonBase-root-MuiButton-root"
                disabled={false}
                onBlur={[Function]}
                onClick={[Function]}
                onContextMenu={[Function]}
                onDragLeave={[Function]}
                onFocus={[Function]}
                onKeyDown={[Function]}
                onKeyUp={[Function]}
                onMouseDown={[Function]}
                onMouseLeave={[Function]}
                onMouseUp={[Function]}
                onTouchEnd={[Function]}
                onTouchMove={[Function]}
                onTouchStart={[Function]}
                tabIndex={0}
                type="button"
              >
                <svg
                  aria-hidden={true}
                  className="MuiSvgIcon-root MuiSvgIcon-fontSizeMedium css-i4bv87-MuiSvgIcon-root"
                  data-testid="BookmarkBorderIcon"
                  focusable="false"
                  style={
                    Object {
                      "color": "grey",
                      "fontSize": 25,
                    }
                  }
                  viewBox="0 0 24 24"
                >
                  <path
                    d="M17 3H7c-1.1 0-1.99.9-1.99 2L5 21l7-3 7 3V5c0-1.1-.9-2-2-2zm0 15-5-2.18L7 18V5h10v13z"
                  />
                </svg>
              </button>
            </div>
            <div
              className="StyledBox-sc-13pk1d4-0 iNDmPr"
            >
              SAT 17
            </div>
          </div>
        </th>
        <th
          aria-sort={null}
          className="MuiTableCell-root MuiTableCell-head MuiTableCell-sizeMedium css-1ygcj2i-MuiTableCell-root"
          scope="col"
        >
          <div
            className="StyledBox-sc-13pk1d4-0 iNDmPr"
          >
            <div
              className="StyledBox-sc-13pk1d4-0 bsRcKz"
            >
              <button
                className="MuiButton-root MuiButton-text MuiButton-textPrimary MuiButton-sizeMedium MuiButton-textSizeMedium MuiButtonBase-root  css-1e6y48t-MuiButtonBase-root-MuiButton-root"
                disabled={false}
                onBlur={[Function]}
                onClick={[Function]}
                onContextMenu={[Function]}
                onDragLeave={[Function]}
                onFocus={[Function]}
                onKeyDown={[Function]}
                onKeyUp={[Function]}
                onMouseDown={[Function]}
                onMouseLeave={[Function]}
                onMouseUp={[Function]}
                onTouchEnd={[Function]}
                onTouchMove={[Function]}
                onTouchStart={[Function]}
                tabIndex={0}
                type="button"
              >
                <svg
                  aria-hidden={true}
                  className="MuiSvgIcon-root MuiSvgIcon-fontSizeMedium css-i4bv87-MuiSvgIcon-root"
                  data-testid="BookmarkBorderIcon"
                  focusable="false"
                  style={
                    Object {
                      "color": "grey",
                      "fontSize": 25,
                    }
                  }
                  viewBox="0 0 24 24"
                >
                  <path
                    d="M17 3H7c-1.1 0-1.99.9-1.99 2L5 21l7-3 7 3V5c0-1.1-.9-2-2-2zm0 15-5-2.18L7 18V5h10v13z"
                  />
                </svg>
              </button>
            </div>
            <div
              className="StyledBox-sc-13pk1d4-0 iNDmPr"
            >
              SUN 18
            </div>
          </div>
        </th>
        <th
          aria-sort={null}
          className="MuiTableCell-root MuiTableCell-head MuiTableCell-sizeMedium css-1ygcj2i-MuiTableCell-root"
          scope="col"
        >
          <div
            className="StyledBox-sc-13pk1d4-0 iNDmPr"
          >
            <div
              className="StyledBox-sc-13pk1d4-0 bsRcKz"
            >
              <button
                className="MuiButton-root MuiButton-text MuiButton-textPrimary MuiButton-sizeMedium MuiButton-textSizeMedium MuiButtonBase-root  css-1e6y48t-MuiButtonBase-root-MuiButton-root"
                disabled={false}
                onBlur={[Function]}
                onClick={[Function]}
                onContextMenu={[Function]}
                onDragLeave={[Function]}
                onFocus={[Function]}
                onKeyDown={[Function]}
                onKeyUp={[Function]}
                onMouseDown={[Function]}
                onMouseLeave={[Function]}
                onMouseUp={[Function]}
                onTouchEnd={[Function]}
                onTouchMove={[Function]}
                onTouchStart={[Function]}
                tabIndex={0}
                type="button"
              >
                <svg
                  aria-hidden={true}
                  className="MuiSvgIcon-root MuiSvgIcon-fontSizeMedium css-i4bv87-MuiSvgIcon-root"
                  data-testid="BookmarkBorderIcon"
                  focusable="false"
                  style={
                    Object {
                      "color": "grey",
                      "fontSize": 25,
                    }
                  }
                  viewBox="0 0 24 24"
                >
                  <path
                    d="M17 3H7c-1.1 0-1.99.9-1.99 2L5 21l7-3 7 3V5c0-1.1-.9-2-2-2zm0 15-5-2.18L7 18V5h10v13z"
                  />
                </svg>
              </button>
            </div>
            <div
              className="StyledBox-sc-13pk1d4-0 iNDmPr"
            >
              MON 19
            </div>
          </div>
        </th>
        <th
          aria-sort={null}
          className="MuiTableCell-root MuiTableCell-head MuiTableCell-sizeMedium css-1ygcj2i-MuiTableCell-root"
          scope="col"
        >
          <div
            className="StyledBox-sc-13pk1d4-0 iNDmPr"
          >
            <div
              className="StyledBox-sc-13pk1d4-0 bsRcKz"
            >
              <button
                className="MuiButton-root MuiButton-text MuiButton-textPrimary MuiButton-sizeMedium MuiButton-textSizeMedium MuiButtonBase-root  css-1e6y48t-MuiButtonBase-root-MuiButton-root"
                disabled={false}
                onBlur={[Function]}
                onClick={[Function]}
                onContextMenu={[Function]}
                onDragLeave={[Function]}
                onFocus={[Function]}
                onKeyDown={[Function]}
                onKeyUp={[Function]}
                onMouseDown={[Function]}
                onMouseLeave={[Function]}
                onMouseUp={[Function]}
                onTouchEnd={[Function]}
                onTouchMove={[Function]}
                onTouchStart={[Function]}
                tabIndex={0}
                type="button"
              >
                <svg
                  aria-hidden={true}
                  className="MuiSvgIcon-root MuiSvgIcon-fontSizeMedium css-i4bv87-MuiSvgIcon-root"
                  data-testid="BookmarkBorderIcon"
                  focusable="false"
                  style={
                    Object {
                      "color": "grey",
                      "fontSize": 25,
                    }
                  }
                  viewBox="0 0 24 24"
                >
                  <path
                    d="M17 3H7c-1.1 0-1.99.9-1.99 2L5 21l7-3 7 3V5c0-1.1-.9-2-2-2zm0 15-5-2.18L7 18V5h10v13z"
                  />
                </svg>
              </button>
            </div>
            <div
              className="StyledBox-sc-13pk1d4-0 iNDmPr"
            >
              TUE 20
            </div>
          </div>
        </th>
        <th
          aria-sort={null}
          className="MuiTableCell-root MuiTableCell-head MuiTableCell-sizeMedium css-1ygcj2i-MuiTableCell-root"
          scope="col"
        >
          <div
            className="StyledBox-sc-13pk1d4-0 iNDmPr"
          >
            <div
              className="StyledBox-sc-13pk1d4-0 bsRcKz"
            >
              <button
                className="MuiButton-root MuiButton-text MuiButton-textPrimary MuiButton-sizeMedium MuiButton-textSizeMedium MuiButtonBase-root  css-1e6y48t-MuiButtonBase-root-MuiButton-root"
                disabled={false}
                onBlur={[Function]}
                onClick={[Function]}
                onContextMenu={[Function]}
                onDragLeave={[Function]}
                onFocus={[Function]}
                onKeyDown={[Function]}
                onKeyUp={[Function]}
                onMouseDown={[Function]}
                onMouseLeave={[Function]}
                onMouseUp={[Function]}
                onTouchEnd={[Function]}
                onTouchMove={[Function]}
                onTouchStart={[Function]}
                tabIndex={0}
                type="button"
              >
                <svg
                  aria-hidden={true}
                  className="MuiSvgIcon-root MuiSvgIcon-fontSizeMedium css-i4bv87-MuiSvgIcon-root"
                  data-testid="BookmarkBorderIcon"
                  focusable="false"
                  style={
                    Object {
                      "color": "grey",
                      "fontSize": 25,
                    }
                  }
                  viewBox="0 0 24 24"
                >
                  <path
                    d="M17 3H7c-1.1 0-1.99.9-1.99 2L5 21l7-3 7 3V5c0-1.1-.9-2-2-2zm0 15-5-2.18L7 18V5h10v13z"
                  />
                </svg>
              </button>
            </div>
            <div
              className="StyledBox-sc-13pk1d4-0 iNDmPr"
            >
              WED 21
            </div>
          </div>
        </th>
        <th
          aria-sort={null}
          className="MuiTableCell-root MuiTableCell-head MuiTableCell-sizeMedium css-1ygcj2i-MuiTableCell-root"
          scope="col"
        >
          <div
            className="StyledBox-sc-13pk1d4-0 iNDmPr"
          >
            <div
              className="StyledBox-sc-13pk1d4-0 bsRcKz"
            >
              <button
                className="MuiButton-root MuiButton-text MuiButton-textPrimary MuiButton-sizeMedium MuiButton-textSizeMedium MuiButtonBase-root  css-1e6y48t-MuiButtonBase-root-MuiButton-root"
                disabled={false}
                onBlur={[Function]}
                onClick={[Function]}
                onContextMenu={[Function]}
                onDragLeave={[Function]}
                onFocus={[Function]}
                onKeyDown={[Function]}
                onKeyUp={[Function]}
                onMouseDown={[Function]}
                onMouseLeave={[Function]}
                onMouseUp={[Function]}
                onTouchEnd={[Function]}
                onTouchMove={[Function]}
                onTouchStart={[Function]}
                tabIndex={0}
                type="button"
              >
                <svg
                  aria-hidden={true}
                  className="MuiSvgIcon-root MuiSvgIcon-fontSizeMedium css-i4bv87-MuiSvgIcon-root"
                  data-testid="BookmarkBorderIcon"
                  focusable="false"
                  style={
                    Object {
                      "color": "grey",
                      "fontSize": 25,
                    }
                  }
                  viewBox="0 0 24 24"
                >
                  <path
                    d="M17 3H7c-1.1 0-1.99.9-1.99 2L5 21l7-3 7 3V5c0-1.1-.9-2-2-2zm0 15-5-2.18L7 18V5h10v13z"
                  />
                </svg>
              </button>
            </div>
            <div
              className="StyledBox-sc-13pk1d4-0 iNDmPr"
            >
              THU 22
            </div>
          </div>
        </th>
        <th
          aria-sort={null}
          className="MuiTableCell-root MuiTableCell-head MuiTableCell-sizeMedium css-1ygcj2i-MuiTableCell-root"
          scope="col"
        >
          <div
            className="StyledBox-sc-13pk1d4-0 iNDmPr"
          >
            <div
              className="StyledBox-sc-13pk1d4-0 bsRcKz"
            >
              <button
                className="MuiButton-root MuiButton-text MuiButton-textPrimary MuiButton-sizeMedium MuiButton-textSizeMedium MuiButtonBase-root  css-1e6y48t-MuiButtonBase-root-MuiButton-root"
                disabled={false}
                onBlur={[Function]}
                onClick={[Function]}
                onContextMenu={[Function]}
                onDragLeave={[Function]}
                onFocus={[Function]}
                onKeyDown={[Function]}
                onKeyUp={[Function]}
                onMouseDown={[Function]}
                onMouseLeave={[Function]}
                onMouseUp={[Function]}
                onTouchEnd={[Function]}
                onTouchMove={[Function]}
                onTouchStart={[Function]}
                tabIndex={0}
                type="button"
              >
                <svg
                  aria-hidden={true}
                  className="MuiSvgIcon-root MuiSvgIcon-fontSizeMedium css-i4bv87-MuiSvgIcon-root"
                  data-testid="BookmarkBorderIcon"
                  focusable="false"
                  style={
                    Object {
                      "color": "grey",
                      "fontSize": 25,
                    }
                  }
                  viewBox="0 0 24 24"
                >
                  <path
                    d="M17 3H7c-1.1 0-1.99.9-1.99 2L5 21l7-3 7 3V5c0-1.1-.9-2-2-2zm0 15-5-2.18L7 18V5h10v13z"
                  />
                </svg>
              </button>
            </div>
            <div
              className="StyledBox-sc-13pk1d4-0 iNDmPr"
            >
              FRI 23
            </div>
          </div>
        </th>
        <th
          aria-sort={null}
          className="MuiTableCell-root MuiTableCell-head MuiTableCell-sizeMedium css-1ygcj2i-MuiTableCell-root"
          scope="col"
        >
          <div
            className="StyledBox-sc-13pk1d4-0 iNDmPr"
          >
            <div
              className="StyledBox-sc-13pk1d4-0 bsRcKz"
            >
              <button
                className="MuiButton-root MuiButton-text MuiButton-textPrimary MuiButton-sizeMedium MuiButton-textSizeMedium MuiButtonBase-root  css-1e6y48t-MuiButtonBase-root-MuiButton-root"
                disabled={false}
                onBlur={[Function]}
                onClick={[Function]}
                onContextMenu={[Function]}
                onDragLeave={[Function]}
                onFocus={[Function]}
                onKeyDown={[Function]}
                onKeyUp={[Function]}
                onMouseDown={[Function]}
                onMouseLeave={[Function]}
                onMouseUp={[Function]}
                onTouchEnd={[Function]}
                onTouchMove={[Function]}
                onTouchStart={[Function]}
                tabIndex={0}
                type="button"
              >
                <svg
                  aria-hidden={true}
                  className="MuiSvgIcon-root MuiSvgIcon-fontSizeMedium css-i4bv87-MuiSvgIcon-root"
                  data-testid="BookmarkBorderIcon"
                  focusable="false"
                  style={
                    Object {
                      "color": "grey",
                      "fontSize": 25,
                    }
                  }
                  viewBox="0 0 24 24"
                >
                  <path
                    d="M17 3H7c-1.1 0-1.99.9-1.99 2L5 21l7-3 7 3V5c0-1.1-.9-2-2-2zm0 15-5-2.18L7 18V5h10v13z"
                  />
                </svg>
              </button>
            </div>
            <div
              className="StyledBox-sc-13pk1d4-0 iNDmPr"
            >
              SAT 24
            </div>
          </div>
        </th>
        <th
          aria-sort={null}
          className="MuiTableCell-root MuiTableCell-head MuiTableCell-sizeMedium css-1ygcj2i-MuiTableCell-root"
          scope="col"
        >
          <div
            className="StyledBox-sc-13pk1d4-0 iNDmPr"
          >
            <div
              className="StyledBox-sc-13pk1d4-0 bsRcKz"
            >
              <button
                className="MuiButton-root MuiButton-text MuiButton-textPrimary MuiButton-sizeMedium MuiButton-textSizeMedium MuiButtonBase-root  css-1e6y48t-MuiButtonBase-root-MuiButton-root"
                disabled={false}
                onBlur={[Function]}
                onClick={[Function]}
                onContextMenu={[Function]}
                onDragLeave={[Function]}
                onFocus={[Function]}
                onKeyDown={[Function]}
                onKeyUp={[Function]}
                onMouseDown={[Function]}
                onMouseLeave={[Function]}
                onMouseUp={[Function]}
                onTouchEnd={[Function]}
                onTouchMove={[Function]}
                onTouchStart={[Function]}
                tabIndex={0}
                type="button"
              >
                <svg
                  aria-hidden={true}
                  className="MuiSvgIcon-root MuiSvgIcon-fontSizeMedium css-i4bv87-MuiSvgIcon-root"
                  data-testid="BookmarkBorderIcon"
                  focusable="false"
                  style={
                    Object {
                      "color": "grey",
                      "fontSize": 25,
                    }
                  }
                  viewBox="0 0 24 24"
                >
                  <path
                    d="M17 3H7c-1.1 0-1.99.9-1.99 2L5 21l7-3 7 3V5c0-1.1-.9-2-2-2zm0 15-5-2.18L7 18V5h10v13z"
                  />
                </svg>
              </button>
            </div>
            <div
              className="StyledBox-sc-13pk1d4-0 iNDmPr"
            >
              SUN 25
            </div>
          </div>
        </th>
        <th
          aria-sort={null}
          className="MuiTableCell-root MuiTableCell-head MuiTableCell-sizeMedium css-1ygcj2i-MuiTableCell-root"
          scope="col"
        >
          <div
            className="StyledBox-sc-13pk1d4-0 iNDmPr"
          >
            <div
              className="StyledBox-sc-13pk1d4-0 bsRcKz"
            >
              <button
                className="MuiButton-root MuiButton-text MuiButton-textPrimary MuiButton-sizeMedium MuiButton-textSizeMedium MuiButtonBase-root  css-1e6y48t-MuiButtonBase-root-MuiButton-root"
                disabled={false}
                onBlur={[Function]}
                onClick={[Function]}
                onContextMenu={[Function]}
                onDragLeave={[Function]}
                onFocus={[Function]}
                onKeyDown={[Function]}
                onKeyUp={[Function]}
                onMouseDown={[Function]}
                onMouseLeave={[Function]}
                onMouseUp={[Function]}
                onTouchEnd={[Function]}
                onTouchMove={[Function]}
                onTouchStart={[Function]}
                tabIndex={0}
                type="button"
              >
                <svg
                  aria-hidden={true}
                  className="MuiSvgIcon-root MuiSvgIcon-fontSizeMedium css-i4bv87-MuiSvgIcon-root"
                  data-testid="BookmarkBorderIcon"
                  focusable="false"
                  style={
                    Object {
                      "color": "grey",
                      "fontSize": 25,
                    }
                  }
                  viewBox="0 0 24 24"
                >
                  <path
                    d="M17 3H7c-1.1 0-1.99.9-1.99 2L5 21l7-3 7 3V5c0-1.1-.9-2-2-2zm0 15-5-2.18L7 18V5h10v13z"
                  />
                </svg>
              </button>
            </div>
            <div
              className="StyledBox-sc-13pk1d4-0 iNDmPr"
            >
              MON 26
            </div>
          </div>
        </th>
        <th
          aria-sort={null}
          className="MuiTableCell-root MuiTableCell-head MuiTableCell-sizeMedium css-1ygcj2i-MuiTableCell-root"
          scope="col"
        >
          <div
            className="StyledBox-sc-13pk1d4-0 iNDmPr"
          >
            <div
              className="StyledBox-sc-13pk1d4-0 bsRcKz"
            >
              <button
                className="MuiButton-root MuiButton-text MuiButton-textPrimary MuiButton-sizeMedium MuiButton-textSizeMedium MuiButtonBase-root  css-1e6y48t-MuiButtonBase-root-MuiButton-root"
                disabled={false}
                onBlur={[Function]}
                onClick={[Function]}
                onContextMenu={[Function]}
                onDragLeave={[Function]}
                onFocus={[Function]}
                onKeyDown={[Function]}
                onKeyUp={[Function]}
                onMouseDown={[Function]}
                onMouseLeave={[Function]}
                onMouseUp={[Function]}
                onTouchEnd={[Function]}
                onTouchMove={[Function]}
                onTouchStart={[Function]}
                tabIndex={0}
                type="button"
              >
                <svg
                  aria-hidden={true}
                  className="MuiSvgIcon-root MuiSvgIcon-fontSizeMedium css-i4bv87-MuiSvgIcon-root"
                  data-testid="BookmarkBorderIcon"
                  focusable="false"
                  style={
                    Object {
                      "color": "grey",
                      "fontSize": 25,
                    }
                  }
                  viewBox="0 0 24 24"
                >
                  <path
                    d="M17 3H7c-1.1 0-1.99.9-1.99 2L5 21l7-3 7 3V5c0-1.1-.9-2-2-2zm0 15-5-2.18L7 18V5h10v13z"
                  />
                </svg>
              </button>
            </div>
            <div
              className="StyledBox-sc-13pk1d4-0 iNDmPr"
            >
              TUE 27
            </div>
          </div>
        </th>
        <th
          aria-sort={null}
          className="MuiTableCell-root MuiTableCell-head MuiTableCell-sizeMedium css-1ygcj2i-MuiTableCell-root"
          scope="col"
        >
          <div
            className="StyledBox-sc-13pk1d4-0 iNDmPr"
          >
            <div
              className="StyledBox-sc-13pk1d4-0 bsRcKz"
            >
              <button
                className="MuiButton-root MuiButton-text MuiButton-textPrimary MuiButton-sizeMedium MuiButton-textSizeMedium MuiButtonBase-root  css-1e6y48t-MuiButtonBase-root-MuiButton-root"
                disabled={false}
                onBlur={[Function]}
                onClick={[Function]}
                onContextMenu={[Function]}
                onDragLeave={[Function]}
                onFocus={[Function]}
                onKeyDown={[Function]}
                onKeyUp={[Function]}
                onMouseDown={[Function]}
                onMouseLeave={[Function]}
                onMouseUp={[Function]}
                onTouchEnd={[Function]}
                onTouchMove={[Function]}
                onTouchStart={[Function]}
                tabIndex={0}
                type="button"
              >
                <svg
                  aria-hidden={true}
                  className="MuiSvgIcon-root MuiSvgIcon-fontSizeMedium css-i4bv87-MuiSvgIcon-root"
                  data-testid="BookmarkBorderIcon"
                  focusable="false"
                  style={
                    Object {
                      "color": "grey",
                      "fontSize": 25,
                    }
                  }
                  viewBox="0 0 24 24"
                >
                  <path
                    d="M17 3H7c-1.1 0-1.99.9-1.99 2L5 21l7-3 7 3V5c0-1.1-.9-2-2-2zm0 15-5-2.18L7 18V5h10v13z"
                  />
                </svg>
              </button>
            </div>
            <div
              className="StyledBox-sc-13pk1d4-0 iNDmPr"
            >
              WED 28
            </div>
          </div>
        </th>
        <th
          aria-sort={null}
          className="MuiTableCell-root MuiTableCell-head MuiTableCell-sizeMedium css-1ygcj2i-MuiTableCell-root"
          scope="col"
        >
          <div
            className="StyledBox-sc-13pk1d4-0 iNDmPr"
          >
            <div
              className="StyledBox-sc-13pk1d4-0 bsRcKz"
            >
              <button
                className="MuiButton-root MuiButton-text MuiButton-textPrimary MuiButton-sizeMedium MuiButton-textSizeMedium MuiButtonBase-root  css-1e6y48t-MuiButtonBase-root-MuiButton-root"
                disabled={false}
                onBlur={[Function]}
                onClick={[Function]}
                onContextMenu={[Function]}
                onDragLeave={[Function]}
                onFocus={[Function]}
                onKeyDown={[Function]}
                onKeyUp={[Function]}
                onMouseDown={[Function]}
                onMouseLeave={[Function]}
                onMouseUp={[Function]}
                onTouchEnd={[Function]}
                onTouchMove={[Function]}
                onTouchStart={[Function]}
                tabIndex={0}
                type="button"
              >
                <svg
                  aria-hidden={true}
                  className="MuiSvgIcon-root MuiSvgIcon-fontSizeMedium css-i4bv87-MuiSvgIcon-root"
                  data-testid="BookmarkBorderIcon"
                  focusable="false"
                  style={
                    Object {
                      "color": "grey",
                      "fontSize": 25,
                    }
                  }
                  viewBox="0 0 24 24"
                >
                  <path
                    d="M17 3H7c-1.1 0-1.99.9-1.99 2L5 21l7-3 7 3V5c0-1.1-.9-2-2-2zm0 15-5-2.18L7 18V5h10v13z"
                  />
                </svg>
              </button>
            </div>
            <div
              className="StyledBox-sc-13pk1d4-0 iNDmPr"
            >
              THU 29
            </div>
          </div>
        </th>
        <th
          aria-sort={null}
          className="MuiTableCell-root MuiTableCell-head MuiTableCell-sizeMedium css-1ygcj2i-MuiTableCell-root"
          scope="col"
        >
          <div
            className="StyledBox-sc-13pk1d4-0 iNDmPr"
          >
            <div
              className="StyledBox-sc-13pk1d4-0 bsRcKz"
            >
              <button
                className="MuiButton-root MuiButton-text MuiButton-textPrimary MuiButton-sizeMedium MuiButton-textSizeMedium MuiButtonBase-root  css-1e6y48t-MuiButtonBase-root-MuiButton-root"
                disabled={false}
                onBlur={[Function]}
                onClick={[Function]}
                onContextMenu={[Function]}
                onDragLeave={[Function]}
                onFocus={[Function]}
                onKeyDown={[Function]}
                onKeyUp={[Function]}
                onMouseDown={[Function]}
                onMouseLeave={[Function]}
                onMouseUp={[Function]}
                onTouchEnd={[Function]}
                onTouchMove={[Function]}
                onTouchStart={[Function]}
                tabIndex={0}
                type="button"
              >
                <svg
                  aria-hidden={true}
                  className="MuiSvgIcon-root MuiSvgIcon-fontSizeMedium css-i4bv87-MuiSvgIcon-root"
                  data-testid="BookmarkBorderIcon"
                  focusable="false"
                  style={
                    Object {
                      "color": "grey",
                      "fontSize": 25,
                    }
                  }
                  viewBox="0 0 24 24"
                >
                  <path
                    d="M17 3H7c-1.1 0-1.99.9-1.99 2L5 21l7-3 7 3V5c0-1.1-.9-2-2-2zm0 15-5-2.18L7 18V5h10v13z"
                  />
                </svg>
              </button>
            </div>
            <div
              className="StyledBox-sc-13pk1d4-0 iNDmPr"
            >
              FRI 30
            </div>
          </div>
        </th>
        <th
          aria-sort={null}
          className="MuiTableCell-root MuiTableCell-head MuiTableCell-sizeMedium css-1ygcj2i-MuiTableCell-root"
          scope="col"
        >
          <div
            className="StyledBox-sc-13pk1d4-0 iNDmPr"
          >
            <div
              className="StyledBox-sc-13pk1d4-0 bsRcKz"
            >
              <button
                className="MuiButton-root MuiButton-text MuiButton-textPrimary MuiButton-sizeMedium MuiButton-textSizeMedium MuiButtonBase-root  css-1e6y48t-MuiButtonBase-root-MuiButton-root"
                disabled={false}
                onBlur={[Function]}
                onClick={[Function]}
                onContextMenu={[Function]}
                onDragLeave={[Function]}
                onFocus={[Function]}
                onKeyDown={[Function]}
                onKeyUp={[Function]}
                onMouseDown={[Function]}
                onMouseLeave={[Function]}
                onMouseUp={[Function]}
                onTouchEnd={[Function]}
                onTouchMove={[Function]}
                onTouchStart={[Function]}
                tabIndex={0}
                type="button"
              >
                <svg
                  aria-hidden={true}
                  className="MuiSvgIcon-root MuiSvgIcon-fontSizeMedium css-i4bv87-MuiSvgIcon-root"
                  data-testid="BookmarkBorderIcon"
                  focusable="false"
                  style={
                    Object {
                      "color": "grey",
                      "fontSize": 25,
                    }
                  }
                  viewBox="0 0 24 24"
                >
                  <path
                    d="M17 3H7c-1.1 0-1.99.9-1.99 2L5 21l7-3 7 3V5c0-1.1-.9-2-2-2zm0 15-5-2.18L7 18V5h10v13z"
                  />
                </svg>
              </button>
            </div>
            <div
              className="StyledBox-sc-13pk1d4-0 iNDmPr"
            >
              SAT 01
            </div>
          </div>
        </th>
      </tr>
    </thead>
    <tbody
      className="MuiTableBody-root css-apqrd9-MuiTableBody-root"
      role={null}
    >
      <tr
        className="MuiTableRow-root region-details css-1q1u3t4-MuiTableRow-root"
        role={null}
      >
        <td
          aria-sort={null}
          className="MuiTableCell-root MuiTableCell-body MuiTableCell-alignCenter MuiTableCell-sizeMedium css-1yhpg23-MuiTableCell-root"
          colSpan={16}
        >
          Cities
        </td>
      </tr>
      <tr
        className="MuiTableRow-root weather-cell css-1q1u3t4-MuiTableRow-root"
        role={null}
      >
        <td
          aria-sort={null}
          className="MuiTableCell-root MuiTableCell-body MuiTableCell-sizeMedium weather-cell css-1ex1afd-MuiTableCell-root"
        >
          <a
            className="MuiTypography-root MuiTypography-inherit MuiLink-root MuiLink-underlineAlways css-1ps4owl-MuiTypography-root-MuiLink-root"
            href="#seattle"
            onBlur={[Function]}
            onFocus={[Function]}
          >
            SEATTLE CITY
          </a>
        </td>
        <td
          aria-sort={null}
          className="MuiTableCell-root MuiTableCell-body MuiTableCell-sizeMedium weather-cell center  weekend  css-1ex1afd-MuiTableCell-root"
        >
          <i
            className="wi weather-icon wi-day-sunny day-sunny "
            title="Clear conditions throughout the day."
          />
        </td>
        <td
          aria-sort={null}
          className="MuiTableCell-root MuiTableCell-body MuiTableCell-sizeMedium weather-cell center  weekend  css-1ex1afd-MuiTableCell-root"
        >
          <i
            className="wi weather-icon wi-day-sunny day-sunny "
            title="Clear conditions throughout the day."
          />
        </td>
        <td
          aria-sort={null}
          className="MuiTableCell-root MuiTableCell-body MuiTableCell-sizeMedium weather-cell center   css-1ex1afd-MuiTableCell-root"
        >
          <i
            className="wi weather-icon wi-day-sunny day-sunny "
            title="Clear conditions throughout the day."
          />
        </td>
        <td
          aria-sort={null}
          className="MuiTableCell-root MuiTableCell-body MuiTableCell-sizeMedium weather-cell center   css-1ex1afd-MuiTableCell-root"
        >
          <i
            className="wi weather-icon wi-day-cloudy day-cloudy "
            title="Partly cloudy throughout the day."
          />
        </td>
        <td
          aria-sort={null}
          className="MuiTableCell-root MuiTableCell-body MuiTableCell-sizeMedium weather-cell center   css-1ex1afd-MuiTableCell-root"
        >
          <i
            className="wi weather-icon wi-day-cloudy day-cloudy "
            title="Partly cloudy throughout the day."
          />
        </td>
        <td
          aria-sort={null}
          className="MuiTableCell-root MuiTableCell-body MuiTableCell-sizeMedium weather-cell center   css-1ex1afd-MuiTableCell-root"
        >
          <i
            className="wi weather-icon wi-rain rain "
            title="Partly cloudy throughout the day with a chance of rain."
          />
        </td>
        <td
          aria-sort={null}
          className="MuiTableCell-root MuiTableCell-body MuiTableCell-sizeMedium weather-cell center   css-1ex1afd-MuiTableCell-root"
        >
          <i
            className="wi weather-icon wi-rain rain "
            title="Partly cloudy throughout the day with morning rain."
          />
        </td>
        <td
          aria-sort={null}
          className="MuiTableCell-root MuiTableCell-body MuiTableCell-sizeMedium weather-cell center  weekend  css-1ex1afd-MuiTableCell-root"
        >
          <i
            className="wi weather-icon wi-rain rain "
            title="Cloudy skies throughout the day with a chance of rain."
          />
        </td>
        <td
          aria-sort={null}
          className="MuiTableCell-root MuiTableCell-body MuiTableCell-sizeMedium weather-cell center  weekend  css-1ex1afd-MuiTableCell-root"
        >
          <i
            className="wi weather-icon wi-rain rain "
            title="Cloudy skies throughout the day with a chance of rain throughout the day."
          />
        </td>
        <td
          aria-sort={null}
          className="MuiTableCell-root MuiTableCell-body MuiTableCell-sizeMedium weather-cell center   css-1ex1afd-MuiTableCell-root"
        >
          <i
            className="wi weather-icon wi-rain rain "
            title="Partly cloudy throughout the day with rain in the morning and afternoon."
          />
        </td>
        <td
          aria-sort={null}
          className="MuiTableCell-root MuiTableCell-body MuiTableCell-sizeMedium weather-cell center   css-1ex1afd-MuiTableCell-root"
        >
          <i
            className="wi weather-icon wi-cloudy cloudy sunshine-50"
            title="Partly cloudy throughout the day."
          />
        </td>
        <td
          aria-sort={null}
          className="MuiTableCell-root MuiTableCell-body MuiTableCell-sizeMedium weather-cell center   css-1ex1afd-MuiTableCell-root"
        >
          <i
            className="wi weather-icon wi-cloudy cloudy sunshine-50"
            title="Cloudy skies throughout the day."
          />
        </td>
        <td
          aria-sort={null}
          className="MuiTableCell-root MuiTableCell-body MuiTableCell-sizeMedium weather-cell center   css-1ex1afd-MuiTableCell-root"
        >
          <i
            className="wi weather-icon wi-cloudy cloudy sunshine-50"
            title="Partly cloudy throughout the day."
          />
        </td>
        <td
          aria-sort={null}
          className="MuiTableCell-root MuiTableCell-body MuiTableCell-sizeMedium weather-cell center   css-1ex1afd-MuiTableCell-root"
        >
          <i
            className="wi weather-icon wi-cloudy cloudy sunshine-50"
            title="Cloudy skies throughout the day."
          />
        </td>
        <td
          aria-sort={null}
          className="MuiTableCell-root MuiTableCell-body MuiTableCell-sizeMedium weather-cell center  weekend  css-1ex1afd-MuiTableCell-root"
        >
          <i
            className="wi weather-icon wi-cloudy cloudy sunshine-10"
            title="Partly cloudy throughout the day."
          />
        </td>
      </tr>
      <tr
        className="MuiTableRow-root weather-cell css-1q1u3t4-MuiTableRow-root"
        role={null}
      >
        <td
          aria-sort={null}
          className="MuiTableCell-root MuiTableCell-body MuiTableCell-sizeMedium weather-cell css-1ex1afd-MuiTableCell-root"
        >
          <a
            className="MuiTypography-root MuiTypography-inherit MuiLink-root MuiLink-underlineAlways css-1ps4owl-MuiTypography-root-MuiLink-root"
            href="#bonney_lake"
            onBlur={[Function]}
            onFocus={[Function]}
          >
            BONNEY LAKE
          </a>
        </td>
        <td
          aria-sort={null}
          className="MuiTableCell-root MuiTableCell-body MuiTableCell-sizeMedium weather-cell center  weekend  css-1ex1afd-MuiTableCell-root"
        >
          <i
            className="wi weather-icon wi-day-sunny day-sunny "
            title="Clear conditions throughout the day."
          />
        </td>
        <td
          aria-sort={null}
          className="MuiTableCell-root MuiTableCell-body MuiTableCell-sizeMedium weather-cell center  weekend  css-1ex1afd-MuiTableCell-root"
        >
          <i
            className="wi weather-icon wi-day-sunny day-sunny "
            title="Clear conditions throughout the day."
          />
        </td>
        <td
          aria-sort={null}
          className="MuiTableCell-root MuiTableCell-body MuiTableCell-sizeMedium weather-cell center   css-1ex1afd-MuiTableCell-root"
        >
          <i
            className="wi weather-icon wi-day-sunny day-sunny "
            title="Clear conditions throughout the day."
          />
        </td>
        <td
          aria-sort={null}
          className="MuiTableCell-root MuiTableCell-body MuiTableCell-sizeMedium weather-cell center   css-1ex1afd-MuiTableCell-root"
        >
          <i
            className="wi weather-icon wi-rain rain "
            title="Partly cloudy throughout the day with rain in the morning and afternoon."
          />
        </td>
        <td
          aria-sort={null}
          className="MuiTableCell-root MuiTableCell-body MuiTableCell-sizeMedium weather-cell center   css-1ex1afd-MuiTableCell-root"
        >
          <i
            className="wi weather-icon wi-day-cloudy day-cloudy "
            title="Partly cloudy throughout the day."
          />
        </td>
        <td
          aria-sort={null}
          className="MuiTableCell-root MuiTableCell-body MuiTableCell-sizeMedium weather-cell center   css-1ex1afd-MuiTableCell-root"
        >
          <i
            className="wi weather-icon wi-rain rain "
            title="Partly cloudy throughout the day with a chance of rain."
          />
        </td>
        <td
          aria-sort={null}
          className="MuiTableCell-root MuiTableCell-body MuiTableCell-sizeMedium weather-cell center   css-1ex1afd-MuiTableCell-root"
        >
          <i
            className="wi weather-icon wi-rain rain "
            title="Partly cloudy throughout the day with rain."
          />
        </td>
        <td
          aria-sort={null}
          className="MuiTableCell-root MuiTableCell-body MuiTableCell-sizeMedium weather-cell center  weekend  css-1ex1afd-MuiTableCell-root"
        >
          <i
            className="wi weather-icon wi-rain rain "
            title="Cloudy skies throughout the day with rain."
          />
        </td>
        <td
          aria-sort={null}
          className="MuiTableCell-root MuiTableCell-body MuiTableCell-sizeMedium weather-cell center  weekend  css-1ex1afd-MuiTableCell-root"
        >
          <i
            className="wi weather-icon wi-rain rain "
            title="Cloudy skies throughout the day with a chance of rain."
          />
        </td>
        <td
          aria-sort={null}
          className="MuiTableCell-root MuiTableCell-body MuiTableCell-sizeMedium weather-cell center   css-1ex1afd-MuiTableCell-root"
        >
          <i
            className="wi weather-icon wi-rain rain "
            title="Cloudy skies throughout the day with a chance of rain."
          />
        </td>
        <td
          aria-sort={null}
          className="MuiTableCell-root MuiTableCell-body MuiTableCell-sizeMedium weather-cell center   css-1ex1afd-MuiTableCell-root"
        >
          <i
            className="wi weather-icon wi-rain rain "
            title="Partly cloudy throughout the day with a chance of rain."
          />
        </td>
        <td
          aria-sort={null}
          className="MuiTableCell-root MuiTableCell-body MuiTableCell-sizeMedium weather-cell center   css-1ex1afd-MuiTableCell-root"
        >
          <i
            className="wi weather-icon wi-rain rain "
            title="Cloudy skies throughout the day with rain in the morning and afternoon."
          />
        </td>
        <td
          aria-sort={null}
          className="MuiTableCell-root MuiTableCell-body MuiTableCell-sizeMedium weather-cell center   css-1ex1afd-MuiTableCell-root"
        >
          <i
            className="wi weather-icon wi-cloudy cloudy sunshine-50"
            title="Partly cloudy throughout the day."
          />
        </td>
        <td
          aria-sort={null}
          className="MuiTableCell-root MuiTableCell-body MuiTableCell-sizeMedium weather-cell center   css-1ex1afd-MuiTableCell-root"
        >
          <i
            className="wi weather-icon wi-cloudy cloudy sunshine-50"
            title="Cloudy skies throughout the day."
          />
        </td>
        <td
          aria-sort={null}
          className="MuiTableCell-root MuiTableCell-body MuiTableCell-sizeMedium weather-cell center  weekend  css-1ex1afd-MuiTableCell-root"
        >
          <i
            className="wi weather-icon wi-cloudy cloudy sunshine-10"
            title="Clearing in the afternoon."
          />
        </td>
      </tr>
    </tbody>
  </table>,
]
`;
