// Jest Snapshot v1, https://goo.gl/fbAQLP

exports[`renders a snapshot 1`] = `
Array [
  <div
    id="top"
  />,
  <table
    className="MuiTable-root table table-sm weather-forecast-summary css-rqglhn-MuiTable-root"
    role={null}
  >
    <thead
      className="MuiTableHead-root table-heading css-15wwp11-MuiTableHead-root"
      role={null}
    >
      <tr
        className="MuiTableRow-root MuiTableRow-head css-1q1u3t4-MuiTableRow-root"
        role={null}
      >
        <th
          aria-sort={null}
          className="MuiTableCell-root MuiTableCell-head MuiTableCell-sizeMedium css-1ygcj2i-MuiTableCell-root"
          scope="col"
        >
          Location
        </th>
        <th
          aria-sort={null}
          className="MuiTableCell-root MuiTableCell-head MuiTableCell-sizeMedium css-1ygcj2i-MuiTableCell-root"
          scope="col"
        >
          SAT APR 17
        </th>
        <th
          aria-sort={null}
          className="MuiTableCell-root MuiTableCell-head MuiTableCell-sizeMedium css-1ygcj2i-MuiTableCell-root"
          scope="col"
        >
          SUN APR 18
        </th>
        <th
          aria-sort={null}
          className="MuiTableCell-root MuiTableCell-head MuiTableCell-sizeMedium css-1ygcj2i-MuiTableCell-root"
          scope="col"
        >
          MON APR 19
        </th>
        <th
          aria-sort={null}
          className="MuiTableCell-root MuiTableCell-head MuiTableCell-sizeMedium css-1ygcj2i-MuiTableCell-root"
          scope="col"
        >
          TUE APR 20
        </th>
        <th
          aria-sort={null}
          className="MuiTableCell-root MuiTableCell-head MuiTableCell-sizeMedium css-1ygcj2i-MuiTableCell-root"
          scope="col"
        >
          WED APR 21
        </th>
        <th
          aria-sort={null}
          className="MuiTableCell-root MuiTableCell-head MuiTableCell-sizeMedium css-1ygcj2i-MuiTableCell-root"
          scope="col"
        >
          THU APR 22
        </th>
        <th
          aria-sort={null}
          className="MuiTableCell-root MuiTableCell-head MuiTableCell-sizeMedium css-1ygcj2i-MuiTableCell-root"
          scope="col"
        >
          FRI APR 23
        </th>
        <th
          aria-sort={null}
          className="MuiTableCell-root MuiTableCell-head MuiTableCell-sizeMedium css-1ygcj2i-MuiTableCell-root"
          scope="col"
        >
          SAT APR 24
        </th>
        <th
          aria-sort={null}
          className="MuiTableCell-root MuiTableCell-head MuiTableCell-sizeMedium css-1ygcj2i-MuiTableCell-root"
          scope="col"
        >
          SUN APR 25
        </th>
        <th
          aria-sort={null}
          className="MuiTableCell-root MuiTableCell-head MuiTableCell-sizeMedium css-1ygcj2i-MuiTableCell-root"
          scope="col"
        >
          MON APR 26
        </th>
        <th
          aria-sort={null}
          className="MuiTableCell-root MuiTableCell-head MuiTableCell-sizeMedium css-1ygcj2i-MuiTableCell-root"
          scope="col"
        >
          TUE APR 27
        </th>
        <th
          aria-sort={null}
          className="MuiTableCell-root MuiTableCell-head MuiTableCell-sizeMedium css-1ygcj2i-MuiTableCell-root"
          scope="col"
        >
          WED APR 28
        </th>
        <th
          aria-sort={null}
          className="MuiTableCell-root MuiTableCell-head MuiTableCell-sizeMedium css-1ygcj2i-MuiTableCell-root"
          scope="col"
        >
          THU APR 29
        </th>
        <th
          aria-sort={null}
          className="MuiTableCell-root MuiTableCell-head MuiTableCell-sizeMedium css-1ygcj2i-MuiTableCell-root"
          scope="col"
        >
          FRI APR 30
        </th>
        <th
          aria-sort={null}
          className="MuiTableCell-root MuiTableCell-head MuiTableCell-sizeMedium css-1ygcj2i-MuiTableCell-root"
          scope="col"
        >
          SAT MAY 01
        </th>
      </tr>
    </thead>
    <tbody
      className="MuiTableBody-root css-apqrd9-MuiTableBody-root"
      role={null}
    >
      <tr
        className="MuiTableRow-root region-details css-1q1u3t4-MuiTableRow-root"
        role={null}
      >
        <td
          aria-sort={null}
          className="MuiTableCell-root MuiTableCell-body MuiTableCell-alignCenter MuiTableCell-sizeMedium css-1yhpg23-MuiTableCell-root"
          colSpan={16}
        >
          Cities
        </td>
      </tr>
      <tr
        className="MuiTableRow-root weather-cell css-1q1u3t4-MuiTableRow-root"
        role={null}
      >
        <td
          aria-sort={null}
          className="MuiTableCell-root MuiTableCell-body MuiTableCell-sizeMedium weather-cell css-1ex1afd-MuiTableCell-root"
        >
          <a
            className="MuiTypography-root MuiTypography-inherit MuiLink-root MuiLink-underlineAlways css-1ps4owl-MuiTypography-root-MuiLink-root"
            href="#seattle"
            onBlur={[Function]}
            onFocus={[Function]}
          >
            SEATTLE CITY
          </a>
        </td>
        <td
          aria-sort={null}
          className="MuiTableCell-root MuiTableCell-body MuiTableCell-sizeMedium weather-cell center  weekend  css-1ex1afd-MuiTableCell-root"
        >
          <i
            className="wi weather-icon wi-day-sunny day-sunny "
            title="Clear conditions throughout the day."
          />
        </td>
        <td
          aria-sort={null}
          className="MuiTableCell-root MuiTableCell-body MuiTableCell-sizeMedium weather-cell center  weekend  css-1ex1afd-MuiTableCell-root"
        >
          <i
            className="wi weather-icon wi-day-sunny day-sunny "
            title="Clear conditions throughout the day."
          />
        </td>
        <td
          aria-sort={null}
          className="MuiTableCell-root MuiTableCell-body MuiTableCell-sizeMedium weather-cell center   css-1ex1afd-MuiTableCell-root"
        >
          <i
            className="wi weather-icon wi-day-sunny day-sunny "
            title="Clear conditions throughout the day."
          />
        </td>
        <td
          aria-sort={null}
          className="MuiTableCell-root MuiTableCell-body MuiTableCell-sizeMedium weather-cell center   css-1ex1afd-MuiTableCell-root"
        >
          <i
            className="wi weather-icon wi-day-cloudy day-cloudy "
            title="Partly cloudy throughout the day."
          />
        </td>
        <td
          aria-sort={null}
          className="MuiTableCell-root MuiTableCell-body MuiTableCell-sizeMedium weather-cell center   css-1ex1afd-MuiTableCell-root"
        >
          <i
            className="wi weather-icon wi-day-cloudy day-cloudy "
            title="Partly cloudy throughout the day."
          />
        </td>
        <td
          aria-sort={null}
          className="MuiTableCell-root MuiTableCell-body MuiTableCell-sizeMedium weather-cell center   css-1ex1afd-MuiTableCell-root"
        >
          <i
            className="wi weather-icon wi-rain rain "
            title="Partly cloudy throughout the day with a chance of rain."
          />
        </td>
        <td
          aria-sort={null}
          className="MuiTableCell-root MuiTableCell-body MuiTableCell-sizeMedium weather-cell center   css-1ex1afd-MuiTableCell-root"
        >
          <i
            className="wi weather-icon wi-rain rain "
            title="Partly cloudy throughout the day with morning rain."
          />
        </td>
        <td
          aria-sort={null}
          className="MuiTableCell-root MuiTableCell-body MuiTableCell-sizeMedium weather-cell center  weekend  css-1ex1afd-MuiTableCell-root"
        >
          <i
            className="wi weather-icon wi-rain rain "
            title="Cloudy skies throughout the day with a chance of rain."
          />
        </td>
        <td
          aria-sort={null}
          className="MuiTableCell-root MuiTableCell-body MuiTableCell-sizeMedium weather-cell center  weekend  css-1ex1afd-MuiTableCell-root"
        >
          <i
            className="wi weather-icon wi-rain rain "
            title="Cloudy skies throughout the day with a chance of rain throughout the day."
          />
        </td>
        <td
          aria-sort={null}
          className="MuiTableCell-root MuiTableCell-body MuiTableCell-sizeMedium weather-cell center   css-1ex1afd-MuiTableCell-root"
        >
          <i
            className="wi weather-icon wi-rain rain "
            title="Partly cloudy throughout the day with rain in the morning and afternoon."
          />
        </td>
        <td
          aria-sort={null}
          className="MuiTableCell-root MuiTableCell-body MuiTableCell-sizeMedium weather-cell center   css-1ex1afd-MuiTableCell-root"
        >
          <i
            className="wi weather-icon wi-cloudy cloudy sunshine-50"
            title="Partly cloudy throughout the day."
          />
        </td>
        <td
          aria-sort={null}
          className="MuiTableCell-root MuiTableCell-body MuiTableCell-sizeMedium weather-cell center   css-1ex1afd-MuiTableCell-root"
        >
          <i
            className="wi weather-icon wi-cloudy cloudy sunshine-50"
            title="Cloudy skies throughout the day."
          />
        </td>
        <td
          aria-sort={null}
          className="MuiTableCell-root MuiTableCell-body MuiTableCell-sizeMedium weather-cell center   css-1ex1afd-MuiTableCell-root"
        >
          <i
            className="wi weather-icon wi-cloudy cloudy sunshine-50"
            title="Partly cloudy throughout the day."
          />
        </td>
        <td
          aria-sort={null}
          className="MuiTableCell-root MuiTableCell-body MuiTableCell-sizeMedium weather-cell center   css-1ex1afd-MuiTableCell-root"
        >
          <i
            className="wi weather-icon wi-cloudy cloudy sunshine-50"
            title="Cloudy skies throughout the day."
          />
        </td>
        <td
          aria-sort={null}
          className="MuiTableCell-root MuiTableCell-body MuiTableCell-sizeMedium weather-cell center  weekend  css-1ex1afd-MuiTableCell-root"
        >
          <i
            className="wi weather-icon wi-cloudy cloudy sunshine-10"
            title="Partly cloudy throughout the day."
          />
        </td>
      </tr>
      <tr
        className="MuiTableRow-root weather-cell css-1q1u3t4-MuiTableRow-root"
        role={null}
      >
        <td
          aria-sort={null}
          className="MuiTableCell-root MuiTableCell-body MuiTableCell-sizeMedium weather-cell css-1ex1afd-MuiTableCell-root"
        >
          <a
            className="MuiTypography-root MuiTypography-inherit MuiLink-root MuiLink-underlineAlways css-1ps4owl-MuiTypography-root-MuiLink-root"
            href="#bonney_lake"
            onBlur={[Function]}
            onFocus={[Function]}
          >
            BONNEY LAKE
          </a>
        </td>
        <td
          aria-sort={null}
          className="MuiTableCell-root MuiTableCell-body MuiTableCell-sizeMedium weather-cell center  weekend  css-1ex1afd-MuiTableCell-root"
        >
          <i
            className="wi weather-icon wi-day-sunny day-sunny "
            title="Clear conditions throughout the day."
          />
        </td>
        <td
          aria-sort={null}
          className="MuiTableCell-root MuiTableCell-body MuiTableCell-sizeMedium weather-cell center  weekend  css-1ex1afd-MuiTableCell-root"
        >
          <i
            className="wi weather-icon wi-day-sunny day-sunny "
            title="Clear conditions throughout the day."
          />
        </td>
        <td
          aria-sort={null}
          className="MuiTableCell-root MuiTableCell-body MuiTableCell-sizeMedium weather-cell center   css-1ex1afd-MuiTableCell-root"
        >
          <i
            className="wi weather-icon wi-day-sunny day-sunny "
            title="Clear conditions throughout the day."
          />
        </td>
        <td
          aria-sort={null}
          className="MuiTableCell-root MuiTableCell-body MuiTableCell-sizeMedium weather-cell center   css-1ex1afd-MuiTableCell-root"
        >
          <i
            className="wi weather-icon wi-rain rain "
            title="Partly cloudy throughout the day with rain in the morning and afternoon."
          />
        </td>
        <td
          aria-sort={null}
          className="MuiTableCell-root MuiTableCell-body MuiTableCell-sizeMedium weather-cell center   css-1ex1afd-MuiTableCell-root"
        >
          <i
            className="wi weather-icon wi-day-cloudy day-cloudy "
            title="Partly cloudy throughout the day."
          />
        </td>
        <td
          aria-sort={null}
          className="MuiTableCell-root MuiTableCell-body MuiTableCell-sizeMedium weather-cell center   css-1ex1afd-MuiTableCell-root"
        >
          <i
            className="wi weather-icon wi-rain rain "
            title="Partly cloudy throughout the day with a chance of rain."
          />
        </td>
        <td
          aria-sort={null}
          className="MuiTableCell-root MuiTableCell-body MuiTableCell-sizeMedium weather-cell center   css-1ex1afd-MuiTableCell-root"
        >
          <i
            className="wi weather-icon wi-rain rain "
            title="Partly cloudy throughout the day with rain."
          />
        </td>
        <td
          aria-sort={null}
          className="MuiTableCell-root MuiTableCell-body MuiTableCell-sizeMedium weather-cell center  weekend  css-1ex1afd-MuiTableCell-root"
        >
          <i
            className="wi weather-icon wi-rain rain "
            title="Cloudy skies throughout the day with rain."
          />
        </td>
        <td
          aria-sort={null}
          className="MuiTableCell-root MuiTableCell-body MuiTableCell-sizeMedium weather-cell center  weekend  css-1ex1afd-MuiTableCell-root"
        >
          <i
            className="wi weather-icon wi-rain rain "
            title="Cloudy skies throughout the day with a chance of rain."
          />
        </td>
        <td
          aria-sort={null}
          className="MuiTableCell-root MuiTableCell-body MuiTableCell-sizeMedium weather-cell center   css-1ex1afd-MuiTableCell-root"
        >
          <i
            className="wi weather-icon wi-rain rain "
            title="Cloudy skies throughout the day with a chance of rain."
          />
        </td>
        <td
          aria-sort={null}
          className="MuiTableCell-root MuiTableCell-body MuiTableCell-sizeMedium weather-cell center   css-1ex1afd-MuiTableCell-root"
        >
          <i
            className="wi weather-icon wi-rain rain "
            title="Partly cloudy throughout the day with a chance of rain."
          />
        </td>
        <td
          aria-sort={null}
          className="MuiTableCell-root MuiTableCell-body MuiTableCell-sizeMedium weather-cell center   css-1ex1afd-MuiTableCell-root"
        >
          <i
            className="wi weather-icon wi-rain rain "
            title="Cloudy skies throughout the day with rain in the morning and afternoon."
          />
        </td>
        <td
          aria-sort={null}
          className="MuiTableCell-root MuiTableCell-body MuiTableCell-sizeMedium weather-cell center   css-1ex1afd-MuiTableCell-root"
        >
          <i
            className="wi weather-icon wi-cloudy cloudy sunshine-50"
            title="Partly cloudy throughout the day."
          />
        </td>
        <td
          aria-sort={null}
          className="MuiTableCell-root MuiTableCell-body MuiTableCell-sizeMedium weather-cell center   css-1ex1afd-MuiTableCell-root"
        >
          <i
            className="wi weather-icon wi-cloudy cloudy sunshine-50"
            title="Cloudy skies throughout the day."
          />
        </td>
        <td
          aria-sort={null}
          className="MuiTableCell-root MuiTableCell-body MuiTableCell-sizeMedium weather-cell center  weekend  css-1ex1afd-MuiTableCell-root"
        >
          <i
            className="wi weather-icon wi-cloudy cloudy sunshine-10"
            title="Clearing in the afternoon."
          />
        </td>
      </tr>
    </tbody>
  </table>,
  <div
    id="seattle"
  >
    <table
      className="MuiTable-root location-details css-rqglhn-MuiTable-root"
      role={null}
    >
      <thead
        className="MuiTableHead-root css-15wwp11-MuiTableHead-root"
        role={null}
      >
        <tr
          className="MuiTableRow-root MuiTableRow-head heading css-1q1u3t4-MuiTableRow-root"
          role={null}
        >
          <th
            aria-sort={null}
            className="MuiTableCell-root MuiTableCell-head MuiTableCell-sizeMedium heading css-1ygcj2i-MuiTableCell-root"
            colSpan={8}
            scope="col"
          >
            SEATTLE CITY  
            <a
              className="MuiTypography-root MuiTypography-inherit MuiLink-root MuiLink-underlineAlways css-1ps4owl-MuiTypography-root-MuiLink-root"
              href="#top"
              onBlur={[Function]}
              onFocus={[Function]}
            >
              (top)
            </a>
          </th>
        </tr>
        <tr
          className="MuiTableRow-root MuiTableRow-head secondary-heading css-1q1u3t4-MuiTableRow-root"
          role={null}
        >
          <th
            aria-sort={null}
            className="MuiTableCell-root MuiTableCell-head MuiTableCell-sizeMedium center border-right css-1ygcj2i-MuiTableCell-root"
            colSpan={2}
            scope="col"
          >
            DATE
          </th>
          <th
            aria-sort={null}
            className="MuiTableCell-root MuiTableCell-head MuiTableCell-sizeMedium center border-right css-1ygcj2i-MuiTableCell-root"
            colSpan={2}
            scope="col"
          >
            DETAILS
          </th>
          <th
            aria-sort={null}
            className="MuiTableCell-root MuiTableCell-head MuiTableCell-sizeMedium border-right css-1ygcj2i-MuiTableCell-root"
            scope="col"
          >
            LOW / HIGH
          </th>
          <th
            aria-sort={null}
            className="MuiTableCell-root MuiTableCell-head MuiTableCell-sizeMedium center border-right css-1ygcj2i-MuiTableCell-root"
            colSpan={2}
            scope="col"
          >
            PRECIP
          </th>
          <th
            aria-sort={null}
            className="MuiTableCell-root MuiTableCell-head MuiTableCell-sizeMedium css-1ygcj2i-MuiTableCell-root"
            scope="col"
          >
            CLOUD COV
          </th>
        </tr>
      </thead>
      <tbody
        className="MuiTableBody-root css-apqrd9-MuiTableBody-root"
        role={null}
      >
        <tr
          className="MuiTableRow-root  weekend  css-1q1u3t4-MuiTableRow-root"
          role={null}
        >
          <td
            aria-sort={null}
            className="MuiTableCell-root MuiTableCell-body MuiTableCell-sizeMedium css-1ex1afd-MuiTableCell-root"
          >
            SAT
          </td>
          <td
            aria-sort={null}
            className="MuiTableCell-root MuiTableCell-body MuiTableCell-sizeMedium border-right css-1ex1afd-MuiTableCell-root"
          >
            APR 17TH
          </td>
          <td
            aria-sort={null}
            className="MuiTableCell-root MuiTableCell-body MuiTableCell-sizeMedium css-1ex1afd-MuiTableCell-root"
          >
            <i
              className="wi weather-icon wi-day-sunny day-sunny "
              title="Clear conditions throughout the day."
            />
          </td>
          <td
            aria-sort={null}
            className="MuiTableCell-root MuiTableCell-body MuiTableCell-sizeMedium border-right css-1ex1afd-MuiTableCell-root"
          >
            Clear day
          </td>
          <td
            aria-sort={null}
            className="MuiTableCell-root MuiTableCell-body MuiTableCell-sizeMedium border-right css-1ex1afd-MuiTableCell-root"
          >
            47° / 75°
          </td>
          <td
            aria-sort={null}
            className="MuiTableCell-root MuiTableCell-body MuiTableCell-sizeMedium align-right css-1ex1afd-MuiTableCell-root"
          >
            0%
          </td>
          <td
            aria-sort={null}
            className="MuiTableCell-root MuiTableCell-body MuiTableCell-sizeMedium align-right border-right css-1ex1afd-MuiTableCell-root"
          >
            0"
          </td>
          <td
            aria-sort={null}
            className="MuiTableCell-root MuiTableCell-body MuiTableCell-sizeMedium align-right css-1ex1afd-MuiTableCell-root"
          >
            1.8%       
          </td>
        </tr>
        <tr
          className="MuiTableRow-root  weekend  css-1q1u3t4-MuiTableRow-root"
          role={null}
        >
          <td
            aria-sort={null}
            className="MuiTableCell-root MuiTableCell-body MuiTableCell-sizeMedium css-1ex1afd-MuiTableCell-root"
          >
            SUN
          </td>
          <td
            aria-sort={null}
            className="MuiTableCell-root MuiTableCell-body MuiTableCell-sizeMedium border-right css-1ex1afd-MuiTableCell-root"
          >
            APR 18TH
          </td>
          <td
            aria-sort={null}
            className="MuiTableCell-root MuiTableCell-body MuiTableCell-sizeMedium css-1ex1afd-MuiTableCell-root"
          >
            <i
              className="wi weather-icon wi-day-sunny day-sunny "
              title="Clear conditions throughout the day."
            />
          </td>
          <td
            aria-sort={null}
            className="MuiTableCell-root MuiTableCell-body MuiTableCell-sizeMedium border-right css-1ex1afd-MuiTableCell-root"
          >
            Clear day
          </td>
          <td
            aria-sort={null}
            className="MuiTableCell-root MuiTableCell-body MuiTableCell-sizeMedium border-right css-1ex1afd-MuiTableCell-root"
          >
            52° / 73°
          </td>
          <td
            aria-sort={null}
            className="MuiTableCell-root MuiTableCell-body MuiTableCell-sizeMedium align-right css-1ex1afd-MuiTableCell-root"
          >
            0%
          </td>
          <td
            aria-sort={null}
            className="MuiTableCell-root MuiTableCell-body MuiTableCell-sizeMedium align-right border-right css-1ex1afd-MuiTableCell-root"
          >
            0"
          </td>
          <td
            aria-sort={null}
            className="MuiTableCell-root MuiTableCell-body MuiTableCell-sizeMedium align-right css-1ex1afd-MuiTableCell-root"
          >
            14.3%       
          </td>
        </tr>
        <tr
          className="MuiTableRow-root   css-1q1u3t4-MuiTableRow-root"
          role={null}
        >
          <td
            aria-sort={null}
            className="MuiTableCell-root MuiTableCell-body MuiTableCell-sizeMedium css-1ex1afd-MuiTableCell-root"
          >
            MON
          </td>
          <td
            aria-sort={null}
            className="MuiTableCell-root MuiTableCell-body MuiTableCell-sizeMedium border-right css-1ex1afd-MuiTableCell-root"
          >
            APR 19TH
          </td>
          <td
            aria-sort={null}
            className="MuiTableCell-root MuiTableCell-body MuiTableCell-sizeMedium css-1ex1afd-MuiTableCell-root"
          >
            <i
              className="wi weather-icon wi-day-sunny day-sunny "
              title="Clear conditions throughout the day."
            />
          </td>
          <td
            aria-sort={null}
            className="MuiTableCell-root MuiTableCell-body MuiTableCell-sizeMedium border-right css-1ex1afd-MuiTableCell-root"
          >
            Clear day
          </td>
          <td
            aria-sort={null}
            className="MuiTableCell-root MuiTableCell-body MuiTableCell-sizeMedium border-right css-1ex1afd-MuiTableCell-root"
          >
            52° / 70°
          </td>
          <td
            aria-sort={null}
            className="MuiTableCell-root MuiTableCell-body MuiTableCell-sizeMedium align-right css-1ex1afd-MuiTableCell-root"
          >
            0%
          </td>
          <td
            aria-sort={null}
            className="MuiTableCell-root MuiTableCell-body MuiTableCell-sizeMedium align-right border-right css-1ex1afd-MuiTableCell-root"
          >
            0"
          </td>
          <td
            aria-sort={null}
            className="MuiTableCell-root MuiTableCell-body MuiTableCell-sizeMedium align-right css-1ex1afd-MuiTableCell-root"
          >
            18.5%       
          </td>
        </tr>
        <tr
          className="MuiTableRow-root   css-1q1u3t4-MuiTableRow-root"
          role={null}
        >
          <td
            aria-sort={null}
            className="MuiTableCell-root MuiTableCell-body MuiTableCell-sizeMedium css-1ex1afd-MuiTableCell-root"
          >
            TUE
          </td>
          <td
            aria-sort={null}
            className="MuiTableCell-root MuiTableCell-body MuiTableCell-sizeMedium border-right css-1ex1afd-MuiTableCell-root"
          >
            APR 20TH
          </td>
          <td
            aria-sort={null}
            className="MuiTableCell-root MuiTableCell-body MuiTableCell-sizeMedium css-1ex1afd-MuiTableCell-root"
          >
            <i
              className="wi weather-icon wi-day-cloudy day-cloudy "
              title="Partly cloudy throughout the day."
            />
          </td>
          <td
            aria-sort={null}
            className="MuiTableCell-root MuiTableCell-body MuiTableCell-sizeMedium border-right css-1ex1afd-MuiTableCell-root"
          >
            Partly cloudy day
          </td>
          <td
            aria-sort={null}
            className="MuiTableCell-root MuiTableCell-body MuiTableCell-sizeMedium border-right css-1ex1afd-MuiTableCell-root"
          >
            51° / 66°
          </td>
          <td
            aria-sort={null}
            className="MuiTableCell-root MuiTableCell-body MuiTableCell-sizeMedium align-right css-1ex1afd-MuiTableCell-root"
          >
            19%
          </td>
          <td
            aria-sort={null}
            className="MuiTableCell-root MuiTableCell-body MuiTableCell-sizeMedium align-right border-right css-1ex1afd-MuiTableCell-root"
          >
            0"
          </td>
          <td
            aria-sort={null}
            className="MuiTableCell-root MuiTableCell-body MuiTableCell-sizeMedium align-right css-1ex1afd-MuiTableCell-root"
          >
            33.2%       
          </td>
        </tr>
        <tr
          className="MuiTableRow-root   css-1q1u3t4-MuiTableRow-root"
          role={null}
        >
          <td
            aria-sort={null}
            className="MuiTableCell-root MuiTableCell-body MuiTableCell-sizeMedium css-1ex1afd-MuiTableCell-root"
          >
            WED
          </td>
          <td
            aria-sort={null}
            className="MuiTableCell-root MuiTableCell-body MuiTableCell-sizeMedium border-right css-1ex1afd-MuiTableCell-root"
          >
            APR 21ST
          </td>
          <td
            aria-sort={null}
            className="MuiTableCell-root MuiTableCell-body MuiTableCell-sizeMedium css-1ex1afd-MuiTableCell-root"
          >
            <i
              className="wi weather-icon wi-day-cloudy day-cloudy "
              title="Partly cloudy throughout the day."
            />
          </td>
          <td
            aria-sort={null}
            className="MuiTableCell-root MuiTableCell-body MuiTableCell-sizeMedium border-right css-1ex1afd-MuiTableCell-root"
          >
            Partly cloudy day
          </td>
          <td
            aria-sort={null}
            className="MuiTableCell-root MuiTableCell-body MuiTableCell-sizeMedium border-right css-1ex1afd-MuiTableCell-root"
          >
            49° / 65°
          </td>
          <td
            aria-sort={null}
            className="MuiTableCell-root MuiTableCell-body MuiTableCell-sizeMedium align-right css-1ex1afd-MuiTableCell-root"
          >
            5%
          </td>
          <td
            aria-sort={null}
            className="MuiTableCell-root MuiTableCell-body MuiTableCell-sizeMedium align-right border-right css-1ex1afd-MuiTableCell-root"
          >
            0"
          </td>
          <td
            aria-sort={null}
            className="MuiTableCell-root MuiTableCell-body MuiTableCell-sizeMedium align-right css-1ex1afd-MuiTableCell-root"
          >
            31.3%       
          </td>
        </tr>
        <tr
          className="MuiTableRow-root   css-1q1u3t4-MuiTableRow-root"
          role={null}
        >
          <td
            aria-sort={null}
            className="MuiTableCell-root MuiTableCell-body MuiTableCell-sizeMedium css-1ex1afd-MuiTableCell-root"
          >
            THU
          </td>
          <td
            aria-sort={null}
            className="MuiTableCell-root MuiTableCell-body MuiTableCell-sizeMedium border-right css-1ex1afd-MuiTableCell-root"
          >
            APR 22ND
          </td>
          <td
            aria-sort={null}
            className="MuiTableCell-root MuiTableCell-body MuiTableCell-sizeMedium css-1ex1afd-MuiTableCell-root"
          >
            <i
              className="wi weather-icon wi-rain rain "
              title="Partly cloudy throughout the day with a chance of rain."
            />
          </td>
          <td
            aria-sort={null}
            className="MuiTableCell-root MuiTableCell-body MuiTableCell-sizeMedium border-right css-1ex1afd-MuiTableCell-root"
          >
            Rain
          </td>
          <td
            aria-sort={null}
            className="MuiTableCell-root MuiTableCell-body MuiTableCell-sizeMedium border-right css-1ex1afd-MuiTableCell-root"
          >
            49° / 61°
          </td>
          <td
            aria-sort={null}
            className="MuiTableCell-root MuiTableCell-body MuiTableCell-sizeMedium align-right css-1ex1afd-MuiTableCell-root"
          >
            48%
          </td>
          <td
            aria-sort={null}
            className="MuiTableCell-root MuiTableCell-body MuiTableCell-sizeMedium align-right border-right css-1ex1afd-MuiTableCell-root"
          >
            0"
          </td>
          <td
            aria-sort={null}
            className="MuiTableCell-root MuiTableCell-body MuiTableCell-sizeMedium align-right css-1ex1afd-MuiTableCell-root"
          >
            55%       
          </td>
        </tr>
        <tr
          className="MuiTableRow-root   css-1q1u3t4-MuiTableRow-root"
          role={null}
        >
          <td
            aria-sort={null}
            className="MuiTableCell-root MuiTableCell-body MuiTableCell-sizeMedium css-1ex1afd-MuiTableCell-root"
          >
            FRI
          </td>
          <td
            aria-sort={null}
            className="MuiTableCell-root MuiTableCell-body MuiTableCell-sizeMedium border-right css-1ex1afd-MuiTableCell-root"
          >
            APR 23RD
          </td>
          <td
            aria-sort={null}
            className="MuiTableCell-root MuiTableCell-body MuiTableCell-sizeMedium css-1ex1afd-MuiTableCell-root"
          >
            <i
              className="wi weather-icon wi-rain rain "
              title="Partly cloudy throughout the day with morning rain."
            />
          </td>
          <td
            aria-sort={null}
            className="MuiTableCell-root MuiTableCell-body MuiTableCell-sizeMedium border-right css-1ex1afd-MuiTableCell-root"
          >
            Rain
          </td>
          <td
            aria-sort={null}
            className="MuiTableCell-root MuiTableCell-body MuiTableCell-sizeMedium border-right css-1ex1afd-MuiTableCell-root"
          >
            49° / 59°
          </td>
          <td
            aria-sort={null}
            className="MuiTableCell-root MuiTableCell-body MuiTableCell-sizeMedium align-right css-1ex1afd-MuiTableCell-root"
          >
            86%
          </td>
          <td
            aria-sort={null}
            className="MuiTableCell-root MuiTableCell-body MuiTableCell-sizeMedium align-right border-right css-1ex1afd-MuiTableCell-root"
          >
            0"
          </td>
          <td
            aria-sort={null}
            className="MuiTableCell-root MuiTableCell-body MuiTableCell-sizeMedium align-right css-1ex1afd-MuiTableCell-root"
          >
            80%       
          </td>
        </tr>
        <tr
          className="MuiTableRow-root  weekend  css-1q1u3t4-MuiTableRow-root"
          role={null}
        >
          <td
            aria-sort={null}
            className="MuiTableCell-root MuiTableCell-body MuiTableCell-sizeMedium css-1ex1afd-MuiTableCell-root"
          >
            SAT
          </td>
          <td
            aria-sort={null}
            className="MuiTableCell-root MuiTableCell-body MuiTableCell-sizeMedium border-right css-1ex1afd-MuiTableCell-root"
          >
            APR 24TH
          </td>
          <td
            aria-sort={null}
            className="MuiTableCell-root MuiTableCell-body MuiTableCell-sizeMedium css-1ex1afd-MuiTableCell-root"
          >
            <i
              className="wi weather-icon wi-rain rain "
              title="Cloudy skies throughout the day with a chance of rain."
            />
          </td>
          <td
            aria-sort={null}
            className="MuiTableCell-root MuiTableCell-body MuiTableCell-sizeMedium border-right css-1ex1afd-MuiTableCell-root"
          >
            Rain
          </td>
          <td
            aria-sort={null}
            className="MuiTableCell-root MuiTableCell-body MuiTableCell-sizeMedium border-right css-1ex1afd-MuiTableCell-root"
          >
            50° / 66°
          </td>
          <td
            aria-sort={null}
            className="MuiTableCell-root MuiTableCell-body MuiTableCell-sizeMedium align-right css-1ex1afd-MuiTableCell-root"
          >
            76%
          </td>
          <td
            aria-sort={null}
            className="MuiTableCell-root MuiTableCell-body MuiTableCell-sizeMedium align-right border-right css-1ex1afd-MuiTableCell-root"
          >
            0"
          </td>
          <td
            aria-sort={null}
            className="MuiTableCell-root MuiTableCell-body MuiTableCell-sizeMedium align-right css-1ex1afd-MuiTableCell-root"
          >
            100%       
          </td>
        </tr>
        <tr
          className="MuiTableRow-root  weekend  css-1q1u3t4-MuiTableRow-root"
          role={null}
        >
          <td
            aria-sort={null}
            className="MuiTableCell-root MuiTableCell-body MuiTableCell-sizeMedium css-1ex1afd-MuiTableCell-root"
          >
            SUN
          </td>
          <td
            aria-sort={null}
            className="MuiTableCell-root MuiTableCell-body MuiTableCell-sizeMedium border-right css-1ex1afd-MuiTableCell-root"
          >
            APR 25TH
          </td>
          <td
            aria-sort={null}
            className="MuiTableCell-root MuiTableCell-body MuiTableCell-sizeMedium css-1ex1afd-MuiTableCell-root"
          >
            <i
              className="wi weather-icon wi-rain rain "
              title="Cloudy skies throughout the day with a chance of rain throughout the day."
            />
          </td>
          <td
            aria-sort={null}
            className="MuiTableCell-root MuiTableCell-body MuiTableCell-sizeMedium border-right css-1ex1afd-MuiTableCell-root"
          >
            Rain
          </td>
          <td
            aria-sort={null}
            className="MuiTableCell-root MuiTableCell-body MuiTableCell-sizeMedium border-right css-1ex1afd-MuiTableCell-root"
          >
            49° / 56°
          </td>
          <td
            aria-sort={null}
            className="MuiTableCell-root MuiTableCell-body MuiTableCell-sizeMedium align-right css-1ex1afd-MuiTableCell-root"
          >
            71%
          </td>
          <td
            aria-sort={null}
            className="MuiTableCell-root MuiTableCell-body MuiTableCell-sizeMedium align-right border-right css-1ex1afd-MuiTableCell-root"
          >
            0"
          </td>
          <td
            aria-sort={null}
            className="MuiTableCell-root MuiTableCell-body MuiTableCell-sizeMedium align-right css-1ex1afd-MuiTableCell-root"
          >
            100%       
          </td>
        </tr>
        <tr
          className="MuiTableRow-root   css-1q1u3t4-MuiTableRow-root"
          role={null}
        >
          <td
            aria-sort={null}
            className="MuiTableCell-root MuiTableCell-body MuiTableCell-sizeMedium css-1ex1afd-MuiTableCell-root"
          >
            MON
          </td>
          <td
            aria-sort={null}
            className="MuiTableCell-root MuiTableCell-body MuiTableCell-sizeMedium border-right css-1ex1afd-MuiTableCell-root"
          >
            APR 26TH
          </td>
          <td
            aria-sort={null}
            className="MuiTableCell-root MuiTableCell-body MuiTableCell-sizeMedium css-1ex1afd-MuiTableCell-root"
          >
            <i
              className="wi weather-icon wi-rain rain "
              title="Partly cloudy throughout the day with rain in the morning and afternoon."
            />
          </td>
          <td
            aria-sort={null}
            className="MuiTableCell-root MuiTableCell-body MuiTableCell-sizeMedium border-right css-1ex1afd-MuiTableCell-root"
          >
            Rain
          </td>
          <td
            aria-sort={null}
            className="MuiTableCell-root MuiTableCell-body MuiTableCell-sizeMedium border-right css-1ex1afd-MuiTableCell-root"
          >
            46° / 56°
          </td>
          <td
            aria-sort={null}
            className="MuiTableCell-root MuiTableCell-body MuiTableCell-sizeMedium align-right css-1ex1afd-MuiTableCell-root"
          >
            48%
          </td>
          <td
            aria-sort={null}
            className="MuiTableCell-root MuiTableCell-body MuiTableCell-sizeMedium align-right border-right css-1ex1afd-MuiTableCell-root"
          >
            0"
          </td>
          <td
            aria-sort={null}
            className="MuiTableCell-root MuiTableCell-body MuiTableCell-sizeMedium align-right css-1ex1afd-MuiTableCell-root"
          >
            74.4%       
          </td>
        </tr>
        <tr
          className="MuiTableRow-root   css-1q1u3t4-MuiTableRow-root"
          role={null}
        >
          <td
            aria-sort={null}
            className="MuiTableCell-root MuiTableCell-body MuiTableCell-sizeMedium css-1ex1afd-MuiTableCell-root"
          >
            TUE
          </td>
          <td
            aria-sort={null}
            className="MuiTableCell-root MuiTableCell-body MuiTableCell-sizeMedium border-right css-1ex1afd-MuiTableCell-root"
          >
            APR 27TH
          </td>
          <td
            aria-sort={null}
            className="MuiTableCell-root MuiTableCell-body MuiTableCell-sizeMedium css-1ex1afd-MuiTableCell-root"
          >
            <i
              className="wi weather-icon wi-cloudy cloudy sunshine-50"
              title="Partly cloudy throughout the day."
            />
          </td>
          <td
            aria-sort={null}
            className="MuiTableCell-root MuiTableCell-body MuiTableCell-sizeMedium border-right css-1ex1afd-MuiTableCell-root"
          >
            Partly cloudy day
          </td>
          <td
            aria-sort={null}
            className="MuiTableCell-root MuiTableCell-body MuiTableCell-sizeMedium border-right css-1ex1afd-MuiTableCell-root"
          >
            43° / 58°
          </td>
          <td
            aria-sort={null}
            className="MuiTableCell-root MuiTableCell-body MuiTableCell-sizeMedium align-right css-1ex1afd-MuiTableCell-root"
          >
            43%
          </td>
          <td
            aria-sort={null}
            className="MuiTableCell-root MuiTableCell-body MuiTableCell-sizeMedium align-right border-right css-1ex1afd-MuiTableCell-root"
          >
            0"
          </td>
          <td
            aria-sort={null}
            className="MuiTableCell-root MuiTableCell-body MuiTableCell-sizeMedium align-right css-1ex1afd-MuiTableCell-root"
          >
            82.5%       
          </td>
        </tr>
        <tr
          className="MuiTableRow-root   css-1q1u3t4-MuiTableRow-root"
          role={null}
        >
          <td
            aria-sort={null}
            className="MuiTableCell-root MuiTableCell-body MuiTableCell-sizeMedium css-1ex1afd-MuiTableCell-root"
          >
            WED
          </td>
          <td
            aria-sort={null}
            className="MuiTableCell-root MuiTableCell-body MuiTableCell-sizeMedium border-right css-1ex1afd-MuiTableCell-root"
          >
            APR 28TH
          </td>
          <td
            aria-sort={null}
            className="MuiTableCell-root MuiTableCell-body MuiTableCell-sizeMedium css-1ex1afd-MuiTableCell-root"
          >
            <i
              className="wi weather-icon wi-cloudy cloudy sunshine-50"
              title="Cloudy skies throughout the day."
            />
          </td>
          <td
            aria-sort={null}
            className="MuiTableCell-root MuiTableCell-body MuiTableCell-sizeMedium border-right css-1ex1afd-MuiTableCell-root"
          >
            Cloudy
          </td>
          <td
            aria-sort={null}
            className="MuiTableCell-root MuiTableCell-body MuiTableCell-sizeMedium border-right css-1ex1afd-MuiTableCell-root"
          >
            47° / 51°
          </td>
          <td
            aria-sort={null}
            className="MuiTableCell-root MuiTableCell-body MuiTableCell-sizeMedium align-right css-1ex1afd-MuiTableCell-root"
          >
            43%
          </td>
          <td
            aria-sort={null}
            className="MuiTableCell-root MuiTableCell-body MuiTableCell-sizeMedium align-right border-right css-1ex1afd-MuiTableCell-root"
          >
            0"
          </td>
          <td
            aria-sort={null}
            className="MuiTableCell-root MuiTableCell-body MuiTableCell-sizeMedium align-right css-1ex1afd-MuiTableCell-root"
          >
            100%       
          </td>
        </tr>
        <tr
          className="MuiTableRow-root   css-1q1u3t4-MuiTableRow-root"
          role={null}
        >
          <td
            aria-sort={null}
            className="MuiTableCell-root MuiTableCell-body MuiTableCell-sizeMedium css-1ex1afd-MuiTableCell-root"
          >
            THU
          </td>
          <td
            aria-sort={null}
            className="MuiTableCell-root MuiTableCell-body MuiTableCell-sizeMedium border-right css-1ex1afd-MuiTableCell-root"
          >
            APR 29TH
          </td>
          <td
            aria-sort={null}
            className="MuiTableCell-root MuiTableCell-body MuiTableCell-sizeMedium css-1ex1afd-MuiTableCell-root"
          >
            <i
              className="wi weather-icon wi-cloudy cloudy sunshine-50"
              title="Partly cloudy throughout the day."
            />
          </td>
          <td
            aria-sort={null}
            className="MuiTableCell-root MuiTableCell-body MuiTableCell-sizeMedium border-right css-1ex1afd-MuiTableCell-root"
          >
            Partly cloudy day
          </td>
          <td
            aria-sort={null}
            className="MuiTableCell-root MuiTableCell-body MuiTableCell-sizeMedium border-right css-1ex1afd-MuiTableCell-root"
          >
            50° / 62°
          </td>
          <td
            aria-sort={null}
            className="MuiTableCell-root MuiTableCell-body MuiTableCell-sizeMedium align-right css-1ex1afd-MuiTableCell-root"
          >
            29%
          </td>
          <td
            aria-sort={null}
            className="MuiTableCell-root MuiTableCell-body MuiTableCell-sizeMedium align-right border-right css-1ex1afd-MuiTableCell-root"
          >
            0"
          </td>
          <td
            aria-sort={null}
            className="MuiTableCell-root MuiTableCell-body MuiTableCell-sizeMedium align-right css-1ex1afd-MuiTableCell-root"
          >
            89.1%       
          </td>
        </tr>
        <tr
          className="MuiTableRow-root   css-1q1u3t4-MuiTableRow-root"
          role={null}
        >
          <td
            aria-sort={null}
            className="MuiTableCell-root MuiTableCell-body MuiTableCell-sizeMedium css-1ex1afd-MuiTableCell-root"
          >
            FRI
          </td>
          <td
            aria-sort={null}
            className="MuiTableCell-root MuiTableCell-body MuiTableCell-sizeMedium border-right css-1ex1afd-MuiTableCell-root"
          >
            APR 30TH
          </td>
          <td
            aria-sort={null}
            className="MuiTableCell-root MuiTableCell-body MuiTableCell-sizeMedium css-1ex1afd-MuiTableCell-root"
          >
            <i
              className="wi weather-icon wi-cloudy cloudy sunshine-50"
              title="Cloudy skies throughout the day."
            />
          </td>
          <td
            aria-sort={null}
            className="MuiTableCell-root MuiTableCell-body MuiTableCell-sizeMedium border-right css-1ex1afd-MuiTableCell-root"
          >
            Cloudy
          </td>
          <td
            aria-sort={null}
            className="MuiTableCell-root MuiTableCell-body MuiTableCell-sizeMedium border-right css-1ex1afd-MuiTableCell-root"
          >
            51° / 60°
          </td>
          <td
            aria-sort={null}
            className="MuiTableCell-root MuiTableCell-body MuiTableCell-sizeMedium align-right css-1ex1afd-MuiTableCell-root"
          >
            24%
          </td>
          <td
            aria-sort={null}
            className="MuiTableCell-root MuiTableCell-body MuiTableCell-sizeMedium align-right border-right css-1ex1afd-MuiTableCell-root"
          >
            1"
          </td>
          <td
            aria-sort={null}
            className="MuiTableCell-root MuiTableCell-body MuiTableCell-sizeMedium align-right css-1ex1afd-MuiTableCell-root"
          >
            97.4%       
          </td>
        </tr>
        <tr
          className="MuiTableRow-root  weekend  css-1q1u3t4-MuiTableRow-root"
          role={null}
        >
          <td
            aria-sort={null}
            className="MuiTableCell-root MuiTableCell-body MuiTableCell-sizeMedium css-1ex1afd-MuiTableCell-root"
          >
            SAT
          </td>
          <td
            aria-sort={null}
            className="MuiTableCell-root MuiTableCell-body MuiTableCell-sizeMedium border-right css-1ex1afd-MuiTableCell-root"
          >
            MAY 1ST
          </td>
          <td
            aria-sort={null}
            className="MuiTableCell-root MuiTableCell-body MuiTableCell-sizeMedium css-1ex1afd-MuiTableCell-root"
          >
            <i
              className="wi weather-icon wi-cloudy cloudy sunshine-10"
              title="Partly cloudy throughout the day."
            />
          </td>
          <td
            aria-sort={null}
            className="MuiTableCell-root MuiTableCell-body MuiTableCell-sizeMedium border-right css-1ex1afd-MuiTableCell-root"
          >
            Partly cloudy day
          </td>
          <td
            aria-sort={null}
            className="MuiTableCell-root MuiTableCell-body MuiTableCell-sizeMedium border-right css-1ex1afd-MuiTableCell-root"
          >
            46° / 56°
          </td>
          <td
            aria-sort={null}
            className="MuiTableCell-root MuiTableCell-body MuiTableCell-sizeMedium align-right css-1ex1afd-MuiTableCell-root"
          >
            29%
          </td>
          <td
            aria-sort={null}
            className="MuiTableCell-root MuiTableCell-body MuiTableCell-sizeMedium align-right border-right css-1ex1afd-MuiTableCell-root"
          >
            1"
          </td>
          <td
            aria-sort={null}
            className="MuiTableCell-root MuiTableCell-body MuiTableCell-sizeMedium align-right css-1ex1afd-MuiTableCell-root"
          >
            55.1%       
          </td>
        </tr>
      </tbody>
    </table>
  </div>,
  <div
    id="bonney_lake"
  >
    <table
      className="MuiTable-root location-details css-rqglhn-MuiTable-root"
      role={null}
    >
      <thead
        className="MuiTableHead-root css-15wwp11-MuiTableHead-root"
        role={null}
      >
        <tr
          className="MuiTableRow-root MuiTableRow-head heading css-1q1u3t4-MuiTableRow-root"
          role={null}
        >
          <th
            aria-sort={null}
            className="MuiTableCell-root MuiTableCell-head MuiTableCell-sizeMedium heading css-1ygcj2i-MuiTableCell-root"
            colSpan={8}
            scope="col"
          >
            BONNEY LAKE  
            <a
              className="MuiTypography-root MuiTypography-inherit MuiLink-root MuiLink-underlineAlways css-1ps4owl-MuiTypography-root-MuiLink-root"
              href="#top"
              onBlur={[Function]}
              onFocus={[Function]}
            >
              (top)
            </a>
          </th>
        </tr>
        <tr
          className="MuiTableRow-root MuiTableRow-head secondary-heading css-1q1u3t4-MuiTableRow-root"
          role={null}
        >
          <th
            aria-sort={null}
            className="MuiTableCell-root MuiTableCell-head MuiTableCell-sizeMedium center border-right css-1ygcj2i-MuiTableCell-root"
            colSpan={2}
            scope="col"
          >
            DATE
          </th>
          <th
            aria-sort={null}
            className="MuiTableCell-root MuiTableCell-head MuiTableCell-sizeMedium center border-right css-1ygcj2i-MuiTableCell-root"
            colSpan={2}
            scope="col"
          >
            DETAILS
          </th>
          <th
            aria-sort={null}
            className="MuiTableCell-root MuiTableCell-head MuiTableCell-sizeMedium border-right css-1ygcj2i-MuiTableCell-root"
            scope="col"
          >
            LOW / HIGH
          </th>
          <th
            aria-sort={null}
            className="MuiTableCell-root MuiTableCell-head MuiTableCell-sizeMedium center border-right css-1ygcj2i-MuiTableCell-root"
            colSpan={2}
            scope="col"
          >
            PRECIP
          </th>
          <th
            aria-sort={null}
            className="MuiTableCell-root MuiTableCell-head MuiTableCell-sizeMedium css-1ygcj2i-MuiTableCell-root"
            scope="col"
          >
            CLOUD COV
          </th>
        </tr>
      </thead>
      <tbody
        className="MuiTableBody-root css-apqrd9-MuiTableBody-root"
        role={null}
      >
        <tr
          className="MuiTableRow-root  weekend  css-1q1u3t4-MuiTableRow-root"
          role={null}
        >
          <td
            aria-sort={null}
            className="MuiTableCell-root MuiTableCell-body MuiTableCell-sizeMedium css-1ex1afd-MuiTableCell-root"
          >
            SAT
          </td>
          <td
            aria-sort={null}
            className="MuiTableCell-root MuiTableCell-body MuiTableCell-sizeMedium border-right css-1ex1afd-MuiTableCell-root"
          >
            APR 17TH
          </td>
          <td
            aria-sort={null}
            className="MuiTableCell-root MuiTableCell-body MuiTableCell-sizeMedium css-1ex1afd-MuiTableCell-root"
          >
            <i
              className="wi weather-icon wi-day-sunny day-sunny "
              title="Clear conditions throughout the day."
            />
          </td>
          <td
            aria-sort={null}
            className="MuiTableCell-root MuiTableCell-body MuiTableCell-sizeMedium border-right css-1ex1afd-MuiTableCell-root"
          >
            Clear day
          </td>
          <td
            aria-sort={null}
            className="MuiTableCell-root MuiTableCell-body MuiTableCell-sizeMedium border-right css-1ex1afd-MuiTableCell-root"
          >
            46° / 77°
          </td>
          <td
            aria-sort={null}
            className="MuiTableCell-root MuiTableCell-body MuiTableCell-sizeMedium align-right css-1ex1afd-MuiTableCell-root"
          >
            0%
          </td>
          <td
            aria-sort={null}
            className="MuiTableCell-root MuiTableCell-body MuiTableCell-sizeMedium align-right border-right css-1ex1afd-MuiTableCell-root"
          >
            0"
          </td>
          <td
            aria-sort={null}
            className="MuiTableCell-root MuiTableCell-body MuiTableCell-sizeMedium align-right css-1ex1afd-MuiTableCell-root"
          >
            1.2%       
          </td>
        </tr>
        <tr
          className="MuiTableRow-root  weekend  css-1q1u3t4-MuiTableRow-root"
          role={null}
        >
          <td
            aria-sort={null}
            className="MuiTableCell-root MuiTableCell-body MuiTableCell-sizeMedium css-1ex1afd-MuiTableCell-root"
          >
            SUN
          </td>
          <td
            aria-sort={null}
            className="MuiTableCell-root MuiTableCell-body MuiTableCell-sizeMedium border-right css-1ex1afd-MuiTableCell-root"
          >
            APR 18TH
          </td>
          <td
            aria-sort={null}
            className="MuiTableCell-root MuiTableCell-body MuiTableCell-sizeMedium css-1ex1afd-MuiTableCell-root"
          >
            <i
              className="wi weather-icon wi-day-sunny day-sunny "
              title="Clear conditions throughout the day."
            />
          </td>
          <td
            aria-sort={null}
            className="MuiTableCell-root MuiTableCell-body MuiTableCell-sizeMedium border-right css-1ex1afd-MuiTableCell-root"
          >
            Clear day
          </td>
          <td
            aria-sort={null}
            className="MuiTableCell-root MuiTableCell-body MuiTableCell-sizeMedium border-right css-1ex1afd-MuiTableCell-root"
          >
            49° / 76°
          </td>
          <td
            aria-sort={null}
            className="MuiTableCell-root MuiTableCell-body MuiTableCell-sizeMedium align-right css-1ex1afd-MuiTableCell-root"
          >
            0%
          </td>
          <td
            aria-sort={null}
            className="MuiTableCell-root MuiTableCell-body MuiTableCell-sizeMedium align-right border-right css-1ex1afd-MuiTableCell-root"
          >
            0"
          </td>
          <td
            aria-sort={null}
            className="MuiTableCell-root MuiTableCell-body MuiTableCell-sizeMedium align-right css-1ex1afd-MuiTableCell-root"
          >
            12.8%       
          </td>
        </tr>
        <tr
          className="MuiTableRow-root   css-1q1u3t4-MuiTableRow-root"
          role={null}
        >
          <td
            aria-sort={null}
            className="MuiTableCell-root MuiTableCell-body MuiTableCell-sizeMedium css-1ex1afd-MuiTableCell-root"
          >
            MON
          </td>
          <td
            aria-sort={null}
            className="MuiTableCell-root MuiTableCell-body MuiTableCell-sizeMedium border-right css-1ex1afd-MuiTableCell-root"
          >
            APR 19TH
          </td>
          <td
            aria-sort={null}
            className="MuiTableCell-root MuiTableCell-body MuiTableCell-sizeMedium css-1ex1afd-MuiTableCell-root"
          >
            <i
              className="wi weather-icon wi-day-sunny day-sunny "
              title="Clear conditions throughout the day."
            />
          </td>
          <td
            aria-sort={null}
            className="MuiTableCell-root MuiTableCell-body MuiTableCell-sizeMedium border-right css-1ex1afd-MuiTableCell-root"
          >
            Clear day
          </td>
          <td
            aria-sort={null}
            className="MuiTableCell-root MuiTableCell-body MuiTableCell-sizeMedium border-right css-1ex1afd-MuiTableCell-root"
          >
            48° / 70°
          </td>
          <td
            aria-sort={null}
            className="MuiTableCell-root MuiTableCell-body MuiTableCell-sizeMedium align-right css-1ex1afd-MuiTableCell-root"
          >
            5%
          </td>
          <td
            aria-sort={null}
            className="MuiTableCell-root MuiTableCell-body MuiTableCell-sizeMedium align-right border-right css-1ex1afd-MuiTableCell-root"
          >
            0"
          </td>
          <td
            aria-sort={null}
            className="MuiTableCell-root MuiTableCell-body MuiTableCell-sizeMedium align-right css-1ex1afd-MuiTableCell-root"
          >
            16.4%       
          </td>
        </tr>
        <tr
          className="MuiTableRow-root   css-1q1u3t4-MuiTableRow-root"
          role={null}
        >
          <td
            aria-sort={null}
            className="MuiTableCell-root MuiTableCell-body MuiTableCell-sizeMedium css-1ex1afd-MuiTableCell-root"
          >
            TUE
          </td>
          <td
            aria-sort={null}
            className="MuiTableCell-root MuiTableCell-body MuiTableCell-sizeMedium border-right css-1ex1afd-MuiTableCell-root"
          >
            APR 20TH
          </td>
          <td
            aria-sort={null}
            className="MuiTableCell-root MuiTableCell-body MuiTableCell-sizeMedium css-1ex1afd-MuiTableCell-root"
          >
            <i
              className="wi weather-icon wi-rain rain "
              title="Partly cloudy throughout the day with rain in the morning and afternoon."
            />
          </td>
          <td
            aria-sort={null}
            className="MuiTableCell-root MuiTableCell-body MuiTableCell-sizeMedium border-right css-1ex1afd-MuiTableCell-root"
          >
            Rain
          </td>
          <td
            aria-sort={null}
            className="MuiTableCell-root MuiTableCell-body MuiTableCell-sizeMedium border-right css-1ex1afd-MuiTableCell-root"
          >
            46° / 66°
          </td>
          <td
            aria-sort={null}
            className="MuiTableCell-root MuiTableCell-body MuiTableCell-sizeMedium align-right css-1ex1afd-MuiTableCell-root"
          >
            52%
          </td>
          <td
            aria-sort={null}
            className="MuiTableCell-root MuiTableCell-body MuiTableCell-sizeMedium align-right border-right css-1ex1afd-MuiTableCell-root"
          >
            0"
          </td>
          <td
            aria-sort={null}
            className="MuiTableCell-root MuiTableCell-body MuiTableCell-sizeMedium align-right css-1ex1afd-MuiTableCell-root"
          >
            31.8%       
          </td>
        </tr>
        <tr
          className="MuiTableRow-root   css-1q1u3t4-MuiTableRow-root"
          role={null}
        >
          <td
            aria-sort={null}
            className="MuiTableCell-root MuiTableCell-body MuiTableCell-sizeMedium css-1ex1afd-MuiTableCell-root"
          >
            WED
          </td>
          <td
            aria-sort={null}
            className="MuiTableCell-root MuiTableCell-body MuiTableCell-sizeMedium border-right css-1ex1afd-MuiTableCell-root"
          >
            APR 21ST
          </td>
          <td
            aria-sort={null}
            className="MuiTableCell-root MuiTableCell-body MuiTableCell-sizeMedium css-1ex1afd-MuiTableCell-root"
          >
            <i
              className="wi weather-icon wi-day-cloudy day-cloudy "
              title="Partly cloudy throughout the day."
            />
          </td>
          <td
            aria-sort={null}
            className="MuiTableCell-root MuiTableCell-body MuiTableCell-sizeMedium border-right css-1ex1afd-MuiTableCell-root"
          >
            Partly cloudy day
          </td>
          <td
            aria-sort={null}
            className="MuiTableCell-root MuiTableCell-body MuiTableCell-sizeMedium border-right css-1ex1afd-MuiTableCell-root"
          >
            45° / 65°
          </td>
          <td
            aria-sort={null}
            className="MuiTableCell-root MuiTableCell-body MuiTableCell-sizeMedium align-right css-1ex1afd-MuiTableCell-root"
          >
            10%
          </td>
          <td
            aria-sort={null}
            className="MuiTableCell-root MuiTableCell-body MuiTableCell-sizeMedium align-right border-right css-1ex1afd-MuiTableCell-root"
          >
            0"
          </td>
          <td
            aria-sort={null}
            className="MuiTableCell-root MuiTableCell-body MuiTableCell-sizeMedium align-right css-1ex1afd-MuiTableCell-root"
          >
            32%       
          </td>
        </tr>
        <tr
          className="MuiTableRow-root   css-1q1u3t4-MuiTableRow-root"
          role={null}
        >
          <td
            aria-sort={null}
            className="MuiTableCell-root MuiTableCell-body MuiTableCell-sizeMedium css-1ex1afd-MuiTableCell-root"
          >
            THU
          </td>
          <td
            aria-sort={null}
            className="MuiTableCell-root MuiTableCell-body MuiTableCell-sizeMedium border-right css-1ex1afd-MuiTableCell-root"
          >
            APR 22ND
          </td>
          <td
            aria-sort={null}
            className="MuiTableCell-root MuiTableCell-body MuiTableCell-sizeMedium css-1ex1afd-MuiTableCell-root"
          >
            <i
              className="wi weather-icon wi-rain rain "
              title="Partly cloudy throughout the day with a chance of rain."
            />
          </td>
          <td
            aria-sort={null}
            className="MuiTableCell-root MuiTableCell-body MuiTableCell-sizeMedium border-right css-1ex1afd-MuiTableCell-root"
          >
            Rain
          </td>
          <td
            aria-sort={null}
            className="MuiTableCell-root MuiTableCell-body MuiTableCell-sizeMedium border-right css-1ex1afd-MuiTableCell-root"
          >
            44° / 61°
          </td>
          <td
            aria-sort={null}
            className="MuiTableCell-root MuiTableCell-body MuiTableCell-sizeMedium align-right css-1ex1afd-MuiTableCell-root"
          >
            52%
          </td>
          <td
            aria-sort={null}
            className="MuiTableCell-root MuiTableCell-body MuiTableCell-sizeMedium align-right border-right css-1ex1afd-MuiTableCell-root"
          >
            0"
          </td>
          <td
            aria-sort={null}
            className="MuiTableCell-root MuiTableCell-body MuiTableCell-sizeMedium align-right css-1ex1afd-MuiTableCell-root"
          >
            50.8%       
          </td>
        </tr>
        <tr
          className="MuiTableRow-root   css-1q1u3t4-MuiTableRow-root"
          role={null}
        >
          <td
            aria-sort={null}
            className="MuiTableCell-root MuiTableCell-body MuiTableCell-sizeMedium css-1ex1afd-MuiTableCell-root"
          >
            FRI
          </td>
          <td
            aria-sort={null}
            className="MuiTableCell-root MuiTableCell-body MuiTableCell-sizeMedium border-right css-1ex1afd-MuiTableCell-root"
          >
            APR 23RD
          </td>
          <td
            aria-sort={null}
            className="MuiTableCell-root MuiTableCell-body MuiTableCell-sizeMedium css-1ex1afd-MuiTableCell-root"
          >
            <i
              className="wi weather-icon wi-rain rain "
              title="Partly cloudy throughout the day with rain."
            />
          </td>
          <td
            aria-sort={null}
            className="MuiTableCell-root MuiTableCell-body MuiTableCell-sizeMedium border-right css-1ex1afd-MuiTableCell-root"
          >
            Rain
          </td>
          <td
            aria-sort={null}
            className="MuiTableCell-root MuiTableCell-body MuiTableCell-sizeMedium border-right css-1ex1afd-MuiTableCell-root"
          >
            46° / 60°
          </td>
          <td
            aria-sort={null}
            className="MuiTableCell-root MuiTableCell-body MuiTableCell-sizeMedium align-right css-1ex1afd-MuiTableCell-root"
          >
            100%
          </td>
          <td
            aria-sort={null}
            className="MuiTableCell-root MuiTableCell-body MuiTableCell-sizeMedium align-right border-right css-1ex1afd-MuiTableCell-root"
          >
            0"
          </td>
          <td
            aria-sort={null}
            className="MuiTableCell-root MuiTableCell-body MuiTableCell-sizeMedium align-right css-1ex1afd-MuiTableCell-root"
          >
            76.2%       
          </td>
        </tr>
        <tr
          className="MuiTableRow-root  weekend  css-1q1u3t4-MuiTableRow-root"
          role={null}
        >
          <td
            aria-sort={null}
            className="MuiTableCell-root MuiTableCell-body MuiTableCell-sizeMedium css-1ex1afd-MuiTableCell-root"
          >
            SAT
          </td>
          <td
            aria-sort={null}
            className="MuiTableCell-root MuiTableCell-body MuiTableCell-sizeMedium border-right css-1ex1afd-MuiTableCell-root"
          >
            APR 24TH
          </td>
          <td
            aria-sort={null}
            className="MuiTableCell-root MuiTableCell-body MuiTableCell-sizeMedium css-1ex1afd-MuiTableCell-root"
          >
            <i
              className="wi weather-icon wi-rain rain "
              title="Cloudy skies throughout the day with rain."
            />
          </td>
          <td
            aria-sort={null}
            className="MuiTableCell-root MuiTableCell-body MuiTableCell-sizeMedium border-right css-1ex1afd-MuiTableCell-root"
          >
            Rain
          </td>
          <td
            aria-sort={null}
            className="MuiTableCell-root MuiTableCell-body MuiTableCell-sizeMedium border-right css-1ex1afd-MuiTableCell-root"
          >
            49° / 65°
          </td>
          <td
            aria-sort={null}
            className="MuiTableCell-root MuiTableCell-body MuiTableCell-sizeMedium align-right css-1ex1afd-MuiTableCell-root"
          >
            95%
          </td>
          <td
            aria-sort={null}
            className="MuiTableCell-root MuiTableCell-body MuiTableCell-sizeMedium align-right border-right css-1ex1afd-MuiTableCell-root"
          >
            0"
          </td>
          <td
            aria-sort={null}
            className="MuiTableCell-root MuiTableCell-body MuiTableCell-sizeMedium align-right css-1ex1afd-MuiTableCell-root"
          >
            100%       
          </td>
        </tr>
        <tr
          className="MuiTableRow-root  weekend  css-1q1u3t4-MuiTableRow-root"
          role={null}
        >
          <td
            aria-sort={null}
            className="MuiTableCell-root MuiTableCell-body MuiTableCell-sizeMedium css-1ex1afd-MuiTableCell-root"
          >
            SUN
          </td>
          <td
            aria-sort={null}
            className="MuiTableCell-root MuiTableCell-body MuiTableCell-sizeMedium border-right css-1ex1afd-MuiTableCell-root"
          >
            APR 25TH
          </td>
          <td
            aria-sort={null}
            className="MuiTableCell-root MuiTableCell-body MuiTableCell-sizeMedium css-1ex1afd-MuiTableCell-root"
          >
            <i
              className="wi weather-icon wi-rain rain "
              title="Cloudy skies throughout the day with a chance of rain."
            />
          </td>
          <td
            aria-sort={null}
            className="MuiTableCell-root MuiTableCell-body MuiTableCell-sizeMedium border-right css-1ex1afd-MuiTableCell-root"
          >
            Rain
          </td>
          <td
            aria-sort={null}
            className="MuiTableCell-root MuiTableCell-body MuiTableCell-sizeMedium border-right css-1ex1afd-MuiTableCell-root"
          >
            48° / 58°
          </td>
          <td
            aria-sort={null}
            className="MuiTableCell-root MuiTableCell-body MuiTableCell-sizeMedium align-right css-1ex1afd-MuiTableCell-root"
          >
            86%
          </td>
          <td
            aria-sort={null}
            className="MuiTableCell-root MuiTableCell-body MuiTableCell-sizeMedium align-right border-right css-1ex1afd-MuiTableCell-root"
          >
            0"
          </td>
          <td
            aria-sort={null}
            className="MuiTableCell-root MuiTableCell-body MuiTableCell-sizeMedium align-right css-1ex1afd-MuiTableCell-root"
          >
            100%       
          </td>
        </tr>
        <tr
          className="MuiTableRow-root   css-1q1u3t4-MuiTableRow-root"
          role={null}
        >
          <td
            aria-sort={null}
            className="MuiTableCell-root MuiTableCell-body MuiTableCell-sizeMedium css-1ex1afd-MuiTableCell-root"
          >
            MON
          </td>
          <td
            aria-sort={null}
            className="MuiTableCell-root MuiTableCell-body MuiTableCell-sizeMedium border-right css-1ex1afd-MuiTableCell-root"
          >
            APR 26TH
          </td>
          <td
            aria-sort={null}
            className="MuiTableCell-root MuiTableCell-body MuiTableCell-sizeMedium css-1ex1afd-MuiTableCell-root"
          >
            <i
              className="wi weather-icon wi-rain rain "
              title="Cloudy skies throughout the day with a chance of rain."
            />
          </td>
          <td
            aria-sort={null}
            className="MuiTableCell-root MuiTableCell-body MuiTableCell-sizeMedium border-right css-1ex1afd-MuiTableCell-root"
          >
            Rain
          </td>
          <td
            aria-sort={null}
            className="MuiTableCell-root MuiTableCell-body MuiTableCell-sizeMedium border-right css-1ex1afd-MuiTableCell-root"
          >
            45° / 56°
          </td>
          <td
            aria-sort={null}
            className="MuiTableCell-root MuiTableCell-body MuiTableCell-sizeMedium align-right css-1ex1afd-MuiTableCell-root"
          >
            62%
          </td>
          <td
            aria-sort={null}
            className="MuiTableCell-root MuiTableCell-body MuiTableCell-sizeMedium align-right border-right css-1ex1afd-MuiTableCell-root"
          >
            0"
          </td>
          <td
            aria-sort={null}
            className="MuiTableCell-root MuiTableCell-body MuiTableCell-sizeMedium align-right css-1ex1afd-MuiTableCell-root"
          >
            93.1%       
          </td>
        </tr>
        <tr
          className="MuiTableRow-root   css-1q1u3t4-MuiTableRow-root"
          role={null}
        >
          <td
            aria-sort={null}
            className="MuiTableCell-root MuiTableCell-body MuiTableCell-sizeMedium css-1ex1afd-MuiTableCell-root"
          >
            TUE
          </td>
          <td
            aria-sort={null}
            className="MuiTableCell-root MuiTableCell-body MuiTableCell-sizeMedium border-right css-1ex1afd-MuiTableCell-root"
          >
            APR 27TH
          </td>
          <td
            aria-sort={null}
            className="MuiTableCell-root MuiTableCell-body MuiTableCell-sizeMedium css-1ex1afd-MuiTableCell-root"
          >
            <i
              className="wi weather-icon wi-rain rain "
              title="Partly cloudy throughout the day with a chance of rain."
            />
          </td>
          <td
            aria-sort={null}
            className="MuiTableCell-root MuiTableCell-body MuiTableCell-sizeMedium border-right css-1ex1afd-MuiTableCell-root"
          >
            Rain
          </td>
          <td
            aria-sort={null}
            className="MuiTableCell-root MuiTableCell-body MuiTableCell-sizeMedium border-right css-1ex1afd-MuiTableCell-root"
          >
            41° / 60°
          </td>
          <td
            aria-sort={null}
            className="MuiTableCell-root MuiTableCell-body MuiTableCell-sizeMedium align-right css-1ex1afd-MuiTableCell-root"
          >
            52%
          </td>
          <td
            aria-sort={null}
            className="MuiTableCell-root MuiTableCell-body MuiTableCell-sizeMedium align-right border-right css-1ex1afd-MuiTableCell-root"
          >
            0"
          </td>
          <td
            aria-sort={null}
            className="MuiTableCell-root MuiTableCell-body MuiTableCell-sizeMedium align-right css-1ex1afd-MuiTableCell-root"
          >
            80.7%       
          </td>
        </tr>
        <tr
          className="MuiTableRow-root   css-1q1u3t4-MuiTableRow-root"
          role={null}
        >
          <td
            aria-sort={null}
            className="MuiTableCell-root MuiTableCell-body MuiTableCell-sizeMedium css-1ex1afd-MuiTableCell-root"
          >
            WED
          </td>
          <td
            aria-sort={null}
            className="MuiTableCell-root MuiTableCell-body MuiTableCell-sizeMedium border-right css-1ex1afd-MuiTableCell-root"
          >
            APR 28TH
          </td>
          <td
            aria-sort={null}
            className="MuiTableCell-root MuiTableCell-body MuiTableCell-sizeMedium css-1ex1afd-MuiTableCell-root"
          >
            <i
              className="wi weather-icon wi-rain rain "
              title="Cloudy skies throughout the day with rain in the morning and afternoon."
            />
          </td>
          <td
            aria-sort={null}
            className="MuiTableCell-root MuiTableCell-body MuiTableCell-sizeMedium border-right css-1ex1afd-MuiTableCell-root"
          >
            Rain
          </td>
          <td
            aria-sort={null}
            className="MuiTableCell-root MuiTableCell-body MuiTableCell-sizeMedium border-right css-1ex1afd-MuiTableCell-root"
          >
            47° / 52°
          </td>
          <td
            aria-sort={null}
            className="MuiTableCell-root MuiTableCell-body MuiTableCell-sizeMedium align-right css-1ex1afd-MuiTableCell-root"
          >
            52%
          </td>
          <td
            aria-sort={null}
            className="MuiTableCell-root MuiTableCell-body MuiTableCell-sizeMedium align-right border-right css-1ex1afd-MuiTableCell-root"
          >
            0"
          </td>
          <td
            aria-sort={null}
            className="MuiTableCell-root MuiTableCell-body MuiTableCell-sizeMedium align-right css-1ex1afd-MuiTableCell-root"
          >
            99.9%       
          </td>
        </tr>
        <tr
          className="MuiTableRow-root   css-1q1u3t4-MuiTableRow-root"
          role={null}
        >
          <td
            aria-sort={null}
            className="MuiTableCell-root MuiTableCell-body MuiTableCell-sizeMedium css-1ex1afd-MuiTableCell-root"
          >
            THU
          </td>
          <td
            aria-sort={null}
            className="MuiTableCell-root MuiTableCell-body MuiTableCell-sizeMedium border-right css-1ex1afd-MuiTableCell-root"
          >
            APR 29TH
          </td>
          <td
            aria-sort={null}
            className="MuiTableCell-root MuiTableCell-body MuiTableCell-sizeMedium css-1ex1afd-MuiTableCell-root"
          >
            <i
              className="wi weather-icon wi-cloudy cloudy sunshine-50"
              title="Partly cloudy throughout the day."
            />
          </td>
          <td
            aria-sort={null}
            className="MuiTableCell-root MuiTableCell-body MuiTableCell-sizeMedium border-right css-1ex1afd-MuiTableCell-root"
          >
            Partly cloudy day
          </td>
          <td
            aria-sort={null}
            className="MuiTableCell-root MuiTableCell-body MuiTableCell-sizeMedium border-right css-1ex1afd-MuiTableCell-root"
          >
            49° / 64°
          </td>
          <td
            aria-sort={null}
            className="MuiTableCell-root MuiTableCell-body MuiTableCell-sizeMedium align-right css-1ex1afd-MuiTableCell-root"
          >
            33%
          </td>
          <td
            aria-sort={null}
            className="MuiTableCell-root MuiTableCell-body MuiTableCell-sizeMedium align-right border-right css-1ex1afd-MuiTableCell-root"
          >
            0"
          </td>
          <td
            aria-sort={null}
            className="MuiTableCell-root MuiTableCell-body MuiTableCell-sizeMedium align-right css-1ex1afd-MuiTableCell-root"
          >
            87.5%       
          </td>
        </tr>
        <tr
          className="MuiTableRow-root   css-1q1u3t4-MuiTableRow-root"
          role={null}
        >
          <td
            aria-sort={null}
            className="MuiTableCell-root MuiTableCell-body MuiTableCell-sizeMedium css-1ex1afd-MuiTableCell-root"
          >
            FRI
          </td>
          <td
            aria-sort={null}
            className="MuiTableCell-root MuiTableCell-body MuiTableCell-sizeMedium border-right css-1ex1afd-MuiTableCell-root"
          >
            APR 30TH
          </td>
          <td
            aria-sort={null}
            className="MuiTableCell-root MuiTableCell-body MuiTableCell-sizeMedium css-1ex1afd-MuiTableCell-root"
          >
            <i
              className="wi weather-icon wi-cloudy cloudy sunshine-50"
              title="Cloudy skies throughout the day."
            />
          </td>
          <td
            aria-sort={null}
            className="MuiTableCell-root MuiTableCell-body MuiTableCell-sizeMedium border-right css-1ex1afd-MuiTableCell-root"
          >
            Cloudy
          </td>
          <td
            aria-sort={null}
            className="MuiTableCell-root MuiTableCell-body MuiTableCell-sizeMedium border-right css-1ex1afd-MuiTableCell-root"
          >
            50° / 58°
          </td>
          <td
            aria-sort={null}
            className="MuiTableCell-root MuiTableCell-body MuiTableCell-sizeMedium align-right css-1ex1afd-MuiTableCell-root"
          >
            38%
          </td>
          <td
            aria-sort={null}
            className="MuiTableCell-root MuiTableCell-body MuiTableCell-sizeMedium align-right border-right css-1ex1afd-MuiTableCell-root"
          >
            1"
          </td>
          <td
            aria-sort={null}
            className="MuiTableCell-root MuiTableCell-body MuiTableCell-sizeMedium align-right css-1ex1afd-MuiTableCell-root"
          >
            93.4%       
          </td>
        </tr>
        <tr
          className="MuiTableRow-root  weekend  css-1q1u3t4-MuiTableRow-root"
          role={null}
        >
          <td
            aria-sort={null}
            className="MuiTableCell-root MuiTableCell-body MuiTableCell-sizeMedium css-1ex1afd-MuiTableCell-root"
          >
            SAT
          </td>
          <td
            aria-sort={null}
            className="MuiTableCell-root MuiTableCell-body MuiTableCell-sizeMedium border-right css-1ex1afd-MuiTableCell-root"
          >
            MAY 1ST
          </td>
          <td
            aria-sort={null}
            className="MuiTableCell-root MuiTableCell-body MuiTableCell-sizeMedium css-1ex1afd-MuiTableCell-root"
          >
            <i
              className="wi weather-icon wi-cloudy cloudy sunshine-10"
              title="Clearing in the afternoon."
            />
          </td>
          <td
            aria-sort={null}
            className="MuiTableCell-root MuiTableCell-body MuiTableCell-sizeMedium border-right css-1ex1afd-MuiTableCell-root"
          >
            Partly cloudy day
          </td>
          <td
            aria-sort={null}
            className="MuiTableCell-root MuiTableCell-body MuiTableCell-sizeMedium border-right css-1ex1afd-MuiTableCell-root"
          >
            44° / 55°
          </td>
          <td
            aria-sort={null}
            className="MuiTableCell-root MuiTableCell-body MuiTableCell-sizeMedium align-right css-1ex1afd-MuiTableCell-root"
          >
            33%
          </td>
          <td
            aria-sort={null}
            className="MuiTableCell-root MuiTableCell-body MuiTableCell-sizeMedium align-right border-right css-1ex1afd-MuiTableCell-root"
          >
            1"
          </td>
          <td
            aria-sort={null}
            className="MuiTableCell-root MuiTableCell-body MuiTableCell-sizeMedium align-right css-1ex1afd-MuiTableCell-root"
          >
            53.1%       
          </td>
        </tr>
      </tbody>
    </table>
  </div>,
]
`;
