// Jest Snapshot v1, https://goo.gl/fbAQLP

exports[`renders a snapshot 1`] = `
Array [
  <div
    id="top"
  />,
  <div
    className="MuiFormControl-root MuiTextField-root css-1u3bzj6-MuiFormControl-root-MuiTextField-root"
  >
    <label
      className="MuiInputLabel-root MuiInputLabel-formControl MuiInputLabel-animated MuiInputLabel-outlined MuiFormLabel-root MuiFormLabel-colorPrimary css-14s5rfu-MuiFormLabel-root-MuiInputLabel-root"
      data-shrink={false}
      htmlFor="outlined-basic"
      id="outlined-basic-label"
    >
      Search Locations
    </label>
    <div
      className="MuiOutlinedInput-root MuiInputBase-root MuiInputBase-colorPrimary MuiInputBase-formControl css-9ddj71-MuiInputBase-root-MuiOutlinedInput-root"
      onClick={[Function]}
    >
      <input
        aria-invalid={false}
        autoFocus={true}
        className="MuiOutlinedInput-input MuiInputBase-input css-1t8l2tu-MuiInputBase-input-MuiOutlinedInput-input"
        defaultValue=""
        disabled={false}
        id="outlined-basic"
        onAnimationStart={[Function]}
        onBlur={[Function]}
        onChange={[Function]}
        onFocus={[Function]}
        required={false}
        type="text"
      />
      <fieldset
        aria-hidden={true}
        className="MuiOutlinedInput-notchedOutline css-1d3z3hw-MuiOutlinedInput-notchedOutline"
      >
        <legend
          className="css-1ftyaf0"
        >
          <span>
            Search Locations
          </span>
        </legend>
      </fieldset>
    </div>
  </div>,
  <div>
    <div
      className="MuiFormControl-root css-1869usk-MuiFormControl-root"
    >
      <label
        className="MuiInputLabel-root MuiInputLabel-formControl MuiInputLabel-animated MuiInputLabel-outlined MuiFormLabel-root MuiFormLabel-colorPrimary css-14s5rfu-MuiFormLabel-root-MuiInputLabel-root"
        data-shrink={false}
        id="demo-simple-select-helper-label"
      >
        Day
      </label>
      <div
        className="MuiOutlinedInput-root MuiInputBase-root MuiInputBase-colorPrimary MuiInputBase-formControl  css-1yk1gt9-MuiInputBase-root-MuiOutlinedInput-root-MuiSelect-root"
        onClick={[Function]}
      >
        <div
          aria-expanded="false"
          aria-haspopup="listbox"
          aria-labelledby="demo-simple-select-helper-label demo-simple-select-helper"
          className="MuiSelect-select MuiSelect-outlined MuiOutlinedInput-input MuiInputBase-input css-11u53oe-MuiSelect-select-MuiInputBase-input-MuiOutlinedInput-input"
          id="demo-simple-select-helper"
          onBlur={[Function]}
          onFocus={[Function]}
          onKeyDown={[Function]}
          onMouseDown={[Function]}
          role="button"
          tabIndex={0}
        >
          <span
            className="notranslate"
          >
            ​
          </span>
        </div>
        <input
          aria-hidden={true}
          className="MuiSelect-nativeInput css-yf8vq0-MuiSelect-nativeInput"
          disabled={false}
          onAnimationStart={[Function]}
          onChange={[Function]}
          required={false}
          tabIndex={-1}
          value=""
        />
        <svg
          aria-hidden={true}
          className="MuiSvgIcon-root MuiSvgIcon-fontSizeMedium MuiSelect-icon MuiSelect-iconOutlined css-hfutr2-MuiSvgIcon-root-MuiSelect-icon"
          data-testid="ArrowDropDownIcon"
          focusable="false"
          viewBox="0 0 24 24"
        >
          <path
            d="M7 10l5 5 5-5z"
          />
        </svg>
        <fieldset
          aria-hidden={true}
          className="MuiOutlinedInput-notchedOutline css-1d3z3hw-MuiOutlinedInput-notchedOutline"
        >
          <legend
            className="css-1ftyaf0"
          >
            <span>
              Age
            </span>
          </legend>
        </fieldset>
      </div>
      <p
        className="MuiFormHelperText-root MuiFormHelperText-sizeMedium MuiFormHelperText-contained css-1wc848c-MuiFormHelperText-root"
      >
        Select a day for further filtering
      </p>
    </div>
  </div>,
  <div
    className="MuiBox-root css-1v5z18m"
  >
    <span
      className="MuiSlider-colorPrimary MuiSlider-sizeMedium MuiSlider-root MuiSlider-marked css-1yq5zcd-MuiSlider-root"
      onMouseDown={[Function]}
    >
      <span
        className="MuiSlider-rail css-14pt78w-MuiSlider-rail"
      />
      <span
        className="MuiSlider-track css-1gv0vcd-MuiSlider-track"
        style={
          Object {
            "left": "20%",
            "width": "50%",
          }
        }
      />
      <span
        className="MuiSlider-mark css-1tfve6q-MuiSlider-mark"
        data-index={0}
        style={
          Object {
            "left": "0%",
          }
        }
      />
      <span
        aria-hidden={true}
        className="MuiSlider-markLabel css-yafthl-MuiSlider-markLabel"
        data-index={0}
        style={
          Object {
            "left": "0%",
          }
        }
      >
        20°C
      </span>
      <span
        className="MuiSlider-mark css-1tfve6q-MuiSlider-mark"
        data-index={1}
        style={
          Object {
            "left": "17%",
          }
        }
      />
      <span
        aria-hidden={true}
        className="MuiSlider-markLabel css-yafthl-MuiSlider-markLabel"
        data-index={1}
        style={
          Object {
            "left": "17%",
          }
        }
      >
        37°C
      </span>
      <span
        className="MuiSlider-mark css-1tfve6q-MuiSlider-mark"
        data-index={2}
        style={
          Object {
            "left": "80%",
          }
        }
      />
      <span
        aria-hidden={true}
        className="MuiSlider-markLabel css-yafthl-MuiSlider-markLabel"
        data-index={2}
        style={
          Object {
            "left": "80%",
          }
        }
      >
        100°C
      </span>
      <span
        className="MuiSlider-mark css-1tfve6q-MuiSlider-mark"
        data-index={3}
        style={
          Object {
            "left": "100%",
          }
        }
      />
      <span
        aria-hidden={true}
        className="MuiSlider-markLabel css-yafthl-MuiSlider-markLabel"
        data-index={3}
        style={
          Object {
            "left": "100%",
          }
        }
      >
        120°C
      </span>
      <span
        className="MuiSlider-thumbColorPrimary MuiSlider-thumbSizeMedium MuiSlider-thumb css-eg0mwd-MuiSlider-thumb"
        data-index={0}
        onMouseLeave={[Function]}
        onMouseOver={[Function]}
        style={
          Object {
            "left": "20%",
            "pointerEvents": "none",
          }
        }
      >
        <input
          aria-label="Minimum distance shift"
          aria-orientation="horizontal"
          aria-valuemax={120}
          aria-valuemin={20}
          aria-valuenow={40}
          aria-valuetext="40°C"
          data-index={0}
          disabled={false}
          max={120}
          min={20}
          onBlur={[Function]}
          onChange={[Function]}
          onFocus={[Function]}
          step={1}
          style={
            Object {
              "border": 0,
              "clip": "rect(0 0 0 0)",
              "direction": "ltr",
              "height": "100%",
              "margin": -1,
              "overflow": "hidden",
              "padding": 0,
              "position": "absolute",
              "whiteSpace": "nowrap",
              "width": "100%",
            }
          }
          type="range"
          value={40}
        />
        <span
          aria-hidden={true}
          className="MuiSlider-valueLabel css-17djbj3-MuiSlider-valueLabel"
        >
          <span
            className="MuiSlider-valueLabelCircle"
          >
            <span
              className="MuiSlider-valueLabelLabel"
            >
              40
            </span>
          </span>
        </span>
      </span>
      <span
        className="MuiSlider-thumbColorPrimary MuiSlider-thumbSizeMedium MuiSlider-thumb css-eg0mwd-MuiSlider-thumb"
        data-index={1}
        onMouseLeave={[Function]}
        onMouseOver={[Function]}
        style={
          Object {
            "left": "70%",
            "pointerEvents": "none",
          }
        }
      >
        <input
          aria-label="Minimum distance shift"
          aria-orientation="horizontal"
          aria-valuemax={120}
          aria-valuemin={20}
          aria-valuenow={90}
          aria-valuetext="90°C"
          data-index={1}
          disabled={false}
          max={120}
          min={20}
          onBlur={[Function]}
          onChange={[Function]}
          onFocus={[Function]}
          step={1}
          style={
            Object {
              "border": 0,
              "clip": "rect(0 0 0 0)",
              "direction": "ltr",
              "height": "100%",
              "margin": -1,
              "overflow": "hidden",
              "padding": 0,
              "position": "absolute",
              "whiteSpace": "nowrap",
              "width": "100%",
            }
          }
          type="range"
          value={90}
        />
        <span
          aria-hidden={true}
          className="MuiSlider-valueLabel css-17djbj3-MuiSlider-valueLabel"
        >
          <span
            className="MuiSlider-valueLabelCircle"
          >
            <span
              className="MuiSlider-valueLabelLabel"
            >
              90
            </span>
          </span>
        </span>
      </span>
    </span>
  </div>,
  <table
    className="MuiTable-root table table-sm weather-forecast-summary css-rqglhn-MuiTable-root"
    role={null}
  >
    <thead
      className="MuiTableHead-root table-heading css-15wwp11-MuiTableHead-root"
      role={null}
    >
      <tr
        className="MuiTableRow-root MuiTableRow-head css-1q1u3t4-MuiTableRow-root"
        role={null}
      >
        <th
          aria-sort={null}
          className="MuiTableCell-root MuiTableCell-head MuiTableCell-sizeMedium css-1ygcj2i-MuiTableCell-root"
          scope="col"
        >
          Weather Alerts
        </th>
        <th
          aria-sort={null}
          className="MuiTableCell-root MuiTableCell-head MuiTableCell-sizeMedium css-1ygcj2i-MuiTableCell-root"
          scope="col"
        >
          Location
        </th>
        <th
          aria-sort={null}
          className="MuiTableCell-root MuiTableCell-head MuiTableCell-sizeMedium css-1ygcj2i-MuiTableCell-root"
          scope="col"
        >
          SAT APR 17
        </th>
        <th
          aria-sort={null}
          className="MuiTableCell-root MuiTableCell-head MuiTableCell-sizeMedium css-1ygcj2i-MuiTableCell-root"
          scope="col"
        >
          SUN APR 18
        </th>
        <th
          aria-sort={null}
          className="MuiTableCell-root MuiTableCell-head MuiTableCell-sizeMedium css-1ygcj2i-MuiTableCell-root"
          scope="col"
        >
          MON APR 19
        </th>
        <th
          aria-sort={null}
          className="MuiTableCell-root MuiTableCell-head MuiTableCell-sizeMedium css-1ygcj2i-MuiTableCell-root"
          scope="col"
        >
          TUE APR 20
        </th>
        <th
          aria-sort={null}
          className="MuiTableCell-root MuiTableCell-head MuiTableCell-sizeMedium css-1ygcj2i-MuiTableCell-root"
          scope="col"
        >
          WED APR 21
        </th>
        <th
          aria-sort={null}
          className="MuiTableCell-root MuiTableCell-head MuiTableCell-sizeMedium css-1ygcj2i-MuiTableCell-root"
          scope="col"
        >
          THU APR 22
        </th>
        <th
          aria-sort={null}
          className="MuiTableCell-root MuiTableCell-head MuiTableCell-sizeMedium css-1ygcj2i-MuiTableCell-root"
          scope="col"
        >
          FRI APR 23
        </th>
        <th
          aria-sort={null}
          className="MuiTableCell-root MuiTableCell-head MuiTableCell-sizeMedium css-1ygcj2i-MuiTableCell-root"
          scope="col"
        >
          SAT APR 24
        </th>
        <th
          aria-sort={null}
          className="MuiTableCell-root MuiTableCell-head MuiTableCell-sizeMedium css-1ygcj2i-MuiTableCell-root"
          scope="col"
        >
          SUN APR 25
        </th>
        <th
          aria-sort={null}
          className="MuiTableCell-root MuiTableCell-head MuiTableCell-sizeMedium css-1ygcj2i-MuiTableCell-root"
          scope="col"
        >
          MON APR 26
        </th>
        <th
          aria-sort={null}
          className="MuiTableCell-root MuiTableCell-head MuiTableCell-sizeMedium css-1ygcj2i-MuiTableCell-root"
          scope="col"
        >
          TUE APR 27
        </th>
        <th
          aria-sort={null}
          className="MuiTableCell-root MuiTableCell-head MuiTableCell-sizeMedium css-1ygcj2i-MuiTableCell-root"
          scope="col"
        >
          WED APR 28
        </th>
        <th
          aria-sort={null}
          className="MuiTableCell-root MuiTableCell-head MuiTableCell-sizeMedium css-1ygcj2i-MuiTableCell-root"
          scope="col"
        >
          THU APR 29
        </th>
        <th
          aria-sort={null}
          className="MuiTableCell-root MuiTableCell-head MuiTableCell-sizeMedium css-1ygcj2i-MuiTableCell-root"
          scope="col"
        >
          FRI APR 30
        </th>
        <th
          aria-sort={null}
          className="MuiTableCell-root MuiTableCell-head MuiTableCell-sizeMedium css-1ygcj2i-MuiTableCell-root"
          scope="col"
        >
          SAT MAY 01
        </th>
      </tr>
    </thead>
    <tbody
      className="MuiTableBody-root css-apqrd9-MuiTableBody-root"
      role={null}
    >
      <tr
        className="MuiTableRow-root region-details css-1q1u3t4-MuiTableRow-root"
        role={null}
      >
        <td
          aria-sort={null}
          className="MuiTableCell-root MuiTableCell-body MuiTableCell-alignCenter MuiTableCell-sizeMedium css-1yhpg23-MuiTableCell-root"
          colSpan={17}
        >
          Cities
        </td>
      </tr>
      <tr
        className="MuiTableRow-root weather-cell css-1q1u3t4-MuiTableRow-root"
        role={null}
      >
        <td
          aria-sort={null}
          className="MuiTableCell-root MuiTableCell-body MuiTableCell-sizeMedium weather-cell css-1ex1afd-MuiTableCell-root"
        >
          N/A
        </td>
        <td
          aria-sort={null}
          className="MuiTableCell-root MuiTableCell-body MuiTableCell-sizeMedium weather-cell css-1ex1afd-MuiTableCell-root"
        >
          <a
            className="MuiTypography-root MuiTypography-inherit MuiLink-root MuiLink-underlineAlways css-1ps4owl-MuiTypography-root-MuiLink-root"
            href="#seattle"
            onBlur={[Function]}
            onFocus={[Function]}
          >
            SEATTLE CITY
          </a>
        </td>
        <td
          aria-sort={null}
          className="MuiTableCell-root MuiTableCell-body MuiTableCell-sizeMedium weather-cell center  weekend  css-1ex1afd-MuiTableCell-root"
        >
          <i
            className="wi weather-icon wi-day-sunny day-sunny "
            title="Clear conditions throughout the day."
          />
        </td>
        <td
          aria-sort={null}
          className="MuiTableCell-root MuiTableCell-body MuiTableCell-sizeMedium weather-cell center  weekend  css-1ex1afd-MuiTableCell-root"
        >
          <i
            className="wi weather-icon wi-day-sunny day-sunny "
            title="Clear conditions throughout the day."
          />
        </td>
        <td
          aria-sort={null}
          className="MuiTableCell-root MuiTableCell-body MuiTableCell-sizeMedium weather-cell center   css-1ex1afd-MuiTableCell-root"
        >
          <i
            className="wi weather-icon wi-day-sunny day-sunny "
            title="Clear conditions throughout the day."
          />
        </td>
        <td
          aria-sort={null}
          className="MuiTableCell-root MuiTableCell-body MuiTableCell-sizeMedium weather-cell center   css-1ex1afd-MuiTableCell-root"
        >
          <i
            className="wi weather-icon wi-day-cloudy day-cloudy "
            title="Partly cloudy throughout the day."
          />
        </td>
        <td
          aria-sort={null}
          className="MuiTableCell-root MuiTableCell-body MuiTableCell-sizeMedium weather-cell center   css-1ex1afd-MuiTableCell-root"
        >
          <i
            className="wi weather-icon wi-day-cloudy day-cloudy "
            title="Partly cloudy throughout the day."
          />
        </td>
        <td
          aria-sort={null}
          className="MuiTableCell-root MuiTableCell-body MuiTableCell-sizeMedium weather-cell center   css-1ex1afd-MuiTableCell-root"
        >
          <i
            className="wi weather-icon wi-rain rain "
            title="Partly cloudy throughout the day with a chance of rain."
          />
        </td>
        <td
          aria-sort={null}
          className="MuiTableCell-root MuiTableCell-body MuiTableCell-sizeMedium weather-cell center   css-1ex1afd-MuiTableCell-root"
        >
          <i
            className="wi weather-icon wi-rain rain "
            title="Partly cloudy throughout the day with morning rain."
          />
        </td>
        <td
          aria-sort={null}
          className="MuiTableCell-root MuiTableCell-body MuiTableCell-sizeMedium weather-cell center  weekend  css-1ex1afd-MuiTableCell-root"
        >
          <i
            className="wi weather-icon wi-rain rain "
            title="Cloudy skies throughout the day with a chance of rain."
          />
        </td>
        <td
          aria-sort={null}
          className="MuiTableCell-root MuiTableCell-body MuiTableCell-sizeMedium weather-cell center  weekend  css-1ex1afd-MuiTableCell-root"
        >
          <i
            className="wi weather-icon wi-rain rain "
            title="Cloudy skies throughout the day with a chance of rain throughout the day."
          />
        </td>
        <td
          aria-sort={null}
          className="MuiTableCell-root MuiTableCell-body MuiTableCell-sizeMedium weather-cell center   css-1ex1afd-MuiTableCell-root"
        >
          <i
            className="wi weather-icon wi-rain rain "
            title="Partly cloudy throughout the day with rain in the morning and afternoon."
          />
        </td>
        <td
          aria-sort={null}
          className="MuiTableCell-root MuiTableCell-body MuiTableCell-sizeMedium weather-cell center   css-1ex1afd-MuiTableCell-root"
        >
          <i
            className="wi weather-icon wi-cloudy cloudy sunshine-50"
            title="Partly cloudy throughout the day."
          />
        </td>
        <td
          aria-sort={null}
          className="MuiTableCell-root MuiTableCell-body MuiTableCell-sizeMedium weather-cell center   css-1ex1afd-MuiTableCell-root"
        >
          <i
            className="wi weather-icon wi-cloudy cloudy sunshine-50"
            title="Cloudy skies throughout the day."
          />
        </td>
        <td
          aria-sort={null}
          className="MuiTableCell-root MuiTableCell-body MuiTableCell-sizeMedium weather-cell center   css-1ex1afd-MuiTableCell-root"
        >
          <i
            className="wi weather-icon wi-cloudy cloudy sunshine-50"
            title="Partly cloudy throughout the day."
          />
        </td>
        <td
          aria-sort={null}
          className="MuiTableCell-root MuiTableCell-body MuiTableCell-sizeMedium weather-cell center   css-1ex1afd-MuiTableCell-root"
        >
          <i
            className="wi weather-icon wi-cloudy cloudy sunshine-50"
            title="Cloudy skies throughout the day."
          />
        </td>
        <td
          aria-sort={null}
          className="MuiTableCell-root MuiTableCell-body MuiTableCell-sizeMedium weather-cell center  weekend  css-1ex1afd-MuiTableCell-root"
        >
          <i
            className="wi weather-icon wi-cloudy cloudy sunshine-10"
            title="Partly cloudy throughout the day."
          />
        </td>
      </tr>
      <tr
        className="MuiTableRow-root weather-cell css-1q1u3t4-MuiTableRow-root"
        role={null}
      >
        <td
          aria-sort={null}
          className="MuiTableCell-root MuiTableCell-body MuiTableCell-sizeMedium weather-cell css-1ex1afd-MuiTableCell-root"
        >
          N/A
        </td>
        <td
          aria-sort={null}
          className="MuiTableCell-root MuiTableCell-body MuiTableCell-sizeMedium weather-cell css-1ex1afd-MuiTableCell-root"
        >
          <a
            className="MuiTypography-root MuiTypography-inherit MuiLink-root MuiLink-underlineAlways css-1ps4owl-MuiTypography-root-MuiLink-root"
            href="#bonney_lake"
            onBlur={[Function]}
            onFocus={[Function]}
          >
            BONNEY LAKE
          </a>
        </td>
        <td
          aria-sort={null}
          className="MuiTableCell-root MuiTableCell-body MuiTableCell-sizeMedium weather-cell center  weekend  css-1ex1afd-MuiTableCell-root"
        >
          <i
            className="wi weather-icon wi-day-sunny day-sunny "
            title="Clear conditions throughout the day."
          />
        </td>
        <td
          aria-sort={null}
          className="MuiTableCell-root MuiTableCell-body MuiTableCell-sizeMedium weather-cell center  weekend  css-1ex1afd-MuiTableCell-root"
        >
          <i
            className="wi weather-icon wi-day-sunny day-sunny "
            title="Clear conditions throughout the day."
          />
        </td>
        <td
          aria-sort={null}
          className="MuiTableCell-root MuiTableCell-body MuiTableCell-sizeMedium weather-cell center   css-1ex1afd-MuiTableCell-root"
        >
          <i
            className="wi weather-icon wi-day-sunny day-sunny "
            title="Clear conditions throughout the day."
          />
        </td>
        <td
          aria-sort={null}
          className="MuiTableCell-root MuiTableCell-body MuiTableCell-sizeMedium weather-cell center   css-1ex1afd-MuiTableCell-root"
        >
          <i
            className="wi weather-icon wi-rain rain "
            title="Partly cloudy throughout the day with rain in the morning and afternoon."
          />
        </td>
        <td
          aria-sort={null}
          className="MuiTableCell-root MuiTableCell-body MuiTableCell-sizeMedium weather-cell center   css-1ex1afd-MuiTableCell-root"
        >
          <i
            className="wi weather-icon wi-day-cloudy day-cloudy "
            title="Partly cloudy throughout the day."
          />
        </td>
        <td
          aria-sort={null}
          className="MuiTableCell-root MuiTableCell-body MuiTableCell-sizeMedium weather-cell center   css-1ex1afd-MuiTableCell-root"
        >
          <i
            className="wi weather-icon wi-rain rain "
            title="Partly cloudy throughout the day with a chance of rain."
          />
        </td>
        <td
          aria-sort={null}
          className="MuiTableCell-root MuiTableCell-body MuiTableCell-sizeMedium weather-cell center   css-1ex1afd-MuiTableCell-root"
        >
          <i
            className="wi weather-icon wi-rain rain "
            title="Partly cloudy throughout the day with rain."
          />
        </td>
        <td
          aria-sort={null}
          className="MuiTableCell-root MuiTableCell-body MuiTableCell-sizeMedium weather-cell center  weekend  css-1ex1afd-MuiTableCell-root"
        >
          <i
            className="wi weather-icon wi-rain rain "
            title="Cloudy skies throughout the day with rain."
          />
        </td>
        <td
          aria-sort={null}
          className="MuiTableCell-root MuiTableCell-body MuiTableCell-sizeMedium weather-cell center  weekend  css-1ex1afd-MuiTableCell-root"
        >
          <i
            className="wi weather-icon wi-rain rain "
            title="Cloudy skies throughout the day with a chance of rain."
          />
        </td>
        <td
          aria-sort={null}
          className="MuiTableCell-root MuiTableCell-body MuiTableCell-sizeMedium weather-cell center   css-1ex1afd-MuiTableCell-root"
        >
          <i
            className="wi weather-icon wi-rain rain "
            title="Cloudy skies throughout the day with a chance of rain."
          />
        </td>
        <td
          aria-sort={null}
          className="MuiTableCell-root MuiTableCell-body MuiTableCell-sizeMedium weather-cell center   css-1ex1afd-MuiTableCell-root"
        >
          <i
            className="wi weather-icon wi-rain rain "
            title="Partly cloudy throughout the day with a chance of rain."
          />
        </td>
        <td
          aria-sort={null}
          className="MuiTableCell-root MuiTableCell-body MuiTableCell-sizeMedium weather-cell center   css-1ex1afd-MuiTableCell-root"
        >
          <i
            className="wi weather-icon wi-rain rain "
            title="Cloudy skies throughout the day with rain in the morning and afternoon."
          />
        </td>
        <td
          aria-sort={null}
          className="MuiTableCell-root MuiTableCell-body MuiTableCell-sizeMedium weather-cell center   css-1ex1afd-MuiTableCell-root"
        >
          <i
            className="wi weather-icon wi-cloudy cloudy sunshine-50"
            title="Partly cloudy throughout the day."
          />
        </td>
        <td
          aria-sort={null}
          className="MuiTableCell-root MuiTableCell-body MuiTableCell-sizeMedium weather-cell center   css-1ex1afd-MuiTableCell-root"
        >
          <i
            className="wi weather-icon wi-cloudy cloudy sunshine-50"
            title="Cloudy skies throughout the day."
          />
        </td>
        <td
          aria-sort={null}
          className="MuiTableCell-root MuiTableCell-body MuiTableCell-sizeMedium weather-cell center  weekend  css-1ex1afd-MuiTableCell-root"
        >
          <i
            className="wi weather-icon wi-cloudy cloudy sunshine-10"
            title="Clearing in the afternoon."
          />
        </td>
      </tr>
    </tbody>
  </table>,
  <div
    id="seattle"
  >
    <table
      className="MuiTable-root location-details css-rqglhn-MuiTable-root"
      role={null}
    >
      <thead
        className="MuiTableHead-root css-15wwp11-MuiTableHead-root"
        role={null}
      >
        <tr
          className="MuiTableRow-root MuiTableRow-head heading css-1q1u3t4-MuiTableRow-root"
          role={null}
        >
          <th
            aria-sort={null}
            className="MuiTableCell-root MuiTableCell-head MuiTableCell-sizeMedium heading css-1ygcj2i-MuiTableCell-root"
            colSpan={8}
            scope="col"
          >
            SEATTLE CITY  
            <a
              className="MuiTypography-root MuiTypography-inherit MuiLink-root MuiLink-underlineAlways css-1ps4owl-MuiTypography-root-MuiLink-root"
              href="#top"
              onBlur={[Function]}
              onFocus={[Function]}
            >
              (top)
            </a>
          </th>
        </tr>
        <tr
          className="MuiTableRow-root MuiTableRow-head secondary-heading css-1q1u3t4-MuiTableRow-root"
          role={null}
        >
          <th
            aria-sort={null}
            className="MuiTableCell-root MuiTableCell-head MuiTableCell-sizeMedium center border-right css-1ygcj2i-MuiTableCell-root"
            colSpan={2}
            scope="col"
          >
            DATE
          </th>
          <th
            aria-sort={null}
            className="MuiTableCell-root MuiTableCell-head MuiTableCell-sizeMedium center border-right css-1ygcj2i-MuiTableCell-root"
            colSpan={2}
            scope="col"
          >
            DETAILS
          </th>
          <th
            aria-sort={null}
            className="MuiTableCell-root MuiTableCell-head MuiTableCell-sizeMedium border-right css-1ygcj2i-MuiTableCell-root"
            scope="col"
          >
            LOW / HIGH
          </th>
          <th
            aria-sort={null}
            className="MuiTableCell-root MuiTableCell-head MuiTableCell-sizeMedium center border-right css-1ygcj2i-MuiTableCell-root"
            colSpan={2}
            scope="col"
          >
            PRECIP
          </th>
          <th
            aria-sort={null}
            className="MuiTableCell-root MuiTableCell-head MuiTableCell-sizeMedium css-1ygcj2i-MuiTableCell-root"
            scope="col"
          >
            CLOUD COV
          </th>
        </tr>
      </thead>
      <tbody
        className="MuiTableBody-root css-apqrd9-MuiTableBody-root"
        role={null}
      >
        <tr
          className="MuiTableRow-root  weekend  css-1q1u3t4-MuiTableRow-root"
          role={null}
        >
          <td
            aria-sort={null}
            className="MuiTableCell-root MuiTableCell-body MuiTableCell-sizeMedium css-1ex1afd-MuiTableCell-root"
          >
            SAT
          </td>
          <td
            aria-sort={null}
            className="MuiTableCell-root MuiTableCell-body MuiTableCell-sizeMedium border-right css-1ex1afd-MuiTableCell-root"
          >
            APR 17TH
          </td>
          <td
            aria-sort={null}
            className="MuiTableCell-root MuiTableCell-body MuiTableCell-sizeMedium css-1ex1afd-MuiTableCell-root"
          >
            <i
              className="wi weather-icon wi-day-sunny day-sunny "
              title="Clear conditions throughout the day."
            />
          </td>
          <td
            aria-sort={null}
            className="MuiTableCell-root MuiTableCell-body MuiTableCell-sizeMedium border-right css-1ex1afd-MuiTableCell-root"
          >
            Clear day
          </td>
          <td
            aria-sort={null}
            className="MuiTableCell-root MuiTableCell-body MuiTableCell-sizeMedium border-right css-1ex1afd-MuiTableCell-root"
          >
            47° / 75°
          </td>
          <td
            aria-sort={null}
            className="MuiTableCell-root MuiTableCell-body MuiTableCell-sizeMedium align-right css-1ex1afd-MuiTableCell-root"
          >
            0%
          </td>
          <td
            aria-sort={null}
            className="MuiTableCell-root MuiTableCell-body MuiTableCell-sizeMedium align-right border-right css-1ex1afd-MuiTableCell-root"
          >
            0"
          </td>
          <td
            aria-sort={null}
            className="MuiTableCell-root MuiTableCell-body MuiTableCell-sizeMedium align-right css-1ex1afd-MuiTableCell-root"
          >
            1.8%       
          </td>
        </tr>
        <tr
          className="MuiTableRow-root  weekend  css-1q1u3t4-MuiTableRow-root"
          role={null}
        >
          <td
            aria-sort={null}
            className="MuiTableCell-root MuiTableCell-body MuiTableCell-sizeMedium css-1ex1afd-MuiTableCell-root"
          >
            SUN
          </td>
          <td
            aria-sort={null}
            className="MuiTableCell-root MuiTableCell-body MuiTableCell-sizeMedium border-right css-1ex1afd-MuiTableCell-root"
          >
            APR 18TH
          </td>
          <td
            aria-sort={null}
            className="MuiTableCell-root MuiTableCell-body MuiTableCell-sizeMedium css-1ex1afd-MuiTableCell-root"
          >
            <i
              className="wi weather-icon wi-day-sunny day-sunny "
              title="Clear conditions throughout the day."
            />
          </td>
          <td
            aria-sort={null}
            className="MuiTableCell-root MuiTableCell-body MuiTableCell-sizeMedium border-right css-1ex1afd-MuiTableCell-root"
          >
            Clear day
          </td>
          <td
            aria-sort={null}
            className="MuiTableCell-root MuiTableCell-body MuiTableCell-sizeMedium border-right css-1ex1afd-MuiTableCell-root"
          >
            52° / 73°
          </td>
          <td
            aria-sort={null}
            className="MuiTableCell-root MuiTableCell-body MuiTableCell-sizeMedium align-right css-1ex1afd-MuiTableCell-root"
          >
            0%
          </td>
          <td
            aria-sort={null}
            className="MuiTableCell-root MuiTableCell-body MuiTableCell-sizeMedium align-right border-right css-1ex1afd-MuiTableCell-root"
          >
            0"
          </td>
          <td
            aria-sort={null}
            className="MuiTableCell-root MuiTableCell-body MuiTableCell-sizeMedium align-right css-1ex1afd-MuiTableCell-root"
          >
            14.3%       
          </td>
        </tr>
        <tr
          className="MuiTableRow-root   css-1q1u3t4-MuiTableRow-root"
          role={null}
        >
          <td
            aria-sort={null}
            className="MuiTableCell-root MuiTableCell-body MuiTableCell-sizeMedium css-1ex1afd-MuiTableCell-root"
          >
            MON
          </td>
          <td
            aria-sort={null}
            className="MuiTableCell-root MuiTableCell-body MuiTableCell-sizeMedium border-right css-1ex1afd-MuiTableCell-root"
          >
            APR 19TH
          </td>
          <td
            aria-sort={null}
            className="MuiTableCell-root MuiTableCell-body MuiTableCell-sizeMedium css-1ex1afd-MuiTableCell-root"
          >
            <i
              className="wi weather-icon wi-day-sunny day-sunny "
              title="Clear conditions throughout the day."
            />
          </td>
          <td
            aria-sort={null}
            className="MuiTableCell-root MuiTableCell-body MuiTableCell-sizeMedium border-right css-1ex1afd-MuiTableCell-root"
          >
            Clear day
          </td>
          <td
            aria-sort={null}
            className="MuiTableCell-root MuiTableCell-body MuiTableCell-sizeMedium border-right css-1ex1afd-MuiTableCell-root"
          >
            52° / 70°
          </td>
          <td
            aria-sort={null}
            className="MuiTableCell-root MuiTableCell-body MuiTableCell-sizeMedium align-right css-1ex1afd-MuiTableCell-root"
          >
            0%
          </td>
          <td
            aria-sort={null}
            className="MuiTableCell-root MuiTableCell-body MuiTableCell-sizeMedium align-right border-right css-1ex1afd-MuiTableCell-root"
          >
            0"
          </td>
          <td
            aria-sort={null}
            className="MuiTableCell-root MuiTableCell-body MuiTableCell-sizeMedium align-right css-1ex1afd-MuiTableCell-root"
          >
            18.5%       
          </td>
        </tr>
        <tr
          className="MuiTableRow-root   css-1q1u3t4-MuiTableRow-root"
          role={null}
        >
          <td
            aria-sort={null}
            className="MuiTableCell-root MuiTableCell-body MuiTableCell-sizeMedium css-1ex1afd-MuiTableCell-root"
          >
            TUE
          </td>
          <td
            aria-sort={null}
            className="MuiTableCell-root MuiTableCell-body MuiTableCell-sizeMedium border-right css-1ex1afd-MuiTableCell-root"
          >
            APR 20TH
          </td>
          <td
            aria-sort={null}
            className="MuiTableCell-root MuiTableCell-body MuiTableCell-sizeMedium css-1ex1afd-MuiTableCell-root"
          >
            <i
              className="wi weather-icon wi-day-cloudy day-cloudy "
              title="Partly cloudy throughout the day."
            />
          </td>
          <td
            aria-sort={null}
            className="MuiTableCell-root MuiTableCell-body MuiTableCell-sizeMedium border-right css-1ex1afd-MuiTableCell-root"
          >
            Partly cloudy day
          </td>
          <td
            aria-sort={null}
            className="MuiTableCell-root MuiTableCell-body MuiTableCell-sizeMedium border-right css-1ex1afd-MuiTableCell-root"
          >
            51° / 66°
          </td>
          <td
            aria-sort={null}
            className="MuiTableCell-root MuiTableCell-body MuiTableCell-sizeMedium align-right css-1ex1afd-MuiTableCell-root"
          >
            19%
          </td>
          <td
            aria-sort={null}
            className="MuiTableCell-root MuiTableCell-body MuiTableCell-sizeMedium align-right border-right css-1ex1afd-MuiTableCell-root"
          >
            0"
          </td>
          <td
            aria-sort={null}
            className="MuiTableCell-root MuiTableCell-body MuiTableCell-sizeMedium align-right css-1ex1afd-MuiTableCell-root"
          >
            33.2%       
          </td>
        </tr>
        <tr
          className="MuiTableRow-root   css-1q1u3t4-MuiTableRow-root"
          role={null}
        >
          <td
            aria-sort={null}
            className="MuiTableCell-root MuiTableCell-body MuiTableCell-sizeMedium css-1ex1afd-MuiTableCell-root"
          >
            WED
          </td>
          <td
            aria-sort={null}
            className="MuiTableCell-root MuiTableCell-body MuiTableCell-sizeMedium border-right css-1ex1afd-MuiTableCell-root"
          >
            APR 21ST
          </td>
          <td
            aria-sort={null}
            className="MuiTableCell-root MuiTableCell-body MuiTableCell-sizeMedium css-1ex1afd-MuiTableCell-root"
          >
            <i
              className="wi weather-icon wi-day-cloudy day-cloudy "
              title="Partly cloudy throughout the day."
            />
          </td>
          <td
            aria-sort={null}
            className="MuiTableCell-root MuiTableCell-body MuiTableCell-sizeMedium border-right css-1ex1afd-MuiTableCell-root"
          >
            Partly cloudy day
          </td>
          <td
            aria-sort={null}
            className="MuiTableCell-root MuiTableCell-body MuiTableCell-sizeMedium border-right css-1ex1afd-MuiTableCell-root"
          >
            49° / 65°
          </td>
          <td
            aria-sort={null}
            className="MuiTableCell-root MuiTableCell-body MuiTableCell-sizeMedium align-right css-1ex1afd-MuiTableCell-root"
          >
            5%
          </td>
          <td
            aria-sort={null}
            className="MuiTableCell-root MuiTableCell-body MuiTableCell-sizeMedium align-right border-right css-1ex1afd-MuiTableCell-root"
          >
            0"
          </td>
          <td
            aria-sort={null}
            className="MuiTableCell-root MuiTableCell-body MuiTableCell-sizeMedium align-right css-1ex1afd-MuiTableCell-root"
          >
            31.3%       
          </td>
        </tr>
        <tr
          className="MuiTableRow-root   css-1q1u3t4-MuiTableRow-root"
          role={null}
        >
          <td
            aria-sort={null}
            className="MuiTableCell-root MuiTableCell-body MuiTableCell-sizeMedium css-1ex1afd-MuiTableCell-root"
          >
            THU
          </td>
          <td
            aria-sort={null}
            className="MuiTableCell-root MuiTableCell-body MuiTableCell-sizeMedium border-right css-1ex1afd-MuiTableCell-root"
          >
            APR 22ND
          </td>
          <td
            aria-sort={null}
            className="MuiTableCell-root MuiTableCell-body MuiTableCell-sizeMedium css-1ex1afd-MuiTableCell-root"
          >
            <i
              className="wi weather-icon wi-rain rain "
              title="Partly cloudy throughout the day with a chance of rain."
            />
          </td>
          <td
            aria-sort={null}
            className="MuiTableCell-root MuiTableCell-body MuiTableCell-sizeMedium border-right css-1ex1afd-MuiTableCell-root"
          >
            Rain
          </td>
          <td
            aria-sort={null}
            className="MuiTableCell-root MuiTableCell-body MuiTableCell-sizeMedium border-right css-1ex1afd-MuiTableCell-root"
          >
            49° / 61°
          </td>
          <td
            aria-sort={null}
            className="MuiTableCell-root MuiTableCell-body MuiTableCell-sizeMedium align-right css-1ex1afd-MuiTableCell-root"
          >
            48%
          </td>
          <td
            aria-sort={null}
            className="MuiTableCell-root MuiTableCell-body MuiTableCell-sizeMedium align-right border-right css-1ex1afd-MuiTableCell-root"
          >
            0"
          </td>
          <td
            aria-sort={null}
            className="MuiTableCell-root MuiTableCell-body MuiTableCell-sizeMedium align-right css-1ex1afd-MuiTableCell-root"
          >
            55%       
          </td>
        </tr>
        <tr
          className="MuiTableRow-root   css-1q1u3t4-MuiTableRow-root"
          role={null}
        >
          <td
            aria-sort={null}
            className="MuiTableCell-root MuiTableCell-body MuiTableCell-sizeMedium css-1ex1afd-MuiTableCell-root"
          >
            FRI
          </td>
          <td
            aria-sort={null}
            className="MuiTableCell-root MuiTableCell-body MuiTableCell-sizeMedium border-right css-1ex1afd-MuiTableCell-root"
          >
            APR 23RD
          </td>
          <td
            aria-sort={null}
            className="MuiTableCell-root MuiTableCell-body MuiTableCell-sizeMedium css-1ex1afd-MuiTableCell-root"
          >
            <i
              className="wi weather-icon wi-rain rain "
              title="Partly cloudy throughout the day with morning rain."
            />
          </td>
          <td
            aria-sort={null}
            className="MuiTableCell-root MuiTableCell-body MuiTableCell-sizeMedium border-right css-1ex1afd-MuiTableCell-root"
          >
            Rain
          </td>
          <td
            aria-sort={null}
            className="MuiTableCell-root MuiTableCell-body MuiTableCell-sizeMedium border-right css-1ex1afd-MuiTableCell-root"
          >
            49° / 59°
          </td>
          <td
            aria-sort={null}
            className="MuiTableCell-root MuiTableCell-body MuiTableCell-sizeMedium align-right css-1ex1afd-MuiTableCell-root"
          >
            86%
          </td>
          <td
            aria-sort={null}
            className="MuiTableCell-root MuiTableCell-body MuiTableCell-sizeMedium align-right border-right css-1ex1afd-MuiTableCell-root"
          >
            0"
          </td>
          <td
            aria-sort={null}
            className="MuiTableCell-root MuiTableCell-body MuiTableCell-sizeMedium align-right css-1ex1afd-MuiTableCell-root"
          >
            80%       
          </td>
        </tr>
        <tr
          className="MuiTableRow-root  weekend  css-1q1u3t4-MuiTableRow-root"
          role={null}
        >
          <td
            aria-sort={null}
            className="MuiTableCell-root MuiTableCell-body MuiTableCell-sizeMedium css-1ex1afd-MuiTableCell-root"
          >
            SAT
          </td>
          <td
            aria-sort={null}
            className="MuiTableCell-root MuiTableCell-body MuiTableCell-sizeMedium border-right css-1ex1afd-MuiTableCell-root"
          >
            APR 24TH
          </td>
          <td
            aria-sort={null}
            className="MuiTableCell-root MuiTableCell-body MuiTableCell-sizeMedium css-1ex1afd-MuiTableCell-root"
          >
            <i
              className="wi weather-icon wi-rain rain "
              title="Cloudy skies throughout the day with a chance of rain."
            />
          </td>
          <td
            aria-sort={null}
            className="MuiTableCell-root MuiTableCell-body MuiTableCell-sizeMedium border-right css-1ex1afd-MuiTableCell-root"
          >
            Rain
          </td>
          <td
            aria-sort={null}
            className="MuiTableCell-root MuiTableCell-body MuiTableCell-sizeMedium border-right css-1ex1afd-MuiTableCell-root"
          >
            50° / 66°
          </td>
          <td
            aria-sort={null}
            className="MuiTableCell-root MuiTableCell-body MuiTableCell-sizeMedium align-right css-1ex1afd-MuiTableCell-root"
          >
            76%
          </td>
          <td
            aria-sort={null}
            className="MuiTableCell-root MuiTableCell-body MuiTableCell-sizeMedium align-right border-right css-1ex1afd-MuiTableCell-root"
          >
            0"
          </td>
          <td
            aria-sort={null}
            className="MuiTableCell-root MuiTableCell-body MuiTableCell-sizeMedium align-right css-1ex1afd-MuiTableCell-root"
          >
            100%       
          </td>
        </tr>
        <tr
          className="MuiTableRow-root  weekend  css-1q1u3t4-MuiTableRow-root"
          role={null}
        >
          <td
            aria-sort={null}
            className="MuiTableCell-root MuiTableCell-body MuiTableCell-sizeMedium css-1ex1afd-MuiTableCell-root"
          >
            SUN
          </td>
          <td
            aria-sort={null}
            className="MuiTableCell-root MuiTableCell-body MuiTableCell-sizeMedium border-right css-1ex1afd-MuiTableCell-root"
          >
            APR 25TH
          </td>
          <td
            aria-sort={null}
            className="MuiTableCell-root MuiTableCell-body MuiTableCell-sizeMedium css-1ex1afd-MuiTableCell-root"
          >
            <i
              className="wi weather-icon wi-rain rain "
              title="Cloudy skies throughout the day with a chance of rain throughout the day."
            />
          </td>
          <td
            aria-sort={null}
            className="MuiTableCell-root MuiTableCell-body MuiTableCell-sizeMedium border-right css-1ex1afd-MuiTableCell-root"
          >
            Rain
          </td>
          <td
            aria-sort={null}
            className="MuiTableCell-root MuiTableCell-body MuiTableCell-sizeMedium border-right css-1ex1afd-MuiTableCell-root"
          >
            49° / 56°
          </td>
          <td
            aria-sort={null}
            className="MuiTableCell-root MuiTableCell-body MuiTableCell-sizeMedium align-right css-1ex1afd-MuiTableCell-root"
          >
            71%
          </td>
          <td
            aria-sort={null}
            className="MuiTableCell-root MuiTableCell-body MuiTableCell-sizeMedium align-right border-right css-1ex1afd-MuiTableCell-root"
          >
            0"
          </td>
          <td
            aria-sort={null}
            className="MuiTableCell-root MuiTableCell-body MuiTableCell-sizeMedium align-right css-1ex1afd-MuiTableCell-root"
          >
            100%       
          </td>
        </tr>
        <tr
          className="MuiTableRow-root   css-1q1u3t4-MuiTableRow-root"
          role={null}
        >
          <td
            aria-sort={null}
            className="MuiTableCell-root MuiTableCell-body MuiTableCell-sizeMedium css-1ex1afd-MuiTableCell-root"
          >
            MON
          </td>
          <td
            aria-sort={null}
            className="MuiTableCell-root MuiTableCell-body MuiTableCell-sizeMedium border-right css-1ex1afd-MuiTableCell-root"
          >
            APR 26TH
          </td>
          <td
            aria-sort={null}
            className="MuiTableCell-root MuiTableCell-body MuiTableCell-sizeMedium css-1ex1afd-MuiTableCell-root"
          >
            <i
              className="wi weather-icon wi-rain rain "
              title="Partly cloudy throughout the day with rain in the morning and afternoon."
            />
          </td>
          <td
            aria-sort={null}
            className="MuiTableCell-root MuiTableCell-body MuiTableCell-sizeMedium border-right css-1ex1afd-MuiTableCell-root"
          >
            Rain
          </td>
          <td
            aria-sort={null}
            className="MuiTableCell-root MuiTableCell-body MuiTableCell-sizeMedium border-right css-1ex1afd-MuiTableCell-root"
          >
            46° / 56°
          </td>
          <td
            aria-sort={null}
            className="MuiTableCell-root MuiTableCell-body MuiTableCell-sizeMedium align-right css-1ex1afd-MuiTableCell-root"
          >
            48%
          </td>
          <td
            aria-sort={null}
            className="MuiTableCell-root MuiTableCell-body MuiTableCell-sizeMedium align-right border-right css-1ex1afd-MuiTableCell-root"
          >
            0"
          </td>
          <td
            aria-sort={null}
            className="MuiTableCell-root MuiTableCell-body MuiTableCell-sizeMedium align-right css-1ex1afd-MuiTableCell-root"
          >
            74.4%       
          </td>
        </tr>
        <tr
          className="MuiTableRow-root   css-1q1u3t4-MuiTableRow-root"
          role={null}
        >
          <td
            aria-sort={null}
            className="MuiTableCell-root MuiTableCell-body MuiTableCell-sizeMedium css-1ex1afd-MuiTableCell-root"
          >
            TUE
          </td>
          <td
            aria-sort={null}
            className="MuiTableCell-root MuiTableCell-body MuiTableCell-sizeMedium border-right css-1ex1afd-MuiTableCell-root"
          >
            APR 27TH
          </td>
          <td
            aria-sort={null}
            className="MuiTableCell-root MuiTableCell-body MuiTableCell-sizeMedium css-1ex1afd-MuiTableCell-root"
          >
            <i
              className="wi weather-icon wi-cloudy cloudy sunshine-50"
              title="Partly cloudy throughout the day."
            />
          </td>
          <td
            aria-sort={null}
            className="MuiTableCell-root MuiTableCell-body MuiTableCell-sizeMedium border-right css-1ex1afd-MuiTableCell-root"
          >
            Partly cloudy day
          </td>
          <td
            aria-sort={null}
            className="MuiTableCell-root MuiTableCell-body MuiTableCell-sizeMedium border-right css-1ex1afd-MuiTableCell-root"
          >
            43° / 58°
          </td>
          <td
            aria-sort={null}
            className="MuiTableCell-root MuiTableCell-body MuiTableCell-sizeMedium align-right css-1ex1afd-MuiTableCell-root"
          >
            43%
          </td>
          <td
            aria-sort={null}
            className="MuiTableCell-root MuiTableCell-body MuiTableCell-sizeMedium align-right border-right css-1ex1afd-MuiTableCell-root"
          >
            0"
          </td>
          <td
            aria-sort={null}
            className="MuiTableCell-root MuiTableCell-body MuiTableCell-sizeMedium align-right css-1ex1afd-MuiTableCell-root"
          >
            82.5%       
          </td>
        </tr>
        <tr
          className="MuiTableRow-root   css-1q1u3t4-MuiTableRow-root"
          role={null}
        >
          <td
            aria-sort={null}
            className="MuiTableCell-root MuiTableCell-body MuiTableCell-sizeMedium css-1ex1afd-MuiTableCell-root"
          >
            WED
          </td>
          <td
            aria-sort={null}
            className="MuiTableCell-root MuiTableCell-body MuiTableCell-sizeMedium border-right css-1ex1afd-MuiTableCell-root"
          >
            APR 28TH
          </td>
          <td
            aria-sort={null}
            className="MuiTableCell-root MuiTableCell-body MuiTableCell-sizeMedium css-1ex1afd-MuiTableCell-root"
          >
            <i
              className="wi weather-icon wi-cloudy cloudy sunshine-50"
              title="Cloudy skies throughout the day."
            />
          </td>
          <td
            aria-sort={null}
            className="MuiTableCell-root MuiTableCell-body MuiTableCell-sizeMedium border-right css-1ex1afd-MuiTableCell-root"
          >
            Cloudy
          </td>
          <td
            aria-sort={null}
            className="MuiTableCell-root MuiTableCell-body MuiTableCell-sizeMedium border-right css-1ex1afd-MuiTableCell-root"
          >
            47° / 51°
          </td>
          <td
            aria-sort={null}
            className="MuiTableCell-root MuiTableCell-body MuiTableCell-sizeMedium align-right css-1ex1afd-MuiTableCell-root"
          >
            43%
          </td>
          <td
            aria-sort={null}
            className="MuiTableCell-root MuiTableCell-body MuiTableCell-sizeMedium align-right border-right css-1ex1afd-MuiTableCell-root"
          >
            0"
          </td>
          <td
            aria-sort={null}
            className="MuiTableCell-root MuiTableCell-body MuiTableCell-sizeMedium align-right css-1ex1afd-MuiTableCell-root"
          >
            100%       
          </td>
        </tr>
        <tr
          className="MuiTableRow-root   css-1q1u3t4-MuiTableRow-root"
          role={null}
        >
          <td
            aria-sort={null}
            className="MuiTableCell-root MuiTableCell-body MuiTableCell-sizeMedium css-1ex1afd-MuiTableCell-root"
          >
            THU
          </td>
          <td
            aria-sort={null}
            className="MuiTableCell-root MuiTableCell-body MuiTableCell-sizeMedium border-right css-1ex1afd-MuiTableCell-root"
          >
            APR 29TH
          </td>
          <td
            aria-sort={null}
            className="MuiTableCell-root MuiTableCell-body MuiTableCell-sizeMedium css-1ex1afd-MuiTableCell-root"
          >
            <i
              className="wi weather-icon wi-cloudy cloudy sunshine-50"
              title="Partly cloudy throughout the day."
            />
          </td>
          <td
            aria-sort={null}
            className="MuiTableCell-root MuiTableCell-body MuiTableCell-sizeMedium border-right css-1ex1afd-MuiTableCell-root"
          >
            Partly cloudy day
          </td>
          <td
            aria-sort={null}
            className="MuiTableCell-root MuiTableCell-body MuiTableCell-sizeMedium border-right css-1ex1afd-MuiTableCell-root"
          >
            50° / 62°
          </td>
          <td
            aria-sort={null}
            className="MuiTableCell-root MuiTableCell-body MuiTableCell-sizeMedium align-right css-1ex1afd-MuiTableCell-root"
          >
            29%
          </td>
          <td
            aria-sort={null}
            className="MuiTableCell-root MuiTableCell-body MuiTableCell-sizeMedium align-right border-right css-1ex1afd-MuiTableCell-root"
          >
            0"
          </td>
          <td
            aria-sort={null}
            className="MuiTableCell-root MuiTableCell-body MuiTableCell-sizeMedium align-right css-1ex1afd-MuiTableCell-root"
          >
            89.1%       
          </td>
        </tr>
        <tr
          className="MuiTableRow-root   css-1q1u3t4-MuiTableRow-root"
          role={null}
        >
          <td
            aria-sort={null}
            className="MuiTableCell-root MuiTableCell-body MuiTableCell-sizeMedium css-1ex1afd-MuiTableCell-root"
          >
            FRI
          </td>
          <td
            aria-sort={null}
            className="MuiTableCell-root MuiTableCell-body MuiTableCell-sizeMedium border-right css-1ex1afd-MuiTableCell-root"
          >
            APR 30TH
          </td>
          <td
            aria-sort={null}
            className="MuiTableCell-root MuiTableCell-body MuiTableCell-sizeMedium css-1ex1afd-MuiTableCell-root"
          >
            <i
              className="wi weather-icon wi-cloudy cloudy sunshine-50"
              title="Cloudy skies throughout the day."
            />
          </td>
          <td
            aria-sort={null}
            className="MuiTableCell-root MuiTableCell-body MuiTableCell-sizeMedium border-right css-1ex1afd-MuiTableCell-root"
          >
            Cloudy
          </td>
          <td
            aria-sort={null}
            className="MuiTableCell-root MuiTableCell-body MuiTableCell-sizeMedium border-right css-1ex1afd-MuiTableCell-root"
          >
            51° / 60°
          </td>
          <td
            aria-sort={null}
            className="MuiTableCell-root MuiTableCell-body MuiTableCell-sizeMedium align-right css-1ex1afd-MuiTableCell-root"
          >
            24%
          </td>
          <td
            aria-sort={null}
            className="MuiTableCell-root MuiTableCell-body MuiTableCell-sizeMedium align-right border-right css-1ex1afd-MuiTableCell-root"
          >
            1"
          </td>
          <td
            aria-sort={null}
            className="MuiTableCell-root MuiTableCell-body MuiTableCell-sizeMedium align-right css-1ex1afd-MuiTableCell-root"
          >
            97.4%       
          </td>
        </tr>
        <tr
          className="MuiTableRow-root  weekend  css-1q1u3t4-MuiTableRow-root"
          role={null}
        >
          <td
            aria-sort={null}
            className="MuiTableCell-root MuiTableCell-body MuiTableCell-sizeMedium css-1ex1afd-MuiTableCell-root"
          >
            SAT
          </td>
          <td
            aria-sort={null}
            className="MuiTableCell-root MuiTableCell-body MuiTableCell-sizeMedium border-right css-1ex1afd-MuiTableCell-root"
          >
            MAY 1ST
          </td>
          <td
            aria-sort={null}
            className="MuiTableCell-root MuiTableCell-body MuiTableCell-sizeMedium css-1ex1afd-MuiTableCell-root"
          >
            <i
              className="wi weather-icon wi-cloudy cloudy sunshine-10"
              title="Partly cloudy throughout the day."
            />
          </td>
          <td
            aria-sort={null}
            className="MuiTableCell-root MuiTableCell-body MuiTableCell-sizeMedium border-right css-1ex1afd-MuiTableCell-root"
          >
            Partly cloudy day
          </td>
          <td
            aria-sort={null}
            className="MuiTableCell-root MuiTableCell-body MuiTableCell-sizeMedium border-right css-1ex1afd-MuiTableCell-root"
          >
            46° / 56°
          </td>
          <td
            aria-sort={null}
            className="MuiTableCell-root MuiTableCell-body MuiTableCell-sizeMedium align-right css-1ex1afd-MuiTableCell-root"
          >
            29%
          </td>
          <td
            aria-sort={null}
            className="MuiTableCell-root MuiTableCell-body MuiTableCell-sizeMedium align-right border-right css-1ex1afd-MuiTableCell-root"
          >
            1"
          </td>
          <td
            aria-sort={null}
            className="MuiTableCell-root MuiTableCell-body MuiTableCell-sizeMedium align-right css-1ex1afd-MuiTableCell-root"
          >
            55.1%       
          </td>
        </tr>
      </tbody>
    </table>
  </div>,
  <div
    id="bonney_lake"
  >
    <table
      className="MuiTable-root location-details css-rqglhn-MuiTable-root"
      role={null}
    >
      <thead
        className="MuiTableHead-root css-15wwp11-MuiTableHead-root"
        role={null}
      >
        <tr
          className="MuiTableRow-root MuiTableRow-head heading css-1q1u3t4-MuiTableRow-root"
          role={null}
        >
          <th
            aria-sort={null}
            className="MuiTableCell-root MuiTableCell-head MuiTableCell-sizeMedium heading css-1ygcj2i-MuiTableCell-root"
            colSpan={8}
            scope="col"
          >
            BONNEY LAKE  
            <a
              className="MuiTypography-root MuiTypography-inherit MuiLink-root MuiLink-underlineAlways css-1ps4owl-MuiTypography-root-MuiLink-root"
              href="#top"
              onBlur={[Function]}
              onFocus={[Function]}
            >
              (top)
            </a>
          </th>
        </tr>
        <tr
          className="MuiTableRow-root MuiTableRow-head secondary-heading css-1q1u3t4-MuiTableRow-root"
          role={null}
        >
          <th
            aria-sort={null}
            className="MuiTableCell-root MuiTableCell-head MuiTableCell-sizeMedium center border-right css-1ygcj2i-MuiTableCell-root"
            colSpan={2}
            scope="col"
          >
            DATE
          </th>
          <th
            aria-sort={null}
            className="MuiTableCell-root MuiTableCell-head MuiTableCell-sizeMedium center border-right css-1ygcj2i-MuiTableCell-root"
            colSpan={2}
            scope="col"
          >
            DETAILS
          </th>
          <th
            aria-sort={null}
            className="MuiTableCell-root MuiTableCell-head MuiTableCell-sizeMedium border-right css-1ygcj2i-MuiTableCell-root"
            scope="col"
          >
            LOW / HIGH
          </th>
          <th
            aria-sort={null}
            className="MuiTableCell-root MuiTableCell-head MuiTableCell-sizeMedium center border-right css-1ygcj2i-MuiTableCell-root"
            colSpan={2}
            scope="col"
          >
            PRECIP
          </th>
          <th
            aria-sort={null}
            className="MuiTableCell-root MuiTableCell-head MuiTableCell-sizeMedium css-1ygcj2i-MuiTableCell-root"
            scope="col"
          >
            CLOUD COV
          </th>
        </tr>
      </thead>
      <tbody
        className="MuiTableBody-root css-apqrd9-MuiTableBody-root"
        role={null}
      >
        <tr
          className="MuiTableRow-root  weekend  css-1q1u3t4-MuiTableRow-root"
          role={null}
        >
          <td
            aria-sort={null}
            className="MuiTableCell-root MuiTableCell-body MuiTableCell-sizeMedium css-1ex1afd-MuiTableCell-root"
          >
            SAT
          </td>
          <td
            aria-sort={null}
            className="MuiTableCell-root MuiTableCell-body MuiTableCell-sizeMedium border-right css-1ex1afd-MuiTableCell-root"
          >
            APR 17TH
          </td>
          <td
            aria-sort={null}
            className="MuiTableCell-root MuiTableCell-body MuiTableCell-sizeMedium css-1ex1afd-MuiTableCell-root"
          >
            <i
              className="wi weather-icon wi-day-sunny day-sunny "
              title="Clear conditions throughout the day."
            />
          </td>
          <td
            aria-sort={null}
            className="MuiTableCell-root MuiTableCell-body MuiTableCell-sizeMedium border-right css-1ex1afd-MuiTableCell-root"
          >
            Clear day
          </td>
          <td
            aria-sort={null}
            className="MuiTableCell-root MuiTableCell-body MuiTableCell-sizeMedium border-right css-1ex1afd-MuiTableCell-root"
          >
            46° / 77°
          </td>
          <td
            aria-sort={null}
            className="MuiTableCell-root MuiTableCell-body MuiTableCell-sizeMedium align-right css-1ex1afd-MuiTableCell-root"
          >
            0%
          </td>
          <td
            aria-sort={null}
            className="MuiTableCell-root MuiTableCell-body MuiTableCell-sizeMedium align-right border-right css-1ex1afd-MuiTableCell-root"
          >
            0"
          </td>
          <td
            aria-sort={null}
            className="MuiTableCell-root MuiTableCell-body MuiTableCell-sizeMedium align-right css-1ex1afd-MuiTableCell-root"
          >
            1.2%       
          </td>
        </tr>
        <tr
          className="MuiTableRow-root  weekend  css-1q1u3t4-MuiTableRow-root"
          role={null}
        >
          <td
            aria-sort={null}
            className="MuiTableCell-root MuiTableCell-body MuiTableCell-sizeMedium css-1ex1afd-MuiTableCell-root"
          >
            SUN
          </td>
          <td
            aria-sort={null}
            className="MuiTableCell-root MuiTableCell-body MuiTableCell-sizeMedium border-right css-1ex1afd-MuiTableCell-root"
          >
            APR 18TH
          </td>
          <td
            aria-sort={null}
            className="MuiTableCell-root MuiTableCell-body MuiTableCell-sizeMedium css-1ex1afd-MuiTableCell-root"
          >
            <i
              className="wi weather-icon wi-day-sunny day-sunny "
              title="Clear conditions throughout the day."
            />
          </td>
          <td
            aria-sort={null}
            className="MuiTableCell-root MuiTableCell-body MuiTableCell-sizeMedium border-right css-1ex1afd-MuiTableCell-root"
          >
            Clear day
          </td>
          <td
            aria-sort={null}
            className="MuiTableCell-root MuiTableCell-body MuiTableCell-sizeMedium border-right css-1ex1afd-MuiTableCell-root"
          >
            49° / 76°
          </td>
          <td
            aria-sort={null}
            className="MuiTableCell-root MuiTableCell-body MuiTableCell-sizeMedium align-right css-1ex1afd-MuiTableCell-root"
          >
            0%
          </td>
          <td
            aria-sort={null}
            className="MuiTableCell-root MuiTableCell-body MuiTableCell-sizeMedium align-right border-right css-1ex1afd-MuiTableCell-root"
          >
            0"
          </td>
          <td
            aria-sort={null}
            className="MuiTableCell-root MuiTableCell-body MuiTableCell-sizeMedium align-right css-1ex1afd-MuiTableCell-root"
          >
            12.8%       
          </td>
        </tr>
        <tr
          className="MuiTableRow-root   css-1q1u3t4-MuiTableRow-root"
          role={null}
        >
          <td
            aria-sort={null}
            className="MuiTableCell-root MuiTableCell-body MuiTableCell-sizeMedium css-1ex1afd-MuiTableCell-root"
          >
            MON
          </td>
          <td
            aria-sort={null}
            className="MuiTableCell-root MuiTableCell-body MuiTableCell-sizeMedium border-right css-1ex1afd-MuiTableCell-root"
          >
            APR 19TH
          </td>
          <td
            aria-sort={null}
            className="MuiTableCell-root MuiTableCell-body MuiTableCell-sizeMedium css-1ex1afd-MuiTableCell-root"
          >
            <i
              className="wi weather-icon wi-day-sunny day-sunny "
              title="Clear conditions throughout the day."
            />
          </td>
          <td
            aria-sort={null}
            className="MuiTableCell-root MuiTableCell-body MuiTableCell-sizeMedium border-right css-1ex1afd-MuiTableCell-root"
          >
            Clear day
          </td>
          <td
            aria-sort={null}
            className="MuiTableCell-root MuiTableCell-body MuiTableCell-sizeMedium border-right css-1ex1afd-MuiTableCell-root"
          >
            48° / 70°
          </td>
          <td
            aria-sort={null}
            className="MuiTableCell-root MuiTableCell-body MuiTableCell-sizeMedium align-right css-1ex1afd-MuiTableCell-root"
          >
            5%
          </td>
          <td
            aria-sort={null}
            className="MuiTableCell-root MuiTableCell-body MuiTableCell-sizeMedium align-right border-right css-1ex1afd-MuiTableCell-root"
          >
            0"
          </td>
          <td
            aria-sort={null}
            className="MuiTableCell-root MuiTableCell-body MuiTableCell-sizeMedium align-right css-1ex1afd-MuiTableCell-root"
          >
            16.4%       
          </td>
        </tr>
        <tr
          className="MuiTableRow-root   css-1q1u3t4-MuiTableRow-root"
          role={null}
        >
          <td
            aria-sort={null}
            className="MuiTableCell-root MuiTableCell-body MuiTableCell-sizeMedium css-1ex1afd-MuiTableCell-root"
          >
            TUE
          </td>
          <td
            aria-sort={null}
            className="MuiTableCell-root MuiTableCell-body MuiTableCell-sizeMedium border-right css-1ex1afd-MuiTableCell-root"
          >
            APR 20TH
          </td>
          <td
            aria-sort={null}
            className="MuiTableCell-root MuiTableCell-body MuiTableCell-sizeMedium css-1ex1afd-MuiTableCell-root"
          >
            <i
              className="wi weather-icon wi-rain rain "
              title="Partly cloudy throughout the day with rain in the morning and afternoon."
            />
          </td>
          <td
            aria-sort={null}
            className="MuiTableCell-root MuiTableCell-body MuiTableCell-sizeMedium border-right css-1ex1afd-MuiTableCell-root"
          >
            Rain
          </td>
          <td
            aria-sort={null}
            className="MuiTableCell-root MuiTableCell-body MuiTableCell-sizeMedium border-right css-1ex1afd-MuiTableCell-root"
          >
            46° / 66°
          </td>
          <td
            aria-sort={null}
            className="MuiTableCell-root MuiTableCell-body MuiTableCell-sizeMedium align-right css-1ex1afd-MuiTableCell-root"
          >
            52%
          </td>
          <td
            aria-sort={null}
            className="MuiTableCell-root MuiTableCell-body MuiTableCell-sizeMedium align-right border-right css-1ex1afd-MuiTableCell-root"
          >
            0"
          </td>
          <td
            aria-sort={null}
            className="MuiTableCell-root MuiTableCell-body MuiTableCell-sizeMedium align-right css-1ex1afd-MuiTableCell-root"
          >
            31.8%       
          </td>
        </tr>
        <tr
          className="MuiTableRow-root   css-1q1u3t4-MuiTableRow-root"
          role={null}
        >
          <td
            aria-sort={null}
            className="MuiTableCell-root MuiTableCell-body MuiTableCell-sizeMedium css-1ex1afd-MuiTableCell-root"
          >
            WED
          </td>
          <td
            aria-sort={null}
            className="MuiTableCell-root MuiTableCell-body MuiTableCell-sizeMedium border-right css-1ex1afd-MuiTableCell-root"
          >
            APR 21ST
          </td>
          <td
            aria-sort={null}
            className="MuiTableCell-root MuiTableCell-body MuiTableCell-sizeMedium css-1ex1afd-MuiTableCell-root"
          >
            <i
              className="wi weather-icon wi-day-cloudy day-cloudy "
              title="Partly cloudy throughout the day."
            />
          </td>
          <td
            aria-sort={null}
            className="MuiTableCell-root MuiTableCell-body MuiTableCell-sizeMedium border-right css-1ex1afd-MuiTableCell-root"
          >
            Partly cloudy day
          </td>
          <td
            aria-sort={null}
            className="MuiTableCell-root MuiTableCell-body MuiTableCell-sizeMedium border-right css-1ex1afd-MuiTableCell-root"
          >
            45° / 65°
          </td>
          <td
            aria-sort={null}
            className="MuiTableCell-root MuiTableCell-body MuiTableCell-sizeMedium align-right css-1ex1afd-MuiTableCell-root"
          >
            10%
          </td>
          <td
            aria-sort={null}
            className="MuiTableCell-root MuiTableCell-body MuiTableCell-sizeMedium align-right border-right css-1ex1afd-MuiTableCell-root"
          >
            0"
          </td>
          <td
            aria-sort={null}
            className="MuiTableCell-root MuiTableCell-body MuiTableCell-sizeMedium align-right css-1ex1afd-MuiTableCell-root"
          >
            32%       
          </td>
        </tr>
        <tr
          className="MuiTableRow-root   css-1q1u3t4-MuiTableRow-root"
          role={null}
        >
          <td
            aria-sort={null}
            className="MuiTableCell-root MuiTableCell-body MuiTableCell-sizeMedium css-1ex1afd-MuiTableCell-root"
          >
            THU
          </td>
          <td
            aria-sort={null}
            className="MuiTableCell-root MuiTableCell-body MuiTableCell-sizeMedium border-right css-1ex1afd-MuiTableCell-root"
          >
            APR 22ND
          </td>
          <td
            aria-sort={null}
            className="MuiTableCell-root MuiTableCell-body MuiTableCell-sizeMedium css-1ex1afd-MuiTableCell-root"
          >
            <i
              className="wi weather-icon wi-rain rain "
              title="Partly cloudy throughout the day with a chance of rain."
            />
          </td>
          <td
            aria-sort={null}
            className="MuiTableCell-root MuiTableCell-body MuiTableCell-sizeMedium border-right css-1ex1afd-MuiTableCell-root"
          >
            Rain
          </td>
          <td
            aria-sort={null}
            className="MuiTableCell-root MuiTableCell-body MuiTableCell-sizeMedium border-right css-1ex1afd-MuiTableCell-root"
          >
            44° / 61°
          </td>
          <td
            aria-sort={null}
            className="MuiTableCell-root MuiTableCell-body MuiTableCell-sizeMedium align-right css-1ex1afd-MuiTableCell-root"
          >
            52%
          </td>
          <td
            aria-sort={null}
            className="MuiTableCell-root MuiTableCell-body MuiTableCell-sizeMedium align-right border-right css-1ex1afd-MuiTableCell-root"
          >
            0"
          </td>
          <td
            aria-sort={null}
            className="MuiTableCell-root MuiTableCell-body MuiTableCell-sizeMedium align-right css-1ex1afd-MuiTableCell-root"
          >
            50.8%       
          </td>
        </tr>
        <tr
          className="MuiTableRow-root   css-1q1u3t4-MuiTableRow-root"
          role={null}
        >
          <td
            aria-sort={null}
            className="MuiTableCell-root MuiTableCell-body MuiTableCell-sizeMedium css-1ex1afd-MuiTableCell-root"
          >
            FRI
          </td>
          <td
            aria-sort={null}
            className="MuiTableCell-root MuiTableCell-body MuiTableCell-sizeMedium border-right css-1ex1afd-MuiTableCell-root"
          >
            APR 23RD
          </td>
          <td
            aria-sort={null}
            className="MuiTableCell-root MuiTableCell-body MuiTableCell-sizeMedium css-1ex1afd-MuiTableCell-root"
          >
            <i
              className="wi weather-icon wi-rain rain "
              title="Partly cloudy throughout the day with rain."
            />
          </td>
          <td
            aria-sort={null}
            className="MuiTableCell-root MuiTableCell-body MuiTableCell-sizeMedium border-right css-1ex1afd-MuiTableCell-root"
          >
            Rain
          </td>
          <td
            aria-sort={null}
            className="MuiTableCell-root MuiTableCell-body MuiTableCell-sizeMedium border-right css-1ex1afd-MuiTableCell-root"
          >
            46° / 60°
          </td>
          <td
            aria-sort={null}
            className="MuiTableCell-root MuiTableCell-body MuiTableCell-sizeMedium align-right css-1ex1afd-MuiTableCell-root"
          >
            100%
          </td>
          <td
            aria-sort={null}
            className="MuiTableCell-root MuiTableCell-body MuiTableCell-sizeMedium align-right border-right css-1ex1afd-MuiTableCell-root"
          >
            0"
          </td>
          <td
            aria-sort={null}
            className="MuiTableCell-root MuiTableCell-body MuiTableCell-sizeMedium align-right css-1ex1afd-MuiTableCell-root"
          >
            76.2%       
          </td>
        </tr>
        <tr
          className="MuiTableRow-root  weekend  css-1q1u3t4-MuiTableRow-root"
          role={null}
        >
          <td
            aria-sort={null}
            className="MuiTableCell-root MuiTableCell-body MuiTableCell-sizeMedium css-1ex1afd-MuiTableCell-root"
          >
            SAT
          </td>
          <td
            aria-sort={null}
            className="MuiTableCell-root MuiTableCell-body MuiTableCell-sizeMedium border-right css-1ex1afd-MuiTableCell-root"
          >
            APR 24TH
          </td>
          <td
            aria-sort={null}
            className="MuiTableCell-root MuiTableCell-body MuiTableCell-sizeMedium css-1ex1afd-MuiTableCell-root"
          >
            <i
              className="wi weather-icon wi-rain rain "
              title="Cloudy skies throughout the day with rain."
            />
          </td>
          <td
            aria-sort={null}
            className="MuiTableCell-root MuiTableCell-body MuiTableCell-sizeMedium border-right css-1ex1afd-MuiTableCell-root"
          >
            Rain
          </td>
          <td
            aria-sort={null}
            className="MuiTableCell-root MuiTableCell-body MuiTableCell-sizeMedium border-right css-1ex1afd-MuiTableCell-root"
          >
            49° / 65°
          </td>
          <td
            aria-sort={null}
            className="MuiTableCell-root MuiTableCell-body MuiTableCell-sizeMedium align-right css-1ex1afd-MuiTableCell-root"
          >
            95%
          </td>
          <td
            aria-sort={null}
            className="MuiTableCell-root MuiTableCell-body MuiTableCell-sizeMedium align-right border-right css-1ex1afd-MuiTableCell-root"
          >
            0"
          </td>
          <td
            aria-sort={null}
            className="MuiTableCell-root MuiTableCell-body MuiTableCell-sizeMedium align-right css-1ex1afd-MuiTableCell-root"
          >
            100%       
          </td>
        </tr>
        <tr
          className="MuiTableRow-root  weekend  css-1q1u3t4-MuiTableRow-root"
          role={null}
        >
          <td
            aria-sort={null}
            className="MuiTableCell-root MuiTableCell-body MuiTableCell-sizeMedium css-1ex1afd-MuiTableCell-root"
          >
            SUN
          </td>
          <td
            aria-sort={null}
            className="MuiTableCell-root MuiTableCell-body MuiTableCell-sizeMedium border-right css-1ex1afd-MuiTableCell-root"
          >
            APR 25TH
          </td>
          <td
            aria-sort={null}
            className="MuiTableCell-root MuiTableCell-body MuiTableCell-sizeMedium css-1ex1afd-MuiTableCell-root"
          >
            <i
              className="wi weather-icon wi-rain rain "
              title="Cloudy skies throughout the day with a chance of rain."
            />
          </td>
          <td
            aria-sort={null}
            className="MuiTableCell-root MuiTableCell-body MuiTableCell-sizeMedium border-right css-1ex1afd-MuiTableCell-root"
          >
            Rain
          </td>
          <td
            aria-sort={null}
            className="MuiTableCell-root MuiTableCell-body MuiTableCell-sizeMedium border-right css-1ex1afd-MuiTableCell-root"
          >
            48° / 58°
          </td>
          <td
            aria-sort={null}
            className="MuiTableCell-root MuiTableCell-body MuiTableCell-sizeMedium align-right css-1ex1afd-MuiTableCell-root"
          >
            86%
          </td>
          <td
            aria-sort={null}
            className="MuiTableCell-root MuiTableCell-body MuiTableCell-sizeMedium align-right border-right css-1ex1afd-MuiTableCell-root"
          >
            0"
          </td>
          <td
            aria-sort={null}
            className="MuiTableCell-root MuiTableCell-body MuiTableCell-sizeMedium align-right css-1ex1afd-MuiTableCell-root"
          >
            100%       
          </td>
        </tr>
        <tr
          className="MuiTableRow-root   css-1q1u3t4-MuiTableRow-root"
          role={null}
        >
          <td
            aria-sort={null}
            className="MuiTableCell-root MuiTableCell-body MuiTableCell-sizeMedium css-1ex1afd-MuiTableCell-root"
          >
            MON
          </td>
          <td
            aria-sort={null}
            className="MuiTableCell-root MuiTableCell-body MuiTableCell-sizeMedium border-right css-1ex1afd-MuiTableCell-root"
          >
            APR 26TH
          </td>
          <td
            aria-sort={null}
            className="MuiTableCell-root MuiTableCell-body MuiTableCell-sizeMedium css-1ex1afd-MuiTableCell-root"
          >
            <i
              className="wi weather-icon wi-rain rain "
              title="Cloudy skies throughout the day with a chance of rain."
            />
          </td>
          <td
            aria-sort={null}
            className="MuiTableCell-root MuiTableCell-body MuiTableCell-sizeMedium border-right css-1ex1afd-MuiTableCell-root"
          >
            Rain
          </td>
          <td
            aria-sort={null}
            className="MuiTableCell-root MuiTableCell-body MuiTableCell-sizeMedium border-right css-1ex1afd-MuiTableCell-root"
          >
            45° / 56°
          </td>
          <td
            aria-sort={null}
            className="MuiTableCell-root MuiTableCell-body MuiTableCell-sizeMedium align-right css-1ex1afd-MuiTableCell-root"
          >
            62%
          </td>
          <td
            aria-sort={null}
            className="MuiTableCell-root MuiTableCell-body MuiTableCell-sizeMedium align-right border-right css-1ex1afd-MuiTableCell-root"
          >
            0"
          </td>
          <td
            aria-sort={null}
            className="MuiTableCell-root MuiTableCell-body MuiTableCell-sizeMedium align-right css-1ex1afd-MuiTableCell-root"
          >
            93.1%       
          </td>
        </tr>
        <tr
          className="MuiTableRow-root   css-1q1u3t4-MuiTableRow-root"
          role={null}
        >
          <td
            aria-sort={null}
            className="MuiTableCell-root MuiTableCell-body MuiTableCell-sizeMedium css-1ex1afd-MuiTableCell-root"
          >
            TUE
          </td>
          <td
            aria-sort={null}
            className="MuiTableCell-root MuiTableCell-body MuiTableCell-sizeMedium border-right css-1ex1afd-MuiTableCell-root"
          >
            APR 27TH
          </td>
          <td
            aria-sort={null}
            className="MuiTableCell-root MuiTableCell-body MuiTableCell-sizeMedium css-1ex1afd-MuiTableCell-root"
          >
            <i
              className="wi weather-icon wi-rain rain "
              title="Partly cloudy throughout the day with a chance of rain."
            />
          </td>
          <td
            aria-sort={null}
            className="MuiTableCell-root MuiTableCell-body MuiTableCell-sizeMedium border-right css-1ex1afd-MuiTableCell-root"
          >
            Rain
          </td>
          <td
            aria-sort={null}
            className="MuiTableCell-root MuiTableCell-body MuiTableCell-sizeMedium border-right css-1ex1afd-MuiTableCell-root"
          >
            41° / 60°
          </td>
          <td
            aria-sort={null}
            className="MuiTableCell-root MuiTableCell-body MuiTableCell-sizeMedium align-right css-1ex1afd-MuiTableCell-root"
          >
            52%
          </td>
          <td
            aria-sort={null}
            className="MuiTableCell-root MuiTableCell-body MuiTableCell-sizeMedium align-right border-right css-1ex1afd-MuiTableCell-root"
          >
            0"
          </td>
          <td
            aria-sort={null}
            className="MuiTableCell-root MuiTableCell-body MuiTableCell-sizeMedium align-right css-1ex1afd-MuiTableCell-root"
          >
            80.7%       
          </td>
        </tr>
        <tr
          className="MuiTableRow-root   css-1q1u3t4-MuiTableRow-root"
          role={null}
        >
          <td
            aria-sort={null}
            className="MuiTableCell-root MuiTableCell-body MuiTableCell-sizeMedium css-1ex1afd-MuiTableCell-root"
          >
            WED
          </td>
          <td
            aria-sort={null}
            className="MuiTableCell-root MuiTableCell-body MuiTableCell-sizeMedium border-right css-1ex1afd-MuiTableCell-root"
          >
            APR 28TH
          </td>
          <td
            aria-sort={null}
            className="MuiTableCell-root MuiTableCell-body MuiTableCell-sizeMedium css-1ex1afd-MuiTableCell-root"
          >
            <i
              className="wi weather-icon wi-rain rain "
              title="Cloudy skies throughout the day with rain in the morning and afternoon."
            />
          </td>
          <td
            aria-sort={null}
            className="MuiTableCell-root MuiTableCell-body MuiTableCell-sizeMedium border-right css-1ex1afd-MuiTableCell-root"
          >
            Rain
          </td>
          <td
            aria-sort={null}
            className="MuiTableCell-root MuiTableCell-body MuiTableCell-sizeMedium border-right css-1ex1afd-MuiTableCell-root"
          >
            47° / 52°
          </td>
          <td
            aria-sort={null}
            className="MuiTableCell-root MuiTableCell-body MuiTableCell-sizeMedium align-right css-1ex1afd-MuiTableCell-root"
          >
            52%
          </td>
          <td
            aria-sort={null}
            className="MuiTableCell-root MuiTableCell-body MuiTableCell-sizeMedium align-right border-right css-1ex1afd-MuiTableCell-root"
          >
            0"
          </td>
          <td
            aria-sort={null}
            className="MuiTableCell-root MuiTableCell-body MuiTableCell-sizeMedium align-right css-1ex1afd-MuiTableCell-root"
          >
            99.9%       
          </td>
        </tr>
        <tr
          className="MuiTableRow-root   css-1q1u3t4-MuiTableRow-root"
          role={null}
        >
          <td
            aria-sort={null}
            className="MuiTableCell-root MuiTableCell-body MuiTableCell-sizeMedium css-1ex1afd-MuiTableCell-root"
          >
            THU
          </td>
          <td
            aria-sort={null}
            className="MuiTableCell-root MuiTableCell-body MuiTableCell-sizeMedium border-right css-1ex1afd-MuiTableCell-root"
          >
            APR 29TH
          </td>
          <td
            aria-sort={null}
            className="MuiTableCell-root MuiTableCell-body MuiTableCell-sizeMedium css-1ex1afd-MuiTableCell-root"
          >
            <i
              className="wi weather-icon wi-cloudy cloudy sunshine-50"
              title="Partly cloudy throughout the day."
            />
          </td>
          <td
            aria-sort={null}
            className="MuiTableCell-root MuiTableCell-body MuiTableCell-sizeMedium border-right css-1ex1afd-MuiTableCell-root"
          >
            Partly cloudy day
          </td>
          <td
            aria-sort={null}
            className="MuiTableCell-root MuiTableCell-body MuiTableCell-sizeMedium border-right css-1ex1afd-MuiTableCell-root"
          >
            49° / 64°
          </td>
          <td
            aria-sort={null}
            className="MuiTableCell-root MuiTableCell-body MuiTableCell-sizeMedium align-right css-1ex1afd-MuiTableCell-root"
          >
            33%
          </td>
          <td
            aria-sort={null}
            className="MuiTableCell-root MuiTableCell-body MuiTableCell-sizeMedium align-right border-right css-1ex1afd-MuiTableCell-root"
          >
            0"
          </td>
          <td
            aria-sort={null}
            className="MuiTableCell-root MuiTableCell-body MuiTableCell-sizeMedium align-right css-1ex1afd-MuiTableCell-root"
          >
            87.5%       
          </td>
        </tr>
        <tr
          className="MuiTableRow-root   css-1q1u3t4-MuiTableRow-root"
          role={null}
        >
          <td
            aria-sort={null}
            className="MuiTableCell-root MuiTableCell-body MuiTableCell-sizeMedium css-1ex1afd-MuiTableCell-root"
          >
            FRI
          </td>
          <td
            aria-sort={null}
            className="MuiTableCell-root MuiTableCell-body MuiTableCell-sizeMedium border-right css-1ex1afd-MuiTableCell-root"
          >
            APR 30TH
          </td>
          <td
            aria-sort={null}
            className="MuiTableCell-root MuiTableCell-body MuiTableCell-sizeMedium css-1ex1afd-MuiTableCell-root"
          >
            <i
              className="wi weather-icon wi-cloudy cloudy sunshine-50"
              title="Cloudy skies throughout the day."
            />
          </td>
          <td
            aria-sort={null}
            className="MuiTableCell-root MuiTableCell-body MuiTableCell-sizeMedium border-right css-1ex1afd-MuiTableCell-root"
          >
            Cloudy
          </td>
          <td
            aria-sort={null}
            className="MuiTableCell-root MuiTableCell-body MuiTableCell-sizeMedium border-right css-1ex1afd-MuiTableCell-root"
          >
            50° / 58°
          </td>
          <td
            aria-sort={null}
            className="MuiTableCell-root MuiTableCell-body MuiTableCell-sizeMedium align-right css-1ex1afd-MuiTableCell-root"
          >
            38%
          </td>
          <td
            aria-sort={null}
            className="MuiTableCell-root MuiTableCell-body MuiTableCell-sizeMedium align-right border-right css-1ex1afd-MuiTableCell-root"
          >
            1"
          </td>
          <td
            aria-sort={null}
            className="MuiTableCell-root MuiTableCell-body MuiTableCell-sizeMedium align-right css-1ex1afd-MuiTableCell-root"
          >
            93.4%       
          </td>
        </tr>
        <tr
          className="MuiTableRow-root  weekend  css-1q1u3t4-MuiTableRow-root"
          role={null}
        >
          <td
            aria-sort={null}
            className="MuiTableCell-root MuiTableCell-body MuiTableCell-sizeMedium css-1ex1afd-MuiTableCell-root"
          >
            SAT
          </td>
          <td
            aria-sort={null}
            className="MuiTableCell-root MuiTableCell-body MuiTableCell-sizeMedium border-right css-1ex1afd-MuiTableCell-root"
          >
            MAY 1ST
          </td>
          <td
            aria-sort={null}
            className="MuiTableCell-root MuiTableCell-body MuiTableCell-sizeMedium css-1ex1afd-MuiTableCell-root"
          >
            <i
              className="wi weather-icon wi-cloudy cloudy sunshine-10"
              title="Clearing in the afternoon."
            />
          </td>
          <td
            aria-sort={null}
            className="MuiTableCell-root MuiTableCell-body MuiTableCell-sizeMedium border-right css-1ex1afd-MuiTableCell-root"
          >
            Partly cloudy day
          </td>
          <td
            aria-sort={null}
            className="MuiTableCell-root MuiTableCell-body MuiTableCell-sizeMedium border-right css-1ex1afd-MuiTableCell-root"
          >
            44° / 55°
          </td>
          <td
            aria-sort={null}
            className="MuiTableCell-root MuiTableCell-body MuiTableCell-sizeMedium align-right css-1ex1afd-MuiTableCell-root"
          >
            33%
          </td>
          <td
            aria-sort={null}
            className="MuiTableCell-root MuiTableCell-body MuiTableCell-sizeMedium align-right border-right css-1ex1afd-MuiTableCell-root"
          >
            1"
          </td>
          <td
            aria-sort={null}
            className="MuiTableCell-root MuiTableCell-body MuiTableCell-sizeMedium align-right css-1ex1afd-MuiTableCell-root"
          >
            53.1%       
          </td>
        </tr>
      </tbody>
    </table>
  </div>,
]
`;
