// Jest Snapshot v1, https://goo.gl/fbAQLP

exports[`renders a snapshot 1`] = `
<div
  className="StyledGrid-sc-1wofa1l-0 krzHvB"
>
  <div
    className="StyledBox-sc-13pk1d4-0 fipyvy"
  >
    <button
      className="StyledButton-sc-323bzc-0 iqZbKa"
      onBlur={[Function]}
      onClick={[Function]}
      onFocus={[Function]}
      onMouseOut={[Function]}
      onMouseOver={[Function]}
      type="button"
    >
      <span
        className="StyledText-sc-1sadyjn-0 oDQrS"
      >
        Menu
      </span>
    </button>
    <span
      className="StyledText-sc-1sadyjn-0 hpCRgD"
    >
      my@email
    </span>
  </div>
  <div
    className="StyledBox-sc-13pk1d4-0 ypwz"
  >
    <a
      className="StyledButton-sc-323bzc-0 jAykKq"
      href="/forecasts/mock"
      onBlur={[Function]}
      onFocus={[Function]}
      onMouseOut={[Function]}
      onMouseOver={[Function]}
    >
      <div
        className="StyledBox-sc-13pk1d4-0 Bdedn"
      >
        <span
          className="StyledText-sc-1sadyjn-0 hpCRgD"
        >
          M
        </span>
      </div>
    </a>
    <a
      className="StyledButton-sc-323bzc-0 jAykKq"
      href="/forecasts/real"
      onBlur={[Function]}
      onFocus={[Function]}
      onMouseOut={[Function]}
      onMouseOver={[Function]}
    >
      <div
        className="StyledBox-sc-13pk1d4-0 Bdedn"
      >
        <span
          className="StyledText-sc-1sadyjn-0 hpCRgD"
        >
          R
        </span>
      </div>
    </a>
  </div>
  <div
    className="StyledBox-sc-13pk1d4-0 GqCLD"
  >
    <span
      className="StyledText-sc-1sadyjn-0 hpCRgD"
    >
      main
    </span>
  </div>
</div>
`;
